Archive member included to satisfy reference by file (symbol)

c:/program files (x86)/gnu tools arm embedded/7 2017-q4-major/bin/../lib/gcc/arm-none-eabi/7.2.1/../../../../arm-none-eabi/lib/thumb/v7-m\libm.a(lib_a-s_cos.o)
                              ..\obj\motion_control.o (cos)
c:/program files (x86)/gnu tools arm embedded/7 2017-q4-major/bin/../lib/gcc/arm-none-eabi/7.2.1/../../../../arm-none-eabi/lib/thumb/v7-m\libm.a(lib_a-s_lround.o)
                              ..\obj\planner.o (lround)
c:/program files (x86)/gnu tools arm embedded/7 2017-q4-major/bin/../lib/gcc/arm-none-eabi/7.2.1/../../../../arm-none-eabi/lib/thumb/v7-m\libm.a(lib_a-s_sin.o)
                              ..\obj\motion_control.o (sin)
c:/program files (x86)/gnu tools arm embedded/7 2017-q4-major/bin/../lib/gcc/arm-none-eabi/7.2.1/../../../../arm-none-eabi/lib/thumb/v7-m\libm.a(lib_a-sf_ceil.o)
                              ..\obj\stepper.o (ceilf)
c:/program files (x86)/gnu tools arm embedded/7 2017-q4-major/bin/../lib/gcc/arm-none-eabi/7.2.1/../../../../arm-none-eabi/lib/thumb/v7-m\libm.a(lib_a-sf_floor.o)
                              ..\obj\motion_control.o (floorf)
c:/program files (x86)/gnu tools arm embedded/7 2017-q4-major/bin/../lib/gcc/arm-none-eabi/7.2.1/../../../../arm-none-eabi/lib/thumb/v7-m\libm.a(lib_a-sf_lround.o)
                              ..\obj\gcode.o (lroundf)
c:/program files (x86)/gnu tools arm embedded/7 2017-q4-major/bin/../lib/gcc/arm-none-eabi/7.2.1/../../../../arm-none-eabi/lib/thumb/v7-m\libm.a(lib_a-sf_trunc.o)
                              ..\obj\gcode.o (truncf)
c:/program files (x86)/gnu tools arm embedded/7 2017-q4-major/bin/../lib/gcc/arm-none-eabi/7.2.1/../../../../arm-none-eabi/lib/thumb/v7-m\libm.a(lib_a-w_atan2.o)
                              ..\obj\motion_control.o (atan2)
c:/program files (x86)/gnu tools arm embedded/7 2017-q4-major/bin/../lib/gcc/arm-none-eabi/7.2.1/../../../../arm-none-eabi/lib/thumb/v7-m\libm.a(lib_a-w_sqrt.o)
                              ..\obj\stepper.o (sqrt)
c:/program files (x86)/gnu tools arm embedded/7 2017-q4-major/bin/../lib/gcc/arm-none-eabi/7.2.1/../../../../arm-none-eabi/lib/thumb/v7-m\libm.a(lib_a-wf_sqrt.o)
                              ..\obj\nuts_bolts.o (sqrtf)
c:/program files (x86)/gnu tools arm embedded/7 2017-q4-major/bin/../lib/gcc/arm-none-eabi/7.2.1/../../../../arm-none-eabi/lib/thumb/v7-m\libm.a(lib_a-e_atan2.o)
                              c:/program files (x86)/gnu tools arm embedded/7 2017-q4-major/bin/../lib/gcc/arm-none-eabi/7.2.1/../../../../arm-none-eabi/lib/thumb/v7-m\libm.a(lib_a-w_atan2.o) (__ieee754_atan2)
c:/program files (x86)/gnu tools arm embedded/7 2017-q4-major/bin/../lib/gcc/arm-none-eabi/7.2.1/../../../../arm-none-eabi/lib/thumb/v7-m\libm.a(lib_a-e_rem_pio2.o)
                              c:/program files (x86)/gnu tools arm embedded/7 2017-q4-major/bin/../lib/gcc/arm-none-eabi/7.2.1/../../../../arm-none-eabi/lib/thumb/v7-m\libm.a(lib_a-s_cos.o) (__ieee754_rem_pio2)
c:/program files (x86)/gnu tools arm embedded/7 2017-q4-major/bin/../lib/gcc/arm-none-eabi/7.2.1/../../../../arm-none-eabi/lib/thumb/v7-m\libm.a(lib_a-e_sqrt.o)
                              c:/program files (x86)/gnu tools arm embedded/7 2017-q4-major/bin/../lib/gcc/arm-none-eabi/7.2.1/../../../../arm-none-eabi/lib/thumb/v7-m\libm.a(lib_a-w_sqrt.o) (__ieee754_sqrt)
c:/program files (x86)/gnu tools arm embedded/7 2017-q4-major/bin/../lib/gcc/arm-none-eabi/7.2.1/../../../../arm-none-eabi/lib/thumb/v7-m\libm.a(lib_a-ef_sqrt.o)
                              c:/program files (x86)/gnu tools arm embedded/7 2017-q4-major/bin/../lib/gcc/arm-none-eabi/7.2.1/../../../../arm-none-eabi/lib/thumb/v7-m\libm.a(lib_a-wf_sqrt.o) (__ieee754_sqrtf)
c:/program files (x86)/gnu tools arm embedded/7 2017-q4-major/bin/../lib/gcc/arm-none-eabi/7.2.1/../../../../arm-none-eabi/lib/thumb/v7-m\libm.a(lib_a-k_cos.o)
                              c:/program files (x86)/gnu tools arm embedded/7 2017-q4-major/bin/../lib/gcc/arm-none-eabi/7.2.1/../../../../arm-none-eabi/lib/thumb/v7-m\libm.a(lib_a-s_cos.o) (__kernel_cos)
c:/program files (x86)/gnu tools arm embedded/7 2017-q4-major/bin/../lib/gcc/arm-none-eabi/7.2.1/../../../../arm-none-eabi/lib/thumb/v7-m\libm.a(lib_a-k_rem_pio2.o)
                              c:/program files (x86)/gnu tools arm embedded/7 2017-q4-major/bin/../lib/gcc/arm-none-eabi/7.2.1/../../../../arm-none-eabi/lib/thumb/v7-m\libm.a(lib_a-e_rem_pio2.o) (__kernel_rem_pio2)
c:/program files (x86)/gnu tools arm embedded/7 2017-q4-major/bin/../lib/gcc/arm-none-eabi/7.2.1/../../../../arm-none-eabi/lib/thumb/v7-m\libm.a(lib_a-k_sin.o)
                              c:/program files (x86)/gnu tools arm embedded/7 2017-q4-major/bin/../lib/gcc/arm-none-eabi/7.2.1/../../../../arm-none-eabi/lib/thumb/v7-m\libm.a(lib_a-s_cos.o) (__kernel_sin)
[...]
Memory Configuration

Name             Origin             Length             Attributes
rom              0x08000000         0x00020000         xr
ram              0x20000000         0x00005000         xrw
*default*        0x00000000         0xffffffff

Linker script and memory map

                0x20005000                _eram = 0x20005000

.text           0x08000000     0xaa30
 *(.isr_vector)
 .isr_vector    0x08000000      0x10c ..\obj\startup_stm32f10x_md.o
                0x08000000                g_pfnVectors
 *(.text*)
 .text.st_wake_up
                0x0800010c       0x74 ..\obj\stepper.o
                0x0800010c                st_wake_up
 .text.st_go_idle
                0x08000180       0x78 ..\obj\stepper.o
                0x08000180                st_go_idle
 .text.TIM2_IRQHandler
                0x080001f8      0x204 ..\obj\stepper.o
                0x080001f8                TIM2_IRQHandler
 .text.TIM3_IRQHandler
                0x080003fc       0x58 ..\obj\stepper.o
                0x080003fc                TIM3_IRQHandler
 .text.st_generate_step_dir_invert_masks
                0x08000454       0x70 ..\obj\stepper.o
                0x08000454                st_generate_step_dir_invert_masks
 .text.st_reset
                0x080004c4       0x88 ..\obj\stepper.o
                0x080004c4                st_reset
 .text.st_update_plan_block_parameters
                0x0800054c       0x30 ..\obj\stepper.o
                0x0800054c                st_update_plan_block_parameters
 .text.st_prep_buffer
                0x0800057c      0x7d4 ..\obj\stepper.o
                0x0800057c                st_prep_buffer
 .text.st_get_realtime_rate
                0x08000d50       0x1c ..\obj\stepper.o
                0x08000d50                st_get_realtime_rate
 .text.TIM_Configuration
                0x08000d6c       0x88 ..\obj\stepper.o
                0x08000d6c                TIM_Configuration
 .text.stepper_init
                0x08000df4       0xb0 ..\obj\stepper.o
                0x08000df4                stepper_init
 .text.NVIC_PriorityGroupConfig
                0x08000ea4       0x14 ..\obj\misc.o
                0x08000ea4                NVIC_PriorityGroupConfig
 .text.NVIC_Init
                0x08000eb8       0x58 ..\obj\misc.o
                0x08000eb8                NVIC_Init
 .text.jog_execute
                0x08000f10       0x5c ..\obj\jog.o
                0x08000f10                jog_execute
 .text.protocol_auto_cycle_start
                0x08000f6c       0x14 ..\obj\protocol.o
                0x08000f6c                protocol_auto_cycle_start
 .text.protocol_exec_rt_system
                0x08000f80      0x35c ..\obj\protocol.o
                0x08000f80                protocol_exec_rt_system
 .text.protocol_execute_realtime
                0x080012dc      0x1a8 ..\obj\protocol.o
                0x080012dc                protocol_execute_realtime
 .text.protocol_main_loop
                0x08001484      0x12c ..\obj\protocol.o
                0x08001484                protocol_main_loop
 .text.protocol_buffer_synchronize
                0x080015b0       0x24 ..\obj\protocol.o
                0x080015b0                protocol_buffer_synchronize
 .text.USB_SIL_Init
                0x080015d4       0x20 ..\obj\usb_sil.o
                0x080015d4                USB_SIL_Init
 .text.USB_SIL_Read
                0x080015f4       0x24 ..\obj\usb_sil.o
                0x080015f4                USB_SIL_Read
 .text.read_float
                0x08001618       0xe0 ..\obj\nuts_bolts.o
                0x08001618                read_float
 .text.delay_sec
                0x080016f8       0x44 ..\obj\nuts_bolts.o
                0x080016f8                delay_sec
 .text.delay_ms
                0x0800173c       0x1a ..\obj\nuts_bolts.o
                0x0800173c                delay_ms
 .text.hypot_f  0x08001756       0x2a ..\obj\nuts_bolts.o
                0x08001756                hypot_f
 .text.convert_delta_vector_to_unit_vector
                0x08001780       0x6c ..\obj\nuts_bolts.o
                0x08001780                convert_delta_vector_to_unit_vector
 .text.limit_value_by_axis_maximum
                0x080017ec       0x48 ..\obj\nuts_bolts.o
                0x080017ec                limit_value_by_axis_maximum
 .text.Default_Handler
                0x08001834        0x2 ..\obj\startup_stm32f10x_md.o
                0x08001834                EXTI2_IRQHandler
                0x08001834                TIM1_CC_IRQHandler
                0x08001834                SysTick_Handler
                0x08001834                PVD_IRQHandler
                0x08001834                EXTI3_IRQHandler
                0x08001834                EXTI0_IRQHandler
                0x08001834                I2C2_EV_IRQHandler
                0x08001834                ADC1_2_IRQHandler
                0x08001834                SPI1_IRQHandler
                0x08001834                TAMPER_IRQHandler
                0x08001834                DMA1_Channel4_IRQHandler
                0x08001834                USART3_IRQHandler
                0x08001834                RTC_IRQHandler
                0x08001834                DMA1_Channel7_IRQHandler
                0x08001834                CAN1_RX1_IRQHandler
                0x08001834                TIM4_IRQHandler
                0x08001834                I2C1_EV_IRQHandler
                0x08001834                DMA1_Channel6_IRQHandler
                0x08001834                RCC_IRQHandler
                0x08001834                TIM1_TRG_COM_IRQHandler
                0x08001834                DMA1_Channel1_IRQHandler
                0x08001834                SPI2_IRQHandler
                0x08001834                DMA1_Channel5_IRQHandler
                0x08001834                EXTI4_IRQHandler
                0x08001834                USB_HP_CAN1_TX_IRQHandler
                0x08001834                DMA1_Channel3_IRQHandler
                0x08001834                TIM1_UP_IRQHandler
                0x08001834                WWDG_IRQHandler
                0x08001834                TIM1_BRK_IRQHandler
                0x08001834                EXTI1_IRQHandler
                0x08001834                RTCAlarm_IRQHandler
                0x08001834                USART2_IRQHandler
                0x08001834                I2C2_ER_IRQHandler
                0x08001834                DMA1_Channel2_IRQHandler
                0x08001834                CAN1_SCE_IRQHandler
                0x08001834                FLASH_IRQHandler
                0x08001834                I2C1_ER_IRQHandler
                0x08001834                USBWakeUp_IRQHandler
 *fill*         0x08001836        0x2 
 .text.Default_Reset_Handler
                0x08001838       0x48 ..\obj\startup_stm32f10x_md.o
                0x08001838                Default_Reset_Handler
                0x08001838                Reset_Handler
 .text.GPIO_Init
                0x08001880       0xa6 ..\obj\stm32f10x_gpio.o
                0x08001880                GPIO_Init
 .text.GPIO_StructInit
                0x08001926       0x10 ..\obj\stm32f10x_gpio.o
                0x08001926                GPIO_StructInit
 .text.GPIO_ReadInputDataBit
                0x08001936        0xc ..\obj\stm32f10x_gpio.o
                0x08001936                GPIO_ReadInputDataBit
 .text.GPIO_ReadInputData
                0x08001942        0x6 ..\obj\stm32f10x_gpio.o
                0x08001942                GPIO_ReadInputData
 .text.GPIO_ReadOutputData
                0x08001948        0x6 ..\obj\stm32f10x_gpio.o
                0x08001948                GPIO_ReadOutputData
 .text.GPIO_ResetBits
                0x0800194e        0x4 ..\obj\stm32f10x_gpio.o
                0x0800194e                GPIO_ResetBits
 .text.GPIO_WriteBit
                0x08001952        0xa ..\obj\stm32f10x_gpio.o
                0x08001952                GPIO_WriteBit
 .text.GPIO_Write
                0x0800195c        0x4 ..\obj\stm32f10x_gpio.o
                0x0800195c                GPIO_Write
 .text.GPIO_PinLockConfig
                0x08001960       0x10 ..\obj\stm32f10x_gpio.o
                0x08001960                GPIO_PinLockConfig
 .text.GPIO_EXTILineConfig
                0x08001970       0x2a ..\obj\stm32f10x_gpio.o
                0x08001970                GPIO_EXTILineConfig
 *fill*         0x0800199a        0x2 
 .text.SystemInit
                0x0800199c       0xf0 ..\obj\system_stm32f10x.o
                0x0800199c                SystemInit
 .text.CTR_LP   0x08001a8c      0x180 ..\obj\usb_int.o
                0x08001a8c                CTR_LP
 .text.USART1_Configuration
                0x08001c0c       0xa0 ..\obj\main.o
                0x08001c0c                USART1_Configuration
 .text._delay_ms
                0x08001cac       0x28 ..\obj\main.o
                0x08001cac                _delay_ms
 .text.LedBlink
                0x08001cd4       0x28 ..\obj\main.o
                0x08001cd4                LedBlink
 .text.startup.main
                0x08001cfc      0x184 ..\obj\main.o
                0x08001cfc                main
 .text.PowerOn  0x08001e80       0x30 ..\obj\usb_pwr.o
                0x08001e80                PowerOn
 .text.RCC_HCLKConfig
                0x08001eb0       0x14 ..\obj\stm32f10x_rcc.o
                0x08001eb0                RCC_HCLKConfig
 .text.RCC_PCLK1Config
                0x08001ec4       0x14 ..\obj\stm32f10x_rcc.o
                0x08001ec4                RCC_PCLK1Config
 .text.RCC_PCLK2Config
                0x08001ed8       0x14 ..\obj\stm32f10x_rcc.o
                0x08001ed8                RCC_PCLK2Config
 .text.RCC_USBCLKConfig
                0x08001eec        0xc ..\obj\stm32f10x_rcc.o
                0x08001eec                RCC_USBCLKConfig
 .text.RCC_GetClocksFreq
                0x08001ef8       0x80 ..\obj\stm32f10x_rcc.o
                0x08001ef8                RCC_GetClocksFreq
 .text.RCC_APB2PeriphClockCmd
                0x08001f78       0x18 ..\obj\stm32f10x_rcc.o
                0x08001f78                RCC_APB2PeriphClockCmd
 .text.RCC_APB1PeriphClockCmd
                0x08001f90       0x18 ..\obj\stm32f10x_rcc.o
                0x08001f90                RCC_APB1PeriphClockCmd
 .text.gc_init  0x08001fa8       0x2c ..\obj\gcode.o
                0x08001fa8                gc_init
 .text.gc_sync_position
                0x08001fd4       0x10 ..\obj\gcode.o
                0x08001fd4                gc_sync_position
 .text.gc_execute_line
                0x08001fe4      0xf04 ..\obj\gcode.o
                0x08001fe4                gc_execute_line
 .text.eeprom_flush
                0x08002ee8       0x5c ..\obj\eeprom.o
                0x08002ee8                eeprom_flush
 .text.eeprom_init
                0x08002f44       0x40 ..\obj\eeprom.o
                0x08002f44                eeprom_init
 .text.eeprom_get_char
                0x08002f84        0xc ..\obj\eeprom.o
                0x08002f84                eeprom_get_char
 .text.eeprom_put_char
                0x08002f90        0xc ..\obj\eeprom.o
                0x08002f90                eeprom_put_char
 .text.memcpy_to_eeprom_with_checksum
                0x08002f9c       0x30 ..\obj\eeprom.o
                0x08002f9c                memcpy_to_eeprom_with_checksum
 .text.memcpy_from_eeprom_with_checksum
                0x08002fcc       0x30 ..\obj\eeprom.o
                0x08002fcc                memcpy_from_eeprom_with_checksum
 .text.Virtual_Com_Port_SetConfiguration
                0x08002ffc       0x18 ..\obj\usb_prop.o
                0x08002ffc                Virtual_Com_Port_SetConfiguration
 .text.Virtual_Com_Port_SetDeviceAddress
                0x08003014        0xc ..\obj\usb_prop.o
                0x08003014                Virtual_Com_Port_SetDeviceAddress
 .text.Virtual_Com_Port_Status_In
                0x08003020       0x14 ..\obj\usb_prop.o
                0x08003020                Virtual_Com_Port_Status_In
 .text.Virtual_Com_Port_Status_Out
                0x08003034        0x2 ..\obj\usb_prop.o
                0x08003034                Virtual_Com_Port_Status_Out
 *fill*         0x08003036        0x2 
 .text.Virtual_Com_Port_Data_Setup
                0x08003038       0x5c ..\obj\usb_prop.o
                0x08003038                Virtual_Com_Port_Data_Setup
 .text.Virtual_Com_Port_NoData_Setup
                0x08003094       0x30 ..\obj\usb_prop.o
                0x08003094                Virtual_Com_Port_NoData_Setup
 .text.Virtual_Com_Port_Get_Interface_Setting
                0x080030c4       0x10 ..\obj\usb_prop.o
                0x080030c4                Virtual_Com_Port_Get_Interface_Setting
 .text.Virtual_Com_Port_GetLineCoding
                0x080030d4       0x18 ..\obj\usb_prop.o
                0x080030d4                Virtual_Com_Port_GetLineCoding
 .text.Virtual_Com_Port_SetLineCoding
                0x080030ec        0x4 ..\obj\usb_prop.o
                0x080030ec                Virtual_Com_Port_SetLineCoding
 .text.Virtual_Com_Port_init
                0x080030f0       0x24 ..\obj\usb_prop.o
                0x080030f0                Virtual_Com_Port_init
 .text.Virtual_Com_Port_Reset
                0x08003114       0xe0 ..\obj\usb_prop.o
                0x08003114                Virtual_Com_Port_Reset
 .text.Virtual_Com_Port_GetDeviceDescriptor
                0x080031f4        0xc ..\obj\usb_prop.o
                0x080031f4                Virtual_Com_Port_GetDeviceDescriptor
 .text.Virtual_Com_Port_GetConfigDescriptor
                0x08003200        0xc ..\obj\usb_prop.o
                0x08003200                Virtual_Com_Port_GetConfigDescriptor
 .text.Virtual_Com_Port_GetStringDescriptor
                0x0800320c       0x20 ..\obj\usb_prop.o
                0x0800320c                Virtual_Com_Port_GetStringDescriptor
 .text.Virtual_Com_port_IsHostPortOpen
                0x0800322c       0x20 ..\obj\usb_prop.o
                0x0800322c                Virtual_Com_port_IsHostPortOpen
 .text.USB_Istr
                0x0800324c       0x70 ..\obj\usb_istr.o
                0x0800324c                USB_Istr
 .text.planner_recalculate
                0x080032bc      0x188 ..\obj\planner.o
 .text.plan_reset_buffer
                0x08003444       0x18 ..\obj\planner.o
                0x08003444                plan_reset_buffer
 .text.plan_reset
                0x0800345c       0x18 ..\obj\planner.o
                0x0800345c                plan_reset
 .text.plan_discard_current_block
                0x08003474       0x28 ..\obj\planner.o
                0x08003474                plan_discard_current_block
 .text.plan_get_system_motion_block
                0x0800349c       0x14 ..\obj\planner.o
                0x0800349c                plan_get_system_motion_block
 .text.plan_get_current_block
                0x080034b0       0x1c ..\obj\planner.o
                0x080034b0                plan_get_current_block
 .text.plan_get_exec_block_exit_speed_sqr
                0x080034cc       0x28 ..\obj\planner.o
                0x080034cc                plan_get_exec_block_exit_speed_sqr
 .text.plan_check_full_buffer
                0x080034f4       0x18 ..\obj\planner.o
                0x080034f4                plan_check_full_buffer
 .text.plan_compute_profile_nominal_speed
                0x0800350c       0x70 ..\obj\planner.o
                0x0800350c                plan_compute_profile_nominal_speed
 .text.plan_update_velocity_profile_parameters
                0x0800357c       0x7c ..\obj\planner.o
                0x0800357c                plan_update_velocity_profile_parameters
 .text.plan_buffer_line
                0x080035f8      0x2bc ..\obj\planner.o
                0x080035f8                plan_buffer_line
 .text.plan_sync_position
                0x080038b4       0x20 ..\obj\planner.o
                0x080038b4                plan_sync_position
 .text.plan_get_block_buffer_available
                0x080038d4       0x20 ..\obj\planner.o
                0x080038d4                plan_get_block_buffer_available
 .text.plan_cycle_reinitialize
                0x080038f4       0x1c ..\obj\planner.o
                0x080038f4                plan_cycle_reinitialize
 .text.settings_store_startup_line
                0x08003910       0x20 ..\obj\settings.o
                0x08003910                settings_store_startup_line
 .text.settings_store_build_info
                0x08003930        0xc ..\obj\settings.o
                0x08003930                settings_store_build_info
 .text.settings_write_coord_data
                0x0800393c       0x20 ..\obj\settings.o
                0x0800393c                settings_write_coord_data
 .text.write_global_settings
                0x0800395c       0x1c ..\obj\settings.o
                0x0800395c                write_global_settings
 .text.settings_restore
                0x08003978      0x194 ..\obj\settings.o
                0x08003978                settings_restore
 .text.settings_read_startup_line
                0x08003b0c       0x2c ..\obj\settings.o
                0x08003b0c                settings_read_startup_line
 .text.settings_read_build_info
                0x08003b38       0x22 ..\obj\settings.o
                0x08003b38                settings_read_build_info
 .text.settings_read_coord_data
                0x08003b5a       0x36 ..\obj\settings.o
                0x08003b5a                settings_read_coord_data
 .text.read_global_settings
                0x08003b90       0x28 ..\obj\settings.o
                0x08003b90                read_global_settings
 .text.settings_store_global_setting
                0x08003bb8      0x2f8 ..\obj\settings.o
                0x08003bb8                settings_store_global_setting
 .text.settings_init
                0x08003eb0       0x1e ..\obj\settings.o
                0x08003eb0                settings_init
 *fill*         0x08003ece        0x2 
 .text.report_util_line_feed
                0x08003ed0        0xc ..\obj\report.o
 .text.report_util_feedback_line_feed
                0x08003edc       0x10 ..\obj\report.o
 .text.report_util_setting_string
                0x08003eec      0x160 ..\obj\report.o
 .text.report_util_gcode_modes_M
                0x0800404c        0xc ..\obj\report.o
 .text.report_util_axis_values
                0x08004058       0x26 ..\obj\report.o
 .text.report_util_setting_prefix
                0x0800407e       0x1a ..\obj\report.o
                0x0800407e                report_util_setting_prefix
 .text.report_util_uint8_setting
                0x08004098       0x16 ..\obj\report.o
 .text.report_util_float_setting
                0x080040ae       0x1a ..\obj\report.o
 .text.report_status_message
                0x080040c8       0x2c ..\obj\report.o
                0x080040c8                report_status_message
 .text.report_alarm_message
                0x080040f4       0x24 ..\obj\report.o
                0x080040f4                report_alarm_message
 .text.report_feedback_message
                0x08004118       0x88 ..\obj\report.o
                0x08004118                report_feedback_message
 .text.report_init_message
                0x080041a0       0x18 ..\obj\report.o
                0x080041a0                report_init_message
 .text.report_grbl_help
                0x080041b8        0xc ..\obj\report.o
                0x080041b8                report_grbl_help
 .text.report_grbl_settings
                0x080041c4      0x20c ..\obj\report.o
                0x080041c4                report_grbl_settings
 .text.report_probe_parameters
                0x080043d0       0x3c ..\obj\report.o
                0x080043d0                report_probe_parameters
 .text.report_ngc_parameters
                0x0800440c       0xb4 ..\obj\report.o
                0x0800440c                report_ngc_parameters
 .text.report_gcode_modes
                0x080044c0      0x140 ..\obj\report.o
                0x080044c0                report_gcode_modes
 .text.report_startup_line
                0x08004600       0x2c ..\obj\report.o
                0x08004600                report_startup_line
 .text.report_execute_startup_message
                0x0800462c       0x22 ..\obj\report.o
                0x0800462c                report_execute_startup_message
 *fill*         0x0800464e        0x2 
 .text.report_build_info
                0x08004650       0x84 ..\obj\report.o
                0x08004650                report_build_info
 .text.report_realtime_status
                0x080046d4      0x310 ..\obj\report.o
                0x080046d4                report_realtime_status
 .text.system_init
                0x080049e4       0x84 ..\obj\system.o
                0x080049e4                system_init
 .text.system_control_get_state
                0x08004a68       0x38 ..\obj\system.o
                0x08004a68                system_control_get_state
 .text.EXTI9_5_IRQHandler
                0x08004aa0       0x58 ..\obj\system.o
                0x08004aa0                EXTI9_5_IRQHandler
 .text.system_check_safety_door_ajar
                0x08004af8        0xc ..\obj\system.o
                0x08004af8                system_check_safety_door_ajar
 .text.system_execute_startup
                0x08004b04       0x32 ..\obj\system.o
                0x08004b04                system_execute_startup
 *fill*         0x08004b36        0x2 
 .text.system_flag_wco_change
                0x08004b38       0x14 ..\obj\system.o
                0x08004b38                system_flag_wco_change
 .text.system_convert_axis_steps_to_mpos
                0x08004b4c       0x1c ..\obj\system.o
                0x08004b4c                system_convert_axis_steps_to_mpos
 .text.system_convert_array_steps_to_mpos
                0x08004b68       0x1c ..\obj\system.o
                0x08004b68                system_convert_array_steps_to_mpos
 .text.system_check_travel_limits
                0x08004b84       0x60 ..\obj\system.o
                0x08004b84                system_check_travel_limits
 .text.system_set_exec_state_flag
                0x08004be4       0x14 ..\obj\system.o
                0x08004be4                system_set_exec_state_flag
 .text.system_execute_line
                0x08004bf8      0x2ec ..\obj\system.o
                0x08004bf8                system_execute_line
 .text.system_clear_exec_state_flag
                0x08004ee4       0x14 ..\obj\system.o
                0x08004ee4                system_clear_exec_state_flag
 .text.system_set_exec_alarm
                0x08004ef8       0x14 ..\obj\system.o
                0x08004ef8                system_set_exec_alarm
 .text.system_clear_exec_alarm
                0x08004f0c       0x10 ..\obj\system.o
                0x08004f0c                system_clear_exec_alarm
 .text.system_set_exec_motion_override_flag
                0x08004f1c       0x14 ..\obj\system.o
                0x08004f1c                system_set_exec_motion_override_flag
 .text.system_set_exec_accessory_override_flag
                0x08004f30       0x14 ..\obj\system.o
                0x08004f30                system_set_exec_accessory_override_flag
 .text.system_clear_exec_motion_overrides
                0x08004f44       0x10 ..\obj\system.o
                0x08004f44                system_clear_exec_motion_overrides
 .text.system_clear_exec_accessory_overrides
                0x08004f54       0x10 ..\obj\system.o
                0x08004f54                system_clear_exec_accessory_overrides
 .text.mc_line  0x08004f64       0x68 ..\obj\motion_control.o
                0x08004f64                mc_line
 *fill*         0x08004fcc        0x4 
 .text.mc_arc   0x08004fd0      0x34c ..\obj\motion_control.o
                0x08004fd0                mc_arc
 .text.mc_dwell
                0x0800531c       0x24 ..\obj\motion_control.o
                0x0800531c                mc_dwell
 .text.mc_homing_cycle
                0x08005340       0x3c ..\obj\motion_control.o
                0x08005340                mc_homing_cycle
 .text.mc_probe_cycle
                0x0800537c       0xc4 ..\obj\motion_control.o
                0x0800537c                mc_probe_cycle
 .text.mc_reset
                0x08005440       0x54 ..\obj\motion_control.o
                0x08005440                mc_reset
 .text.IntToUnicode
                0x08005494       0x2a ..\obj\hw_config.o
 .text.Set_USBClock
                0x080054be       0x16 ..\obj\hw_config.o
                0x080054be                Set_USBClock
 .text.USB_Interrupts_Config
                0x080054d4       0x3e ..\obj\hw_config.o
                0x080054d4                USB_Interrupts_Config
 .text.USB_Cable_Config
                0x08005512        0x2 ..\obj\hw_config.o
                0x08005512                USB_Cable_Config
 .text.Get_SerialNum
                0x08005514       0x34 ..\obj\hw_config.o
                0x08005514                Get_SerialNum
 .text.TIM_TimeBaseInit
                0x08005548       0x94 ..\obj\stm32f10x_tim.o
                0x08005548                TIM_TimeBaseInit
 .text.TIM_OC4Init
                0x080055dc       0x68 ..\obj\stm32f10x_tim.o
                0x080055dc                TIM_OC4Init
 .text.TIM_Cmd  0x08005644       0x16 ..\obj\stm32f10x_tim.o
                0x08005644                TIM_Cmd
 .text.TIM_ITConfig
                0x0800565a       0x10 ..\obj\stm32f10x_tim.o
                0x0800565a                TIM_ITConfig
 .text.TIM_InternalClockConfig
                0x0800566a        0xe ..\obj\stm32f10x_tim.o
                0x0800566a                TIM_InternalClockConfig
 .text.TIM_ARRPreloadConfig
                0x08005678       0x16 ..\obj\stm32f10x_tim.o
                0x08005678                TIM_ARRPreloadConfig
 .text.TIM_OC4PreloadConfig
                0x0800568e       0x14 ..\obj\stm32f10x_tim.o
                0x0800568e                TIM_OC4PreloadConfig
 .text.TIM_SelectMasterSlaveMode
                0x080056a2       0x14 ..\obj\stm32f10x_tim.o
                0x080056a2                TIM_SelectMasterSlaveMode
 .text.TIM_SetCompare4
                0x080056b6        0x6 ..\obj\stm32f10x_tim.o
                0x080056b6                TIM_SetCompare4
 .text.TIM_ClearITPendingBit
                0x080056bc        0x8 ..\obj\stm32f10x_tim.o
                0x080056bc                TIM_ClearITPendingBit
 .text.coolant_get_state
                0x080056c4       0x24 ..\obj\coolant_control.o
                0x080056c4                coolant_get_state
 .text.coolant_stop
                0x080056e8       0x20 ..\obj\coolant_control.o
                0x080056e8                coolant_stop
 .text.coolant_init
                0x08005708       0x48 ..\obj\coolant_control.o
                0x08005708                coolant_init
 .text.coolant_set_state
                0x08005750       0x3c ..\obj\coolant_control.o
                0x08005750                coolant_set_state
 .text.coolant_sync
                0x0800578c       0x20 ..\obj\coolant_control.o
                0x0800578c                coolant_sync
 .text.limits_init
                0x080057ac       0x84 ..\obj\limits.o
                0x080057ac                limits_init
 .text.limits_disable
                0x08005830       0x10 ..\obj\limits.o
                0x08005830                limits_disable
 .text.limits_get_state
                0x08005840       0x50 ..\obj\limits.o
                0x08005840                limits_get_state
 .text.EXTI15_10_IRQHandler
                0x08005890       0x90 ..\obj\limits.o
                0x08005890                EXTI15_10_IRQHandler
 .text.limits_go_home
                0x08005920      0x1f8 ..\obj\limits.o
                0x08005920                limits_go_home
 .text.limits_soft_check
                0x08005b18       0x40 ..\obj\limits.o
                0x08005b18                limits_soft_check
 .text.serial_get_rx_buffer_available
                0x08005b58       0x20 ..\obj\serial.o
                0x08005b58                serial_get_rx_buffer_available
 .text.serial_init
                0x08005b78       0x30 ..\obj\serial.o
                0x08005b78                serial_init
 .text.serial_write
                0x08005ba8       0x84 ..\obj\serial.o
                0x08005ba8                serial_write
 .text.serial_read
                0x08005c2c       0x2c ..\obj\serial.o
                0x08005c2c                serial_read
 .text.OnUsbDataRx
                0x08005c58      0x148 ..\obj\serial.o
                0x08005c58                OnUsbDataRx
 .text.USART1_IRQHandler
                0x08005da0      0x104 ..\obj\serial.o
                0x08005da0                USART1_IRQHandler
 .text.serial_reset_read_buffer
                0x08005ea4        0xc ..\obj\serial.o
                0x08005ea4                serial_reset_read_buffer
 .text.UserToPMABufferCopy
                0x08005eb0       0x1e ..\obj\usb_mem.o
                0x08005eb0                UserToPMABufferCopy
 .text.PMAToUserBufferCopy
                0x08005ece       0x24 ..\obj\usb_mem.o
                0x08005ece                PMAToUserBufferCopy
 *fill*         0x08005ef2        0x2 
 .text.tool_stop
                0x08005ef4       0x24 ..\obj\tool.o
                0x08005ef4                tool_stop
 .text.tool_init
                0x08005f18       0x70 ..\obj\tool.o
                0x08005f18                tool_init
 .text.tool_stop_tn
                0x08005f88       0x10 ..\obj\tool.o
                0x08005f88                tool_stop_tn
 .text.tool_stop_m6
                0x08005f98       0x10 ..\obj\tool.o
                0x08005f98                tool_stop_m6
 .text.tool_set_t_state
                0x08005fa8       0x4c ..\obj\tool.o
                0x08005fa8                tool_set_t_state
 .text.tool_set_m6_state
                0x08005ff4       0x3c ..\obj\tool.o
                0x08005ff4                tool_set_m6_state
 .text.tool_m6_sync
                0x08006030       0x20 ..\obj\tool.o
                0x08006030                tool_m6_sync
 .text.tool_t_sync
                0x08006050       0x20 ..\obj\tool.o
                0x08006050                tool_t_sync
 .text.probe_configure_invert_mask
                0x08006070       0x28 ..\obj\probe.o
                0x08006070                probe_configure_invert_mask
 .text.probe_init
                0x08006098       0x14 ..\obj\probe.o
                0x08006098                probe_init
 .text.probe_get_state
                0x080060ac       0x20 ..\obj\probe.o
                0x080060ac                probe_get_state
 .text.probe_state_monitor
                0x080060cc       0x34 ..\obj\probe.o
                0x080060cc                probe_state_monitor
 .text.USART_Init
                0x08006100       0xa0 ..\obj\stm32f10x_usart.o
                0x08006100                USART_Init
 .text.USART_Cmd
                0x080061a0       0x16 ..\obj\stm32f10x_usart.o
                0x080061a0                USART_Cmd
 .text.USART_ITConfig
                0x080061b6       0x30 ..\obj\stm32f10x_usart.o
                0x080061b6                USART_ITConfig
 .text.USART_SendData
                0x080061e6        0x8 ..\obj\stm32f10x_usart.o
                0x080061e6                USART_SendData
 .text.USART_GetFlagStatus
                0x080061ee        0xc ..\obj\stm32f10x_usart.o
                0x080061ee                USART_GetFlagStatus
 *fill*         0x080061fa        0x2 
 .text.spindle_get_state
                0x080061fc       0x18 ..\obj\spindle_control.o
                0x080061fc                spindle_get_state
 .text.spindle_stop
                0x08006214       0x2c ..\obj\spindle_control.o
                0x08006214                spindle_stop
 .text.spindle_init
                0x08006240      0x260 ..\obj\spindle_control.o
                0x08006240                spindle_init
 .text.differentiate_spindle_speed
                0x080064a0       0x70 ..\obj\spindle_control.o
                0x080064a0                differentiate_spindle_speed
 .text.spindle_set_speed
                0x08006510       0x34 ..\obj\spindle_control.o
                0x08006510                spindle_set_speed
 .text.spindle_compute_pwm_value
                0x08006544       0x94 ..\obj\spindle_control.o
                0x08006544                spindle_compute_pwm_value
 .text.spindle_set_state
                0x080065d8       0x84 ..\obj\spindle_control.o
                0x080065d8                spindle_set_state
 .text.spindle_sync
                0x0800665c       0x24 ..\obj\spindle_control.o
                0x0800665c                spindle_sync
 .text.EXTI_Init
                0x08006680       0x68 ..\obj\stm32f10x_exti.o
                0x08006680                EXTI_Init
 .text.EXTI_GetITStatus
                0x080066e8       0x1c ..\obj\stm32f10x_exti.o
                0x080066e8                EXTI_GetITStatus
 .text.EXTI_ClearITPendingBit
                0x08006704        0xc ..\obj\stm32f10x_exti.o
                0x08006704                EXTI_ClearITPendingBit
 .text.USB_Init
                0x08006710       0x34 ..\obj\usb_init.o
                0x08006710                USB_Init
 .text.Standard_GetConfiguration
                0x08006744       0x24 ..\obj\usb_core.o
                0x08006744                Standard_GetConfiguration
 .text.Standard_GetInterface
                0x08006768       0x24 ..\obj\usb_core.o
                0x08006768                Standard_GetInterface
 .text.Standard_GetStatus
                0x0800678c       0x88 ..\obj\usb_core.o
                0x0800678c                Standard_GetStatus
 .text.DataStageIn
                0x08006814       0xac ..\obj\usb_core.o
 .text.Standard_SetConfiguration
                0x080068c0       0x38 ..\obj\usb_core.o
                0x080068c0                Standard_SetConfiguration
 .text.Standard_SetInterface
                0x080068f8       0x4c ..\obj\usb_core.o
                0x080068f8                Standard_SetInterface
 .text.Standard_ClearFeature
                0x08006944       0xcc ..\obj\usb_core.o
                0x08006944                Standard_ClearFeature
 .text.Standard_SetEndPointFeature
                0x08006a10       0x84 ..\obj\usb_core.o
                0x08006a10                Standard_SetEndPointFeature
 .text.Standard_SetDeviceFeature
                0x08006a94       0x24 ..\obj\usb_core.o
                0x08006a94                Standard_SetDeviceFeature
 .text.Standard_GetDescriptorData
                0x08006ab8       0x1c ..\obj\usb_core.o
                0x08006ab8                Standard_GetDescriptorData
 .text.Post0_Process
                0x08006ad4       0x40 ..\obj\usb_core.o
                0x08006ad4                Post0_Process
 .text.Setup0_Process
                0x08006b14      0x2c4 ..\obj\usb_core.o
                0x08006b14                Setup0_Process
 .text.Out0_Process
                0x08006dd8       0xc8 ..\obj\usb_core.o
                0x08006dd8                Out0_Process
 .text.SetDeviceAddress
                0x08006ea0       0x40 ..\obj\usb_core.o
                0x08006ea0                SetDeviceAddress
 .text.In0_Process
                0x08006ee0       0x5c ..\obj\usb_core.o
                0x08006ee0                In0_Process
 .text.NOP_Process
                0x08006f3c        0x2 ..\obj\usb_core.o
                0x08006f3c                NOP_Process
 *fill*         0x08006f3e        0x2 
 .text.FLASH_Unlock
                0x08006f40       0x18 ..\obj\stm32f10x_flash.o
                0x08006f40                FLASH_Unlock
 .text.FLASH_GetBank1Status
                0x08006f58       0x28 ..\obj\stm32f10x_flash.o
                0x08006f58                FLASH_GetBank1Status
 .text.FLASH_WaitForLastOperation
                0x08006f80       0x22 ..\obj\stm32f10x_flash.o
                0x08006f80                FLASH_WaitForLastOperation
 *fill*         0x08006fa2        0x2 
 .text.FLASH_ErasePage
                0x08006fa4       0x40 ..\obj\stm32f10x_flash.o
                0x08006fa4                FLASH_ErasePage
 .text.FLASH_ProgramHalfWord
                0x08006fe4       0x38 ..\obj\stm32f10x_flash.o
                0x08006fe4                FLASH_ProgramHalfWord
 .text.printString
                0x0800701c       0x12 ..\obj\print.o
                0x0800701c                printString
 .text.print_uint8_base10
                0x0800702e       0x50 ..\obj\print.o
                0x0800702e                print_uint8_base10
 .text.print_uint32_base10
                0x0800707e       0x4e ..\obj\print.o
                0x0800707e                print_uint32_base10
 .text.printFloat
                0x080070cc       0xc8 ..\obj\print.o
                0x080070cc                printFloat
 .text.printFloat_CoordValue
                0x08007194       0x28 ..\obj\print.o
                0x08007194                printFloat_CoordValue
 .text.printFloat_RateValue
                0x080071bc       0x28 ..\obj\print.o
                0x080071bc                printFloat_RateValue
 .text.EP3_OUT_Callback
                0x080071e4       0x24 ..\obj\usb_endp.o
                0x080071e4                EP3_OUT_Callback
 .text.EP1_IN_Callback
                0x08007208       0xa4 ..\obj\usb_endp.o
                0x08007208                EP1_IN_Callback
 .text.SOF_Callback
                0x080072ac       0x14 ..\obj\usb_endp.o
                0x080072ac                SOF_Callback
 .text.RESET_Callback
                0x080072c0        0x2 ..\obj\usb_endp.o
                0x080072c0                RESET_Callback
 *fill*         0x080072c2        0x2 
 .text.SetBTABLE
                0x080072c4       0x10 ..\obj\usb_regs.o
                0x080072c4                SetBTABLE
 .text.SetEPType
                0x080072d4       0x1c ..\obj\usb_regs.o
                0x080072d4                SetEPType
 .text.SetEPTxStatus
                0x080072f0       0x32 ..\obj\usb_regs.o
                0x080072f0                SetEPTxStatus
 .text.SetEPRxStatus
                0x08007322       0x32 ..\obj\usb_regs.o
                0x08007322                SetEPRxStatus
 .text.SetEPTxValid
                0x08007354       0x26 ..\obj\usb_regs.o
                0x08007354                SetEPTxValid
 .text.SetEPRxValid
                0x0800737a       0x26 ..\obj\usb_regs.o
                0x0800737a                SetEPRxValid
 .text.ClearEP_KIND
                0x080073a0       0x20 ..\obj\usb_regs.o
                0x080073a0                ClearEP_KIND
 .text.Clear_Status_Out
                0x080073c0        0x4 ..\obj\usb_regs.o
                0x080073c0                Clear_Status_Out
 .text.ClearDTOG_RX
                0x080073c4       0x26 ..\obj\usb_regs.o
                0x080073c4                ClearDTOG_RX
 .text.ClearDTOG_TX
                0x080073ea       0x26 ..\obj\usb_regs.o
                0x080073ea                ClearDTOG_TX
 .text.SetEPTxAddr
                0x08007410       0x20 ..\obj\usb_regs.o
                0x08007410                SetEPTxAddr
 .text.SetEPRxAddr
                0x08007430       0x20 ..\obj\usb_regs.o
                0x08007430                SetEPRxAddr
 .text.GetEPTxAddr
                0x08007450       0x1c ..\obj\usb_regs.o
                0x08007450                GetEPTxAddr
 .text.GetEPRxAddr
                0x0800746c       0x1c ..\obj\usb_regs.o
                0x0800746c                GetEPRxAddr
 .text.SetEPTxCount
                0x08007488       0x1c ..\obj\usb_regs.o
                0x08007488                SetEPTxCount
 .text.SetEPRxCount
                0x080074a4       0x40 ..\obj\usb_regs.o
                0x080074a4                SetEPRxCount
 .text.GetEPRxCount
                0x080074e4       0x20 ..\obj\usb_regs.o
                0x080074e4                GetEPRxCount
 .text.ByteSwap
                0x08007504        0xa ..\obj\usb_regs.o
                0x08007504                ByteSwap
 .text.NMI_Handler
                0x0800750e        0x2 ..\obj\stm32f10x_it.o
                0x0800750e                NMI_Handler
 .text.HardFault_Handler
                0x08007510        0x2 ..\obj\stm32f10x_it.o
                0x08007510                HardFault_Handler
 .text.MemManage_Handler
                0x08007512        0x2 ..\obj\stm32f10x_it.o
                0x08007512                MemManage_Handler
 .text.BusFault_Handler
                0x08007514        0x2 ..\obj\stm32f10x_it.o
                0x08007514                BusFault_Handler
 .text.UsageFault_Handler
                0x08007516        0x2 ..\obj\stm32f10x_it.o
                0x08007516                UsageFault_Handler
 .text.SVC_Handler
                0x08007518        0x2 ..\obj\stm32f10x_it.o
                0x08007518                SVC_Handler
 .text.DebugMon_Handler
                0x0800751a        0x2 ..\obj\stm32f10x_it.o
                0x0800751a                DebugMon_Handler
 .text.PendSV_Handler
                0x0800751c        0x2 ..\obj\stm32f10x_it.o
                0x0800751c                PendSV_Handler
 .text.USB_LP_CAN1_RX0_IRQHandler
                0x0800751e        0x4 ..\obj\stm32f10x_it.o
                0x0800751e                USB_LP_CAN1_RX0_IRQHandler
 *fill*         0x08007522        0x2 
 .text.cos      0x08007524       0x90 c:/program files (x86)/gnu tools arm embedded/7 2017-q4-major/bin/../lib/gcc/arm-none-eabi/7.2.1/../../../../arm-none-eabi/lib/thumb/v7-m\libm.a(lib_a-s_cos.o)
                0x08007524                cos
 .text.lround   0x080075b4       0x8c c:/program files (x86)/gnu tools arm embedded/7 2017-q4-major/bin/../lib/gcc/arm-none-eabi/7.2.1/../../../../arm-none-eabi/lib/thumb/v7-m\libm.a(lib_a-s_lround.o)
                0x080075b4                lround
 .text.sin      0x08007640       0x90 c:/program files (x86)/gnu tools arm embedded/7 2017-q4-major/bin/../lib/gcc/arm-none-eabi/7.2.1/../../../../arm-none-eabi/lib/thumb/v7-m\libm.a(lib_a-s_sin.o)
                0x08007640                sin
 .text.ceilf    0x080076d0       0x88 c:/program files (x86)/gnu tools arm embedded/7 2017-q4-major/bin/../lib/gcc/arm-none-eabi/7.2.1/../../../../arm-none-eabi/lib/thumb/v7-m\libm.a(lib_a-sf_ceil.o)
                0x080076d0                ceilf
 .text.floorf   0x08007758       0x88 c:/program files (x86)/gnu tools arm embedded/7 2017-q4-major/bin/../lib/gcc/arm-none-eabi/7.2.1/../../../../arm-none-eabi/lib/thumb/v7-m\libm.a(lib_a-sf_floor.o)
                0x08007758                floorf
 .text.lroundf  0x080077e0       0x58 c:/program files (x86)/gnu tools arm embedded/7 2017-q4-major/bin/../lib/gcc/arm-none-eabi/7.2.1/../../../../arm-none-eabi/lib/thumb/v7-m\libm.a(lib_a-sf_lround.o)
                0x080077e0                lroundf
 .text.truncf   0x08007838       0x24 c:/program files (x86)/gnu tools arm embedded/7 2017-q4-major/bin/../lib/gcc/arm-none-eabi/7.2.1/../../../../arm-none-eabi/lib/thumb/v7-m\libm.a(lib_a-sf_trunc.o)
                0x08007838                truncf
 .text.atan2    0x0800785c        0x4 c:/program files (x86)/gnu tools arm embedded/7 2017-q4-major/bin/../lib/gcc/arm-none-eabi/7.2.1/../../../../arm-none-eabi/lib/thumb/v7-m\libm.a(lib_a-w_atan2.o)
                0x0800785c                atan2
 .text.sqrt     0x08007860       0xbc c:/program files (x86)/gnu tools arm embedded/7 2017-q4-major/bin/../lib/gcc/arm-none-eabi/7.2.1/../../../../arm-none-eabi/lib/thumb/v7-m\libm.a(lib_a-w_sqrt.o)
                0x08007860                sqrt
 .text.sqrtf    0x0800791c       0xa0 c:/program files (x86)/gnu tools arm embedded/7 2017-q4-major/bin/../lib/gcc/arm-none-eabi/7.2.1/../../../../arm-none-eabi/lib/thumb/v7-m\libm.a(lib_a-wf_sqrt.o)
                0x0800791c                sqrtf
 *fill*         0x080079bc        0x4 
 .text.__ieee754_atan2
                0x080079c0      0x1b4 c:/program files (x86)/gnu tools arm embedded/7 2017-q4-major/bin/../lib/gcc/arm-none-eabi/7.2.1/../../../../arm-none-eabi/lib/thumb/v7-m\libm.a(lib_a-e_atan2.o)
                0x080079c0                __ieee754_atan2
 *fill*         0x08007b74        0x4 
 .text.__ieee754_rem_pio2
                0x08007b78      0x43c c:/program files (x86)/gnu tools arm embedded/7 2017-q4-major/bin/../lib/gcc/arm-none-eabi/7.2.1/../../../../arm-none-eabi/lib/thumb/v7-m\libm.a(lib_a-e_rem_pio2.o)
                0x08007b78                __ieee754_rem_pio2
 .text.__ieee754_sqrt
                0x08007fb4      0x184 c:/program files (x86)/gnu tools arm embedded/7 2017-q4-major/bin/../lib/gcc/arm-none-eabi/7.2.1/../../../../arm-none-eabi/lib/thumb/v7-m\libm.a(lib_a-e_sqrt.o)
                0x08007fb4                __ieee754_sqrt
 .text.__ieee754_sqrtf
                0x08008138       0xa8 c:/program files (x86)/gnu tools arm embedded/7 2017-q4-major/bin/../lib/gcc/arm-none-eabi/7.2.1/../../../../arm-none-eabi/lib/thumb/v7-m\libm.a(lib_a-ef_sqrt.o)
                0x08008138                __ieee754_sqrtf
 .text.__kernel_cos
                0x080081e0      0x248 c:/program files (x86)/gnu tools arm embedded/7 2017-q4-major/bin/../lib/gcc/arm-none-eabi/7.2.1/../../../../arm-none-eabi/lib/thumb/v7-m\libm.a(lib_a-k_cos.o)
                0x080081e0                __kernel_cos
 .text.__kernel_rem_pio2
                0x08008428      0x850 c:/program files (x86)/gnu tools arm embedded/7 2017-q4-major/bin/../lib/gcc/arm-none-eabi/7.2.1/../../../../arm-none-eabi/lib/thumb/v7-m\libm.a(lib_a-k_rem_pio2.o)
                0x08008428                __kernel_rem_pio2
 .text.__kernel_sin
                0x08008c78      0x16c c:/program files (x86)/gnu tools arm embedded/7 2017-q4-major/bin/../lib/gcc/arm-none-eabi/7.2.1/../../../../arm-none-eabi/lib/thumb/v7-m\libm.a(lib_a-k_sin.o)
                0x08008c78                __kernel_sin
 *fill*         0x08008de4        0x4 
 .text.atan     0x08008de8      0x31c c:/program files (x86)/gnu tools arm embedded/7 2017-q4-major/bin/../lib/gcc/arm-none-eabi/7.2.1/../../../../arm-none-eabi/lib/thumb/v7-m\libm.a(lib_a-s_atan.o)
                0x08008de8                atan
 .text.fabs     0x08009104        0x8 c:/program files (x86)/gnu tools arm embedded/7 2017-q4-major/bin/../lib/gcc/arm-none-eabi/7.2.1/../../../../arm-none-eabi/lib/thumb/v7-m\libm.a(lib_a-s_fabs.o)
                0x08009104                fabs
 *fill*         0x0800910c        0x4 
 .text.floor    0x08009110      0x108 c:/program files (x86)/gnu tools arm embedded/7 2017-q4-major/bin/../lib/gcc/arm-none-eabi/7.2.1/../../../../arm-none-eabi/lib/thumb/v7-m\libm.a(lib_a-s_floor.o)
                0x08009110                floor
 .text.matherr  0x08009218        0x4 c:/program files (x86)/gnu tools arm embedded/7 2017-q4-major/bin/../lib/gcc/arm-none-eabi/7.2.1/../../../../arm-none-eabi/lib/thumb/v7-m\libm.a(lib_a-s_matherr.o)
                0x08009218                matherr
 *fill*         0x0800921c        0x4 
 .text.scalbn   0x08009220       0xe4 c:/program files (x86)/gnu tools arm embedded/7 2017-q4-major/bin/../lib/gcc/arm-none-eabi/7.2.1/../../../../arm-none-eabi/lib/thumb/v7-m\libm.a(lib_a-s_scalbn.o)
                0x08009220                scalbn
 .text.copysign
                0x08009304       0x10 c:/program files (x86)/gnu tools arm embedded/7 2017-q4-major/bin/../lib/gcc/arm-none-eabi/7.2.1/../../../../arm-none-eabi/lib/thumb/v7-m\libm.a(lib_a-s_copysign.o)
                0x08009304                copysign
 .text          0x08009314      0x378 c:/program files (x86)/gnu tools arm embedded/7 2017-q4-major/bin/../lib/gcc/arm-none-eabi/7.2.1/thumb/v7-m\libgcc.a(_arm_addsubdf3.o)
                0x08009314                __aeabi_drsub
                0x0800931c                __aeabi_dsub
                0x0800931c                __subdf3
                0x08009320                __aeabi_dadd
                0x08009320                __adddf3
                0x08009598                __floatunsidf
                0x08009598                __aeabi_ui2d
                0x080095b8                __floatsidf
                0x080095b8                __aeabi_i2d
                0x080095dc                __aeabi_f2d
                0x080095dc                __extendsfdf2
                0x08009620                __floatundidf
                0x08009620                __aeabi_ul2d
                0x08009630                __floatdidf
                0x08009630                __aeabi_l2d
 .text          0x0800968c      0x424 c:/program files (x86)/gnu tools arm embedded/7 2017-q4-major/bin/../lib/gcc/arm-none-eabi/7.2.1/thumb/v7-m\libgcc.a(_arm_muldivdf3.o)
                0x0800968c                __aeabi_dmul
                0x0800968c                __muldf3
                0x080098e0                __divdf3
                0x080098e0                __aeabi_ddiv
 .text          0x08009ab0      0x110 c:/program files (x86)/gnu tools arm embedded/7 2017-q4-major/bin/../lib/gcc/arm-none-eabi/7.2.1/thumb/v7-m\libgcc.a(_arm_cmpdf2.o)
                0x08009ab0                __gtdf2
                0x08009ab0                __gedf2
                0x08009ab8                __ltdf2
                0x08009ab8                __ledf2
                0x08009ac0                __nedf2
                0x08009ac0                __eqdf2
                0x08009ac0                __cmpdf2
                0x08009b3c                __aeabi_cdrcmple
                0x08009b4c                __aeabi_cdcmpeq
                0x08009b4c                __aeabi_cdcmple
                0x08009b5c                __aeabi_dcmpeq
                0x08009b70                __aeabi_dcmplt
                0x08009b84                __aeabi_dcmple
                0x08009b98                __aeabi_dcmpge
                0x08009bac                __aeabi_dcmpgt
 .text          0x08009bc0       0x2c c:/program files (x86)/gnu tools arm embedded/7 2017-q4-major/bin/../lib/gcc/arm-none-eabi/7.2.1/thumb/v7-m\libgcc.a(_arm_unorddf2.o)
                0x08009bc0                __unorddf2
                0x08009bc0                __aeabi_dcmpun
 .text          0x08009bec       0x50 c:/program files (x86)/gnu tools arm embedded/7 2017-q4-major/bin/../lib/gcc/arm-none-eabi/7.2.1/thumb/v7-m\libgcc.a(_arm_fixdfsi.o)
                0x08009bec                __aeabi_d2iz
                0x08009bec                __fixdfsi
 .text          0x08009c3c       0xa0 c:/program files (x86)/gnu tools arm embedded/7 2017-q4-major/bin/../lib/gcc/arm-none-eabi/7.2.1/thumb/v7-m\libgcc.a(_arm_truncdfsf2.o)
                0x08009c3c                __truncdfsf2
                0x08009c3c                __aeabi_d2f
 .text          0x08009cdc      0x21c c:/program files (x86)/gnu tools arm embedded/7 2017-q4-major/bin/../lib/gcc/arm-none-eabi/7.2.1/thumb/v7-m\libgcc.a(_arm_addsubsf3.o)
                0x08009cdc                __aeabi_frsub
                0x08009ce4                __subsf3
                0x08009ce4                __aeabi_fsub
                0x08009ce8                __aeabi_fadd
                0x08009ce8                __addsf3
                0x08009e48                __aeabi_ui2f
                0x08009e48                __floatunsisf
                0x08009e50                __aeabi_i2f
                0x08009e50                __floatsisf
                0x08009e6c                __aeabi_ul2f
                0x08009e6c                __floatundisf
                0x08009e7c                __aeabi_l2f
                0x08009e7c                __floatdisf
 .text          0x08009ef8      0x2a0 c:/program files (x86)/gnu tools arm embedded/7 2017-q4-major/bin/../lib/gcc/arm-none-eabi/7.2.1/thumb/v7-m\libgcc.a(_arm_muldivsf3.o)
                0x08009ef8                __mulsf3
                0x08009ef8                __aeabi_fmul
                0x0800a060                __aeabi_fdiv
                0x0800a060                __divsf3
 .text          0x0800a198       0xec c:/program files (x86)/gnu tools arm embedded/7 2017-q4-major/bin/../lib/gcc/arm-none-eabi/7.2.1/thumb/v7-m\libgcc.a(_arm_cmpsf2.o)
                0x0800a198                __gesf2
                0x0800a198                __gtsf2
                0x0800a1a0                __lesf2
                0x0800a1a0                __ltsf2
                0x0800a1a8                __nesf2
                0x0800a1a8                __eqsf2
                0x0800a1a8                __cmpsf2
                0x0800a208                __aeabi_cfrcmple
                0x0800a210                __aeabi_cfcmpeq
                0x0800a210                __aeabi_cfcmple
                0x0800a220                __aeabi_fcmpeq
                0x0800a234                __aeabi_fcmplt
                0x0800a248                __aeabi_fcmple
                0x0800a25c                __aeabi_fcmpge
                0x0800a270                __aeabi_fcmpgt
 .text          0x0800a284       0x2c c:/program files (x86)/gnu tools arm embedded/7 2017-q4-major/bin/../lib/gcc/arm-none-eabi/7.2.1/thumb/v7-m\libgcc.a(_arm_unordsf2.o)
                0x0800a284                __unordsf2
                0x0800a284                __aeabi_fcmpun
 .text          0x0800a2b0       0x4c c:/program files (x86)/gnu tools arm embedded/7 2017-q4-major/bin/../lib/gcc/arm-none-eabi/7.2.1/thumb/v7-m\libgcc.a(_arm_fixsfsi.o)
                0x0800a2b0                __aeabi_f2iz
                0x0800a2b0                __fixsfsi
 .text          0x0800a2fc       0x40 c:/program files (x86)/gnu tools arm embedded/7 2017-q4-major/bin/../lib/gcc/arm-none-eabi/7.2.1/thumb/v7-m\libgcc.a(_arm_fixunssfsi.o)
                0x0800a2fc                __fixunssfsi
                0x0800a2fc                __aeabi_f2uiz
 .text.__errno  0x0800a33c        0xc c:/program files (x86)/gnu tools arm embedded/7 2017-q4-major/bin/../lib/gcc/arm-none-eabi/7.2.1/../../../../arm-none-eabi/lib/thumb/v7-m\libg.a(lib_a-errno.o)
                0x0800a33c                __errno
 .text.memcmp   0x0800a348       0x64 c:/program files (x86)/gnu tools arm embedded/7 2017-q4-major/bin/../lib/gcc/arm-none-eabi/7.2.1/../../../../arm-none-eabi/lib/thumb/v7-m\libg.a(lib_a-memcmp.o)
                0x0800a348                memcmp
 .text.memset   0x0800a3ac       0x94 c:/program files (x86)/gnu tools arm embedded/7 2017-q4-major/bin/../lib/gcc/arm-none-eabi/7.2.1/../../../../arm-none-eabi/lib/thumb/v7-m\libg.a(lib_a-memset.o)
                0x0800a3ac                memset
 *(.init)
 *(.fini)
 *crtbegin.o(.ctors)
 *crtbegin?.o(.ctors)
 *(EXCLUDE_FILE(*crtend.o *crtend?.o) .ctors)
 *(SORT_BY_NAME(.ctors.*))
 *(.ctors)
 *crtbegin.o(.dtors)
 *crtbegin?.o(.dtors)
 *(EXCLUDE_FILE(*crtend.o *crtend?.o) .dtors)
 *(SORT_BY_NAME(.dtors.*))
 *(.dtors)
 *(.rodata*)
 .rodata        0x0800a440       0x24 ..\obj\stepper.o
                0x0800a440                step_pin_mask
                0x0800a44c                direction_pin_mask
                0x0800a458                limit_pin_mask
 .rodata.str1.1
                0x0800a464      0x319 ..\obj\report.o
                                0x320 (size before relaxing)
 .rodata        0x0800a77d       0x8b ..\obj\usb_desc.o
                0x0800a77d                Virtual_Com_Port_StringProduct
                0x0800a799                Virtual_Com_Port_StringVendor
                0x0800a7af                Virtual_Com_Port_StringLangID
                0x0800a7b3                Virtual_Com_Port_ConfigDescriptor
                0x0800a7f6                Virtual_Com_Port_DeviceDescriptor
 .rodata.sqrt.str1.4
                0x0800a808        0x5 c:/program files (x86)/gnu tools arm embedded/7 2017-q4-major/bin/../lib/gcc/arm-none-eabi/7.2.1/../../../../arm-none-eabi/lib/thumb/v7-m\libm.a(lib_a-w_sqrt.o)
 *fill*         0x0800a80d        0x3 
 .rodata.sqrtf.str1.4
                0x0800a810        0x8 c:/program files (x86)/gnu tools arm embedded/7 2017-q4-major/bin/../lib/gcc/arm-none-eabi/7.2.1/../../../../arm-none-eabi/lib/thumb/v7-m\libm.a(lib_a-wf_sqrt.o)
                                  0x6 (size before relaxing)
 .rodata.npio2_hw
                0x0800a818       0x80 c:/program files (x86)/gnu tools arm embedded/7 2017-q4-major/bin/../lib/gcc/arm-none-eabi/7.2.1/../../../../arm-none-eabi/lib/thumb/v7-m\libm.a(lib_a-e_rem_pio2.o)
 .rodata.two_over_pi
                0x0800a898      0x108 c:/program files (x86)/gnu tools arm embedded/7 2017-q4-major/bin/../lib/gcc/arm-none-eabi/7.2.1/../../../../arm-none-eabi/lib/thumb/v7-m\libm.a(lib_a-e_rem_pio2.o)
 .rodata.PIo2   0x0800a9a0       0x40 c:/program files (x86)/gnu tools arm embedded/7 2017-q4-major/bin/../lib/gcc/arm-none-eabi/7.2.1/../../../../arm-none-eabi/lib/thumb/v7-m\libm.a(lib_a-k_rem_pio2.o)
 .rodata.init_jk
                0x0800a9e0       0x10 c:/program files (x86)/gnu tools arm embedded/7 2017-q4-major/bin/../lib/gcc/arm-none-eabi/7.2.1/../../../../arm-none-eabi/lib/thumb/v7-m\libm.a(lib_a-k_rem_pio2.o)
 .rodata.atanhi
                0x0800a9f0       0x20 c:/program files (x86)/gnu tools arm embedded/7 2017-q4-major/bin/../lib/gcc/arm-none-eabi/7.2.1/../../../../arm-none-eabi/lib/thumb/v7-m\libm.a(lib_a-s_atan.o)
 .rodata.atanlo
                0x0800aa10       0x20 c:/program files (x86)/gnu tools arm embedded/7 2017-q4-major/bin/../lib/gcc/arm-none-eabi/7.2.1/../../../../arm-none-eabi/lib/thumb/v7-m\libm.a(lib_a-s_atan.o)
 *(.eh_fram e*)

.glue_7         0x0800aa30        0x0
 .glue_7        0x0800aa30        0x0 linker stubs

.glue_7t        0x0800aa30        0x0
 .glue_7t       0x0800aa30        0x0 linker stubs

.vfp11_veneer   0x0800aa30        0x0
 .vfp11_veneer  0x0800aa30        0x0 linker stubs

.v4_bx          0x0800aa30        0x0
 .v4_bx         0x0800aa30        0x0 linker stubs

.iplt           0x0800aa30        0x0
 .iplt          0x0800aa30        0x0 ..\obj\stepper.o

.rel.dyn        0x0800aa30        0x0
 .rel.iplt      0x0800aa30        0x0 ..\obj\stepper.o

.ARM.extab
 *(.ARM.extab* .gnu.linkonce.armextab.*)
                0x0800aa30                __exidx_start = .

.ARM.exidx
 *(.ARM.exidx* .gnu.linkonce.armexidx.*)
                0x0800aa30                __exidx_end = .
                0x0800aa30                __etext = .
                0x0800aa30                _sidata = __etext

.data           0x20000000      0x540 load address 0x0800aa30
                0x20000000                __data_start__ = .
                0x20000000                _sdata = __data_start__
 *(vtable)
 *(.data*)
 .data          0x20000000       0x14 ..\obj\system_stm32f10x.o
                0x20000000                SystemCoreClock
                0x20000004                AHBPrescTable
 .data          0x20000014        0x1 ..\obj\main.o
 .data          0x20000015       0x14 ..\obj\stm32f10x_rcc.o
 *fill*         0x20000029        0x3 
 .data          0x2000002c       0x8e ..\obj\usb_prop.o
                0x2000002c                linecoding
                0x20000034                Device_Property
                0x20000064                Device_Descriptor
                0x2000006c                Config_Descriptor
                0x20000074                String_Descriptor
                0x20000094                User_Standard_Requests
                0x200000b8                Device_Table
 *fill*         0x200000ba        0x2 
 .data          0x200000bc       0x38 ..\obj\usb_istr.o
                0x200000bc                pEpInt_OUT
                0x200000d8                pEpInt_IN
 .data          0x200000f4       0x1a ..\obj\usb_desc.o
                0x200000f4                Virtual_Com_Port_StringSerial
 .data.__fdlib_version
                0x2000010e        0x1 c:/program files (x86)/gnu tools arm embedded/7 2017-q4-major/bin/../lib/gcc/arm-none-eabi/7.2.1/../../../../arm-none-eabi/lib/thumb/v7-m\libm.a(lib_a-s_lib_ver.o)
                0x2000010e                __fdlib_version
 *fill*         0x2000010f        0x1 
 .data._impure_ptr
                0x20000110        0x4 c:/program files (x86)/gnu tools arm embedded/7 2017-q4-major/bin/../lib/gcc/arm-none-eabi/7.2.1/../../../../arm-none-eabi/lib/thumb/v7-m\libg.a(lib_a-impure.o)
                0x20000110                _impure_ptr
 *fill*         0x20000114        0x4 
 .data.impure_data
                0x20000118      0x428 c:/program files (x86)/gnu tools arm embedded/7 2017-q4-major/bin/../lib/gcc/arm-none-eabi/7.2.1/../../../../arm-none-eabi/lib/thumb/v7-m\libg.a(lib_a-impure.o)
                0x20000540                . = ALIGN (0x4)
                [!provide]                PROVIDE (__preinit_array_start, .)
 *(.preinit_array)
                [!provide]                PROVIDE (__preinit_array_end, .)
                0x20000540                . = ALIGN (0x4)
                [!provide]                PROVIDE (__init_array_start, .)
 *(SORT_BY_NAME(.init_array.*))
 *(.init_array)
                [!provide]                PROVIDE (__init_array_end, .)
                0x20000540                . = ALIGN (0x4)
                [!provide]                PROVIDE (__fini_array_start, .)
 *(SORT_BY_NAME(.fini_array.*))
 *(.fini_array)
                [!provide]                PROVIDE (__fini_array_end, .)
 *(.jcr*)
                0x20000540                . = ALIGN (0x4)
                0x20000540                __data_end__ = .
                0x20000540                _edata = __data_end__

.igot.plt       0x20000540        0x0 load address 0x0800af70
 .igot.plt      0x20000540        0x0 ..\obj\stepper.o

.bss            0x20000540      0xf24 load address 0x0800af70
                0x20000540                . = ALIGN (0x4)
                0x20000540                __bss_start__ = .
                0x20000540                _sbss = __bss_start__
 *(.bss*)
 .bss           0x20000540      0x130 ..\obj\stepper.o
 .bss           0x20000670       0x50 ..\obj\protocol.o
 .bss           0x200006c0        0x4 ..\obj\usb_pwr.o
                0x200006c0                bDeviceState
 .bss           0x200006c4        0x8 ..\obj\usb_prop.o
                0x200006c4                Request
 .bss           0x200006cc        0x1 ..\obj\usb_istr.o
                0x200006cc                bIntPackSOF
 *fill*         0x200006cd        0x3 
 .bss           0x200006d0      0x504 ..\obj\planner.o
 .bss           0x20000bd4        0x8 ..\obj\serial.o
                0x20000bd4                serial_rx_buffer_tail
                0x20000bd6                serial_rx_buffer_head
                0x20000bd8                serial_tx_buffer_tail
                0x20000bd9                serial_tx_buffer_head
                0x20000bda                line_counter
 .bss           0x20000bdc        0x4 ..\obj\usb_core.o
                0x20000bdc                Data_Mul_MaxPacketSize
 *(COMMON)
 COMMON         0x20000be0        0x2 ..\obj\stepper.o
                0x20000be0                current_pwm
 COMMON         0x20000be2        0x4 ..\obj\usb_int.o
                0x20000be2                SaveRState
                0x20000be4                SaveTState
 *fill*         0x20000be6        0x2 
 COMMON         0x20000be8       0x3e ..\obj\main.o
                0x20000be8                sys_tool_state
                0x20000be9                sys_rt_exec_motion_override
                0x20000bec                sys
                0x20000c08                sys_rt_exec_accessory_override
                0x20000c09                sys_rt_exec_state
                0x20000c0a                sys_probe_state
                0x20000c0c                sys_probe_position
                0x20000c18                sys_position
                0x20000c24                sys_rt_exec_alarm
                0x20000c25                sys_m6_state
 *fill*         0x20000c26        0x2 
 COMMON         0x20000c28       0xa4 ..\obj\gcode.o
                0x20000c28                gc_state
                0x20000c70                gc_block
 COMMON         0x20000ccc      0x400 ..\obj\eeprom.o
                0x20000ccc                EE_Buffer
 COMMON         0x200010cc        0x2 ..\obj\usb_istr.o
                0x200010cc                wIstr
 *fill*         0x200010ce        0x2 
 COMMON         0x200010d0       0xa0 ..\obj\settings.o
                0x200010d0                settings
 COMMON         0x20001170      0x274 ..\obj\serial.o
                0x20001170                serial_tx_buffer
                0x200011f0                serial_rx_buffer
 COMMON         0x200013e4        0x1 ..\obj\probe.o
                0x200013e4                probe_invert_mask
 *fill*         0x200013e5        0x3 
 COMMON         0x200013e8        0x6 ..\obj\spindle_control.o
                0x200013e8                pwm_gradient
                0x200013ec                time_base
 *fill*         0x200013ee        0x2 
 COMMON         0x200013f0       0x32 ..\obj\usb_init.o
                0x200013f0                SaveState
                0x200013f4                pProperty
                0x200013f8                EPindex
                0x200013fc                Device_Info
                0x20001418                pUser_Standard_Requests
                0x2000141c                pInformation
                0x20001420                wInterrupt_Mask
 COMMON         0x20001422        0x2 ..\obj\usb_core.o
                0x20001422                StatusInfo
 COMMON         0x20001424       0x40 ..\obj\usb_endp.o
                0x20001424                USB_Rx_Buffer
                0x20001464                . = ALIGN (0x4)
                0x20001464                __bss_end__ = .
                0x20001464                _ebss = __bss_end__

.heap           0x20001464        0x0
                0x20001464                __end__ = .
                0x20001464                _end = __end__
                0x20001464                end = __end__
 *(.heap*)
                0x20001464                __HeapLimit = .

.co_stack       0x20001464     0x1804 load address 0x0800be94
                0x20001468                . = ALIGN (0x8)
 *fill*         0x20001464        0x4 
 *(.co_stack .co_stack.*)
 .co_stack      0x20001468     0x1800 ..\obj\startup_stm32f10x_md.o
                0x20001468                pulStack
                0x20005000                __StackTop = (ORIGIN (ram) + LENGTH (ram))
                0x200037fc                __StackLimit = (__StackTop - SIZEOF (.co_stack))
                [!provide]                PROVIDE (__stack, __StackTop)
                0x00000001                ASSERT ((__StackLimit >= __HeapLimit), region ram  overflowed with stack)
LOAD ..\obj\stepper.o
LOAD ..\obj\misc.o
LOAD ..\obj\jog.o
LOAD ..\obj\protocol.o
LOAD ..\obj\usb_sil.o
LOAD ..\obj\nuts_bolts.o
LOAD ..\obj\startup_stm32f10x_md.o
LOAD ..\obj\stm32f10x_gpio.o
LOAD ..\obj\system_stm32f10x.o
LOAD ..\obj\usb_int.o
LOAD ..\obj\stm32f10x_rct.o
LOAD ..\obj\main.o
LOAD ..\obj\usb_pwr.o
LOAD ..\obj\stm32f10x_rcc.o
LOAD ..\obj\gcode.o
LOAD ..\obj\eeprom.o
LOAD ..\obj\usb_prop.o
LOAD ..\obj\usb_istr.o
LOAD ..\obj\planner.o
LOAD ..\obj\PID_C_stm32.o
LOAD ..\obj\settings.o
LOAD ..\obj\report.o
LOAD ..\obj\system.o
LOAD ..\obj\motion_control.o
LOAD ..\obj\usb_desc.o
LOAD ..\obj\hw_config.o
LOAD ..\obj\stm32f10x_tim.o
LOAD ..\obj\stm32f10x_spi.o
LOAD ..\obj\coolant_control.o
LOAD ..\obj\limits.o
LOAD ..\obj\serial.o
LOAD ..\obj\usb_mem.o
LOAD ..\obj\tool.o
LOAD ..\obj\probe.o
LOAD ..\obj\stm32f10x_usart.o
LOAD ..\obj\spindle_control.o
LOAD ..\obj\spi.o
LOAD ..\obj\stm32f10x_exti.o
LOAD ..\obj\usb_init.o
LOAD ..\obj\usb_core.o
LOAD ..\obj\stm32f10x_flash.o
LOAD ..\obj\print.o
LOAD ..\obj\usb_endp.o
LOAD ..\obj\usb_regs.o
LOAD ..\obj\stm32f10x_it.o
LOAD c:/program files (x86)/gnu tools arm embedded/7 2017-q4-major/bin/../lib/gcc/arm-none-eabi/7.2.1/../../../../arm-none-eabi/lib/thumb/v7-m\libm.a
START GROUP
LOAD c:/program files (x86)/gnu tools arm embedded/7 2017-q4-major/bin/../lib/gcc/arm-none-eabi/7.2.1/thumb/v7-m\libgcc.a
LOAD c:/program files (x86)/gnu tools arm embedded/7 2017-q4-major/bin/../lib/gcc/arm-none-eabi/7.2.1/../../../../arm-none-eabi/lib/thumb/v7-m\libg.a
LOAD c:/program files (x86)/gnu tools arm embedded/7 2017-q4-major/bin/../lib/gcc/arm-none-eabi/7.2.1/../../../../arm-none-eabi/lib/thumb/v7-m\libc.a
END GROUP
OUTPUT(stm32grbl.elf elf32-littlearm)

.comment        0x00000000       0x7e
 .comment       0x00000000       0x7e ..\obj\stepper.o
                                 0x7f (size before relaxing)
 .comment       0x0000007e       0x7f ..\obj\misc.o
 .comment       0x0000007e       0x7f ..\obj\jog.o
 .comment       0x0000007e       0x7f ..\obj\protocol.o
 .comment       0x0000007e       0x7f ..\obj\usb_sil.o
 .comment       0x0000007e       0x7f ..\obj\nuts_bolts.o
 .comment       0x0000007e       0x7f ..\obj\startup_stm32f10x_md.o
 .comment       0x0000007e       0x7f ..\obj\stm32f10x_gpio.o
 .comment       0x0000007e       0x7f ..\obj\system_stm32f10x.o
 .comment       0x0000007e       0x7f ..\obj\usb_int.o
 .comment       0x0000007e       0x7f ..\obj\main.o
 .comment       0x0000007e       0x7f ..\obj\usb_pwr.o
 .comment       0x0000007e       0x7f ..\obj\stm32f10x_rcc.o
 .comment       0x0000007e       0x7f ..\obj\gcode.o
 .comment       0x0000007e       0x7f ..\obj\eeprom.o
 .comment       0x0000007e       0x7f ..\obj\usb_prop.o
 .comment       0x0000007e       0x7f ..\obj\usb_istr.o
 .comment       0x0000007e       0x7f ..\obj\planner.o
 .comment       0x0000007e       0x7f ..\obj\settings.o
 .comment       0x0000007e       0x7f ..\obj\report.o
 .comment       0x0000007e       0x7f ..\obj\system.o
 .comment       0x0000007e       0x7f ..\obj\motion_control.o
 .comment       0x0000007e       0x7f ..\obj\usb_desc.o
 .comment       0x0000007e       0x7f ..\obj\hw_config.o
 .comment       0x0000007e       0x7f ..\obj\stm32f10x_tim.o
 .comment       0x0000007e       0x7f ..\obj\coolant_control.o
 .comment       0x0000007e       0x7f ..\obj\limits.o
 .comment       0x0000007e       0x7f ..\obj\serial.o
 .comment       0x0000007e       0x7f ..\obj\usb_mem.o
 .comment       0x0000007e       0x7f ..\obj\tool.o
 .comment       0x0000007e       0x7f ..\obj\probe.o
 .comment       0x0000007e       0x7f ..\obj\stm32f10x_usart.o
 .comment       0x0000007e       0x7f ..\obj\spindle_control.o
 .comment       0x0000007e       0x7f ..\obj\stm32f10x_exti.o
 .comment       0x0000007e       0x7f ..\obj\usb_init.o
 .comment       0x0000007e       0x7f ..\obj\usb_core.o
 .comment       0x0000007e       0x7f ..\obj\stm32f10x_flash.o
 .comment       0x0000007e       0x7f ..\obj\print.o
 .comment       0x0000007e       0x7f ..\obj\usb_endp.o
 .comment       0x0000007e       0x7f ..\obj\usb_regs.o
 .comment       0x0000007e       0x7f ..\obj\stm32f10x_it.o

.ARM.attributes
                0x00000000       0x33
 .ARM.attributes
                0x00000000       0x33 ..\obj\stepper.o
 .ARM.attributes
                0x00000033       0x33 ..\obj\misc.o
 .ARM.attributes
                0x00000066       0x33 ..\obj\jog.o
 .ARM.attributes
                0x00000099       0x33 ..\obj\protocol.o
 .ARM.attributes
                0x000000cc       0x33 ..\obj\usb_sil.o
 .ARM.attributes
                0x000000ff       0x33 ..\obj\nuts_bolts.o
 .ARM.attributes
                0x00000132       0x33 ..\obj\startup_stm32f10x_md.o
 .ARM.attributes
                0x00000165       0x33 ..\obj\stm32f10x_gpio.o
 .ARM.attributes
                0x00000198       0x33 ..\obj\system_stm32f10x.o
 .ARM.attributes
                0x000001cb       0x33 ..\obj\usb_int.o
 .ARM.attributes
                0x000001fe       0x33 ..\obj\main.o
 .ARM.attributes
                0x00000231       0x33 ..\obj\usb_pwr.o
 .ARM.attributes
                0x00000264       0x33 ..\obj\stm32f10x_rcc.o
 .ARM.attributes
                0x00000297       0x33 ..\obj\gcode.o
 .ARM.attributes
                0x000002ca       0x33 ..\obj\eeprom.o
 .ARM.attributes
                0x000002fd       0x33 ..\obj\usb_prop.o
 .ARM.attributes
                0x00000330       0x33 ..\obj\usb_istr.o
 .ARM.attributes
                0x00000363       0x33 ..\obj\planner.o
 .ARM.attributes
                0x00000396       0x33 ..\obj\settings.o
 .ARM.attributes
                0x000003c9       0x33 ..\obj\report.o
 .ARM.attributes
                0x000003fc       0x33 ..\obj\system.o
 .ARM.attributes
                0x0000042f       0x33 ..\obj\motion_control.o
 .ARM.attributes
                0x00000462       0x33 ..\obj\usb_desc.o
 .ARM.attributes
                0x00000495       0x33 ..\obj\hw_config.o
 .ARM.attributes
                0x000004c8       0x33 ..\obj\stm32f10x_tim.o
 .ARM.attributes
                0x000004fb       0x33 ..\obj\coolant_control.o
 .ARM.attributes
                0x0000052e       0x33 ..\obj\limits.o
 .ARM.attributes
                0x00000561       0x33 ..\obj\serial.o
 .ARM.attributes
                0x00000594       0x33 ..\obj\usb_mem.o
 .ARM.attributes
                0x000005c7       0x33 ..\obj\tool.o
 .ARM.attributes
                0x000005fa       0x33 ..\obj\probe.o
 .ARM.attributes
                0x0000062d       0x33 ..\obj\stm32f10x_usart.o
 .ARM.attributes
                0x00000660       0x33 ..\obj\spindle_control.o
 .ARM.attributes
                0x00000693       0x33 ..\obj\stm32f10x_exti.o
 .ARM.attributes
                0x000006c6       0x33 ..\obj\usb_init.o
 .ARM.attributes
                0x000006f9       0x33 ..\obj\usb_core.o
 .ARM.attributes
                0x0000072c       0x33 ..\obj\stm32f10x_flash.o
 .ARM.attributes
                0x0000075f       0x33 ..\obj\print.o
 .ARM.attributes
                0x00000792       0x33 ..\obj\usb_endp.o
 .ARM.attributes
                0x000007c5       0x33 ..\obj\usb_regs.o
 .ARM.attributes
                0x000007f8       0x33 ..\obj\stm32f10x_it.o
 .ARM.attributes
                0x0000082b       0x2d c:/program files (x86)/gnu tools arm embedded/7 2017-q4-major/bin/../lib/gcc/arm-none-eabi/7.2.1/../../../../arm-none-eabi/lib/thumb/v7-m\libm.a(lib_a-s_cos.o)
 .ARM.attributes
                0x00000858       0x2d c:/program files (x86)/gnu tools arm embedded/7 2017-q4-major/bin/../lib/gcc/arm-none-eabi/7.2.1/../../../../arm-none-eabi/lib/thumb/v7-m\libm.a(lib_a-s_lround.o)
 .ARM.attributes
                0x00000885       0x2d c:/program files (x86)/gnu tools arm embedded/7 2017-q4-major/bin/../lib/gcc/arm-none-eabi/7.2.1/../../../../arm-none-eabi/lib/thumb/v7-m\libm.a(lib_a-s_sin.o)
 .ARM.attributes
                0x000008b2       0x2d c:/program files (x86)/gnu tools arm embedded/7 2017-q4-major/bin/../lib/gcc/arm-none-eabi/7.2.1/../../../../arm-none-eabi/lib/thumb/v7-m\libm.a(lib_a-sf_ceil.o)
 .ARM.attributes
                0x000008df       0x2d c:/program files (x86)/gnu tools arm embedded/7 2017-q4-major/bin/../lib/gcc/arm-none-eabi/7.2.1/../../../../arm-none-eabi/lib/thumb/v7-m\libm.a(lib_a-sf_floor.o)
 .ARM.attributes
                0x0000090c       0x2d c:/program files (x86)/gnu tools arm embedded/7 2017-q4-major/bin/../lib/gcc/arm-none-eabi/7.2.1/../../../../arm-none-eabi/lib/thumb/v7-m\libm.a(lib_a-sf_lround.o)
 .ARM.attributes
                0x00000939       0x2d c:/program files (x86)/gnu tools arm embedded/7 2017-q4-major/bin/../lib/gcc/arm-none-eabi/7.2.1/../../../../arm-none-eabi/lib/thumb/v7-m\libm.a(lib_a-sf_trunc.o)
 .ARM.attributes
                0x00000966       0x2d c:/program files (x86)/gnu tools arm embedded/7 2017-q4-major/bin/../lib/gcc/arm-none-eabi/7.2.1/../../../../arm-none-eabi/lib/thumb/v7-m\libm.a(lib_a-w_atan2.o)
 .ARM.attributes
                0x00000993       0x2d c:/program files (x86)/gnu tools arm embedded/7 2017-q4-major/bin/../lib/gcc/arm-none-eabi/7.2.1/../../../../arm-none-eabi/lib/thumb/v7-m\libm.a(lib_a-w_sqrt.o)
 .ARM.attributes
                0x000009c0       0x2d c:/program files (x86)/gnu tools arm embedded/7 2017-q4-major/bin/../lib/gcc/arm-none-eabi/7.2.1/../../../../arm-none-eabi/lib/thumb/v7-m\libm.a(lib_a-wf_sqrt.o)
 .ARM.attributes
                0x000009ed       0x2d c:/program files (x86)/gnu tools arm embedded/7 2017-q4-major/bin/../lib/gcc/arm-none-eabi/7.2.1/../../../../arm-none-eabi/lib/thumb/v7-m\libm.a(lib_a-e_atan2.o)
 .ARM.attributes
                0x00000a1a       0x2d c:/program files (x86)/gnu tools arm embedded/7 2017-q4-major/bin/../lib/gcc/arm-none-eabi/7.2.1/../../../../arm-none-eabi/lib/thumb/v7-m\libm.a(lib_a-e_rem_pio2.o)
 .ARM.attributes
                0x00000a47       0x2d c:/program files (x86)/gnu tools arm embedded/7 2017-q4-major/bin/../lib/gcc/arm-none-eabi/7.2.1/../../../../arm-none-eabi/lib/thumb/v7-m\libm.a(lib_a-e_sqrt.o)
 .ARM.attributes
                0x00000a74       0x2d c:/program files (x86)/gnu tools arm embedded/7 2017-q4-major/bin/../lib/gcc/arm-none-eabi/7.2.1/../../../../arm-none-eabi/lib/thumb/v7-m\libm.a(lib_a-ef_sqrt.o)
 .ARM.attributes
                0x00000aa1       0x2d c:/program files (x86)/gnu tools arm embedded/7 2017-q4-major/bin/../lib/gcc/arm-none-eabi/7.2.1/../../../../arm-none-eabi/lib/thumb/v7-m\libm.a(lib_a-k_cos.o)
 .ARM.attributes
                0x00000ace       0x2d c:/program files (x86)/gnu tools arm embedded/7 2017-q4-major/bin/../lib/gcc/arm-none-eabi/7.2.1/../../../../arm-none-eabi/lib/thumb/v7-m\libm.a(lib_a-k_rem_pio2.o)
 .ARM.attributes
                0x00000afb       0x2d c:/program files (x86)/gnu tools arm embedded/7 2017-q4-major/bin/../lib/gcc/arm-none-eabi/7.2.1/../../../../arm-none-eabi/lib/thumb/v7-m\libm.a(lib_a-k_sin.o)
 .ARM.attributes
                0x00000b28       0x2d c:/program files (x86)/gnu tools arm embedded/7 2017-q4-major/bin/../lib/gcc/arm-none-eabi/7.2.1/../../../../arm-none-eabi/lib/thumb/v7-m\libm.a(lib_a-s_atan.o)
 .ARM.attributes
                0x00000b55       0x2d c:/program files (x86)/gnu tools arm embedded/7 2017-q4-major/bin/../lib/gcc/arm-none-eabi/7.2.1/../../../../arm-none-eabi/lib/thumb/v7-m\libm.a(lib_a-s_fabs.o)
 .ARM.attributes
                0x00000b82       0x2d c:/program files (x86)/gnu tools arm embedded/7 2017-q4-major/bin/../lib/gcc/arm-none-eabi/7.2.1/../../../../arm-none-eabi/lib/thumb/v7-m\libm.a(lib_a-s_floor.o)
 .ARM.attributes
                0x00000baf       0x2d c:/program files (x86)/gnu tools arm embedded/7 2017-q4-major/bin/../lib/gcc/arm-none-eabi/7.2.1/../../../../arm-none-eabi/lib/thumb/v7-m\libm.a(lib_a-s_lib_ver.o)
 .ARM.attributes
                0x00000bdc       0x2d c:/program files (x86)/gnu tools arm embedded/7 2017-q4-major/bin/../lib/gcc/arm-none-eabi/7.2.1/../../../../arm-none-eabi/lib/thumb/v7-m\libm.a(lib_a-s_matherr.o)
 .ARM.attributes
                0x00000c09       0x2d c:/program files (x86)/gnu tools arm embedded/7 2017-q4-major/bin/../lib/gcc/arm-none-eabi/7.2.1/../../../../arm-none-eabi/lib/thumb/v7-m\libm.a(lib_a-s_scalbn.o)
 .ARM.attributes
                0x00000c36       0x2d c:/program files (x86)/gnu tools arm embedded/7 2017-q4-major/bin/../lib/gcc/arm-none-eabi/7.2.1/../../../../arm-none-eabi/lib/thumb/v7-m\libm.a(lib_a-s_copysign.o)
 .ARM.attributes
                0x00000c63       0x1d c:/program files (x86)/gnu tools arm embedded/7 2017-q4-major/bin/../lib/gcc/arm-none-eabi/7.2.1/thumb/v7-m\libgcc.a(_arm_addsubdf3.o)
 .ARM.attributes
                0x00000c80       0x1d c:/program files (x86)/gnu tools arm embedded/7 2017-q4-major/bin/../lib/gcc/arm-none-eabi/7.2.1/thumb/v7-m\libgcc.a(_arm_muldivdf3.o)
 .ARM.attributes
                0x00000c9d       0x1d c:/program files (x86)/gnu tools arm embedded/7 2017-q4-major/bin/../lib/gcc/arm-none-eabi/7.2.1/thumb/v7-m\libgcc.a(_arm_cmpdf2.o)
 .ARM.attributes
                0x00000cba       0x1d c:/program files (x86)/gnu tools arm embedded/7 2017-q4-major/bin/../lib/gcc/arm-none-eabi/7.2.1/thumb/v7-m\libgcc.a(_arm_unorddf2.o)
 .ARM.attributes
                0x00000cd7       0x1d c:/program files (x86)/gnu tools arm embedded/7 2017-q4-major/bin/../lib/gcc/arm-none-eabi/7.2.1/thumb/v7-m\libgcc.a(_arm_fixdfsi.o)
 .ARM.attributes
                0x00000cf4       0x1d c:/program files (x86)/gnu tools arm embedded/7 2017-q4-major/bin/../lib/gcc/arm-none-eabi/7.2.1/thumb/v7-m\libgcc.a(_arm_truncdfsf2.o)
 .ARM.attributes
                0x00000d11       0x1d c:/program files (x86)/gnu tools arm embedded/7 2017-q4-major/bin/../lib/gcc/arm-none-eabi/7.2.1/thumb/v7-m\libgcc.a(_arm_addsubsf3.o)
 .ARM.attributes
                0x00000d2e       0x1d c:/program files (x86)/gnu tools arm embedded/7 2017-q4-major/bin/../lib/gcc/arm-none-eabi/7.2.1/thumb/v7-m\libgcc.a(_arm_muldivsf3.o)
 .ARM.attributes
                0x00000d4b       0x1d c:/program files (x86)/gnu tools arm embedded/7 2017-q4-major/bin/../lib/gcc/arm-none-eabi/7.2.1/thumb/v7-m\libgcc.a(_arm_cmpsf2.o)
 .ARM.attributes
                0x00000d68       0x1d c:/program files (x86)/gnu tools arm embedded/7 2017-q4-major/bin/../lib/gcc/arm-none-eabi/7.2.1/thumb/v7-m\libgcc.a(_arm_unordsf2.o)
 .ARM.attributes
                0x00000d85       0x1d c:/program files (x86)/gnu tools arm embedded/7 2017-q4-major/bin/../lib/gcc/arm-none-eabi/7.2.1/thumb/v7-m\libgcc.a(_arm_fixsfsi.o)
 .ARM.attributes
                0x00000da2       0x1d c:/program files (x86)/gnu tools arm embedded/7 2017-q4-major/bin/../lib/gcc/arm-none-eabi/7.2.1/thumb/v7-m\libgcc.a(_arm_fixunssfsi.o)
 .ARM.attributes
                0x00000dbf       0x2d c:/program files (x86)/gnu tools arm embedded/7 2017-q4-major/bin/../lib/gcc/arm-none-eabi/7.2.1/../../../../arm-none-eabi/lib/thumb/v7-m\libg.a(lib_a-errno.o)
 .ARM.attributes
                0x00000dec       0x2d c:/program files (x86)/gnu tools arm embedded/7 2017-q4-major/bin/../lib/gcc/arm-none-eabi/7.2.1/../../../../arm-none-eabi/lib/thumb/v7-m\libg.a(lib_a-impure.o)
 .ARM.attributes
                0x00000e19       0x2d c:/program files (x86)/gnu tools arm embedded/7 2017-q4-major/bin/../lib/gcc/arm-none-eabi/7.2.1/../../../../arm-none-eabi/lib/thumb/v7-m\libg.a(lib_a-memcmp.o)
 .ARM.attributes
                0x00000e46       0x2d c:/program files (x86)/gnu tools arm embedded/7 2017-q4-major/bin/../lib/gcc/arm-none-eabi/7.2.1/../../../../arm-none-eabi/lib/thumb/v7-m\libg.a(lib_a-memset.o)

.debug_frame    0x00000000      0x92c
 .debug_frame   0x00000000       0x38 c:/program files (x86)/gnu tools arm embedded/7 2017-q4-major/bin/../lib/gcc/arm-none-eabi/7.2.1/../../../../arm-none-eabi/lib/thumb/v7-m\libm.a(lib_a-s_cos.o)
 .debug_frame   0x00000038       0x2c c:/program files (x86)/gnu tools arm embedded/7 2017-q4-major/bin/../lib/gcc/arm-none-eabi/7.2.1/../../../../arm-none-eabi/lib/thumb/v7-m\libm.a(lib_a-s_lround.o)
 .debug_frame   0x00000064       0x38 c:/program files (x86)/gnu tools arm embedded/7 2017-q4-major/bin/../lib/gcc/arm-none-eabi/7.2.1/../../../../arm-none-eabi/lib/thumb/v7-m\libm.a(lib_a-s_sin.o)
 .debug_frame   0x0000009c       0x30 c:/program files (x86)/gnu tools arm embedded/7 2017-q4-major/bin/../lib/gcc/arm-none-eabi/7.2.1/../../../../arm-none-eabi/lib/thumb/v7-m\libm.a(lib_a-sf_ceil.o)
 .debug_frame   0x000000cc       0x30 c:/program files (x86)/gnu tools arm embedded/7 2017-q4-major/bin/../lib/gcc/arm-none-eabi/7.2.1/../../../../arm-none-eabi/lib/thumb/v7-m\libm.a(lib_a-sf_floor.o)
 .debug_frame   0x000000fc       0x28 c:/program files (x86)/gnu tools arm embedded/7 2017-q4-major/bin/../lib/gcc/arm-none-eabi/7.2.1/../../../../arm-none-eabi/lib/thumb/v7-m\libm.a(lib_a-sf_lround.o)
 .debug_frame   0x00000124       0x20 c:/program files (x86)/gnu tools arm embedded/7 2017-q4-major/bin/../lib/gcc/arm-none-eabi/7.2.1/../../../../arm-none-eabi/lib/thumb/v7-m\libm.a(lib_a-sf_trunc.o)
 .debug_frame   0x00000144       0x20 c:/program files (x86)/gnu tools arm embedded/7 2017-q4-major/bin/../lib/gcc/arm-none-eabi/7.2.1/../../../../arm-none-eabi/lib/thumb/v7-m\libm.a(lib_a-w_atan2.o)
 .debug_frame   0x00000164       0x44 c:/program files (x86)/gnu tools arm embedded/7 2017-q4-major/bin/../lib/gcc/arm-none-eabi/7.2.1/../../../../arm-none-eabi/lib/thumb/v7-m\libm.a(lib_a-w_sqrt.o)
 .debug_frame   0x000001a8       0x3c c:/program files (x86)/gnu tools arm embedded/7 2017-q4-major/bin/../lib/gcc/arm-none-eabi/7.2.1/../../../../arm-none-eabi/lib/thumb/v7-m\libm.a(lib_a-wf_sqrt.o)
 .debug_frame   0x000001e4       0x48 c:/program files (x86)/gnu tools arm embedded/7 2017-q4-major/bin/../lib/gcc/arm-none-eabi/7.2.1/../../../../arm-none-eabi/lib/thumb/v7-m\libm.a(lib_a-e_atan2.o)
 .debug_frame   0x0000022c       0x48 c:/program files (x86)/gnu tools arm embedded/7 2017-q4-major/bin/../lib/gcc/arm-none-eabi/7.2.1/../../../../arm-none-eabi/lib/thumb/v7-m\libm.a(lib_a-e_rem_pio2.o)
 .debug_frame   0x00000274       0x30 c:/program files (x86)/gnu tools arm embedded/7 2017-q4-major/bin/../lib/gcc/arm-none-eabi/7.2.1/../../../../arm-none-eabi/lib/thumb/v7-m\libm.a(lib_a-e_sqrt.o)
 .debug_frame   0x000002a4       0x30 c:/program files (x86)/gnu tools arm embedded/7 2017-q4-major/bin/../lib/gcc/arm-none-eabi/7.2.1/../../../../arm-none-eabi/lib/thumb/v7-m\libm.a(lib_a-ef_sqrt.o)
 .debug_frame   0x000002d4       0x4c c:/program files (x86)/gnu tools arm embedded/7 2017-q4-major/bin/../lib/gcc/arm-none-eabi/7.2.1/../../../../arm-none-eabi/lib/thumb/v7-m\libm.a(lib_a-k_cos.o)
 .debug_frame   0x00000320       0x58 c:/program files (x86)/gnu tools arm embedded/7 2017-q4-major/bin/../lib/gcc/arm-none-eabi/7.2.1/../../../../arm-none-eabi/lib/thumb/v7-m\libm.a(lib_a-k_rem_pio2.o)
 .debug_frame   0x00000378       0x48 c:/program files (x86)/gnu tools arm embedded/7 2017-q4-major/bin/../lib/gcc/arm-none-eabi/7.2.1/../../../../arm-none-eabi/lib/thumb/v7-m\libm.a(lib_a-k_sin.o)
 .debug_frame   0x000003c0       0x38 c:/program files (x86)/gnu tools arm embedded/7 2017-q4-major/bin/../lib/gcc/arm-none-eabi/7.2.1/../../../../arm-none-eabi/lib/thumb/v7-m\libm.a(lib_a-s_atan.o)
 .debug_frame   0x000003f8       0x20 c:/program files (x86)/gnu tools arm embedded/7 2017-q4-major/bin/../lib/gcc/arm-none-eabi/7.2.1/../../../../arm-none-eabi/lib/thumb/v7-m\libm.a(lib_a-s_fabs.o)
 .debug_frame   0x00000418       0x34 c:/program files (x86)/gnu tools arm embedded/7 2017-q4-major/bin/../lib/gcc/arm-none-eabi/7.2.1/../../../../arm-none-eabi/lib/thumb/v7-m\libm.a(lib_a-s_floor.o)
 .debug_frame   0x0000044c       0x20 c:/program files (x86)/gnu tools arm embedded/7 2017-q4-major/bin/../lib/gcc/arm-none-eabi/7.2.1/../../../../arm-none-eabi/lib/thumb/v7-m\libm.a(lib_a-s_matherr.o)
 .debug_frame   0x0000046c       0x30 c:/program files (x86)/gnu tools arm embedded/7 2017-q4-major/bin/../lib/gcc/arm-none-eabi/7.2.1/../../../../arm-none-eabi/lib/thumb/v7-m\libm.a(lib_a-s_scalbn.o)
 .debug_frame   0x0000049c       0x20 c:/program files (x86)/gnu tools arm embedded/7 2017-q4-major/bin/../lib/gcc/arm-none-eabi/7.2.1/../../../../arm-none-eabi/lib/thumb/v7-m\libm.a(lib_a-s_copysign.o)
 .debug_frame   0x000004bc       0xac c:/program files (x86)/gnu tools arm embedded/7 2017-q4-major/bin/../lib/gcc/arm-none-eabi/7.2.1/thumb/v7-m\libgcc.a(_arm_addsubdf3.o)
 .debug_frame   0x00000568       0x50 c:/program files (x86)/gnu tools arm embedded/7 2017-q4-major/bin/../lib/gcc/arm-none-eabi/7.2.1/thumb/v7-m\libgcc.a(_arm_muldivdf3.o)
 .debug_frame   0x000005b8       0xc4 c:/program files (x86)/gnu tools arm embedded/7 2017-q4-major/bin/../lib/gcc/arm-none-eabi/7.2.1/thumb/v7-m\libgcc.a(_arm_cmpdf2.o)
 .debug_frame   0x0000067c       0x20 c:/program files (x86)/gnu tools arm embedded/7 2017-q4-major/bin/../lib/gcc/arm-none-eabi/7.2.1/thumb/v7-m\libgcc.a(_arm_unorddf2.o)
 .debug_frame   0x0000069c       0x24 c:/program files (x86)/gnu tools arm embedded/7 2017-q4-major/bin/../lib/gcc/arm-none-eabi/7.2.1/thumb/v7-m\libgcc.a(_arm_fixdfsi.o)
 .debug_frame   0x000006c0       0x24 c:/program files (x86)/gnu tools arm embedded/7 2017-q4-major/bin/../lib/gcc/arm-none-eabi/7.2.1/thumb/v7-m\libgcc.a(_arm_truncdfsf2.o)
 .debug_frame   0x000006e4       0x4c c:/program files (x86)/gnu tools arm embedded/7 2017-q4-major/bin/../lib/gcc/arm-none-eabi/7.2.1/thumb/v7-m\libgcc.a(_arm_addsubsf3.o)
 .debug_frame   0x00000730       0x38 c:/program files (x86)/gnu tools arm embedded/7 2017-q4-major/bin/../lib/gcc/arm-none-eabi/7.2.1/thumb/v7-m\libgcc.a(_arm_muldivsf3.o)
 .debug_frame   0x00000768       0xc8 c:/program files (x86)/gnu tools arm embedded/7 2017-q4-major/bin/../lib/gcc/arm-none-eabi/7.2.1/thumb/v7-m\libgcc.a(_arm_cmpsf2.o)
 .debug_frame   0x00000830       0x24 c:/program files (x86)/gnu tools arm embedded/7 2017-q4-major/bin/../lib/gcc/arm-none-eabi/7.2.1/thumb/v7-m\libgcc.a(_arm_unordsf2.o)
 .debug_frame   0x00000854       0x24 c:/program files (x86)/gnu tools arm embedded/7 2017-q4-major/bin/../lib/gcc/arm-none-eabi/7.2.1/thumb/v7-m\libgcc.a(_arm_fixsfsi.o)
 .debug_frame   0x00000878       0x24 c:/program files (x86)/gnu tools arm embedded/7 2017-q4-major/bin/../lib/gcc/arm-none-eabi/7.2.1/thumb/v7-m\libgcc.a(_arm_fixunssfsi.o)
 .debug_frame   0x0000089c       0x20 c:/program files (x86)/gnu tools arm embedded/7 2017-q4-major/bin/../lib/gcc/arm-none-eabi/7.2.1/../../../../arm-none-eabi/lib/thumb/v7-m\libg.a(lib_a-errno.o)
 .debug_frame   0x000008bc       0x38 c:/program files (x86)/gnu tools arm embedded/7 2017-q4-major/bin/../lib/gcc/arm-none-eabi/7.2.1/../../../../arm-none-eabi/lib/thumb/v7-m\libg.a(lib_a-memcmp.o)
 .debug_frame   0x000008f4       0x38 c:/program files (x86)/gnu tools arm embedded/7 2017-q4-major/bin/../lib/gcc/arm-none-eabi/7.2.1/../../../../arm-none-eabi/lib/thumb/v7-m\libg.a(lib_a-memset.o)
