Archive member included to satisfy reference by file (symbol)

c:/program files (x86)/gnu tools arm embedded/7 2017-q4-major/bin/../lib/gcc/arm-none-eabi/7.2.1/../../../../arm-none-eabi/lib/thumb/v7-m\libm.a(lib_a-s_cos.o)
                              ..\obj\motion_control.o (cos)
c:/program files (x86)/gnu tools arm embedded/7 2017-q4-major/bin/../lib/gcc/arm-none-eabi/7.2.1/../../../../arm-none-eabi/lib/thumb/v7-m\libm.a(lib_a-s_lround.o)
                              ..\obj\planner.o (lround)
c:/program files (x86)/gnu tools arm embedded/7 2017-q4-major/bin/../lib/gcc/arm-none-eabi/7.2.1/../../../../arm-none-eabi/lib/thumb/v7-m\libm.a(lib_a-s_sin.o)
                              ..\obj\motion_control.o (sin)
c:/program files (x86)/gnu tools arm embedded/7 2017-q4-major/bin/../lib/gcc/arm-none-eabi/7.2.1/../../../../arm-none-eabi/lib/thumb/v7-m\libm.a(lib_a-sf_ceil.o)
                              ..\obj\stepper.o (ceilf)
c:/program files (x86)/gnu tools arm embedded/7 2017-q4-major/bin/../lib/gcc/arm-none-eabi/7.2.1/../../../../arm-none-eabi/lib/thumb/v7-m\libm.a(lib_a-sf_floor.o)
                              ..\obj\motion_control.o (floorf)
c:/program files (x86)/gnu tools arm embedded/7 2017-q4-major/bin/../lib/gcc/arm-none-eabi/7.2.1/../../../../arm-none-eabi/lib/thumb/v7-m\libm.a(lib_a-sf_lround.o)
                              ..\obj\gcode.o (lroundf)
c:/program files (x86)/gnu tools arm embedded/7 2017-q4-major/bin/../lib/gcc/arm-none-eabi/7.2.1/../../../../arm-none-eabi/lib/thumb/v7-m\libm.a(lib_a-sf_trunc.o)
                              ..\obj\gcode.o (truncf)
c:/program files (x86)/gnu tools arm embedded/7 2017-q4-major/bin/../lib/gcc/arm-none-eabi/7.2.1/../../../../arm-none-eabi/lib/thumb/v7-m\libm.a(lib_a-w_atan2.o)
                              ..\obj\motion_control.o (atan2)
c:/program files (x86)/gnu tools arm embedded/7 2017-q4-major/bin/../lib/gcc/arm-none-eabi/7.2.1/../../../../arm-none-eabi/lib/thumb/v7-m\libm.a(lib_a-w_sqrt.o)
                              ..\obj\stepper.o (sqrt)
c:/program files (x86)/gnu tools arm embedded/7 2017-q4-major/bin/../lib/gcc/arm-none-eabi/7.2.1/../../../../arm-none-eabi/lib/thumb/v7-m\libm.a(lib_a-wf_sqrt.o)
                              ..\obj\nuts_bolts.o (sqrtf)
c:/program files (x86)/gnu tools arm embedded/7 2017-q4-major/bin/../lib/gcc/arm-none-eabi/7.2.1/../../../../arm-none-eabi/lib/thumb/v7-m\libm.a(lib_a-e_atan2.o)
                              c:/program files (x86)/gnu tools arm embedded/7 2017-q4-major/bin/../lib/gcc/arm-none-eabi/7.2.1/../../../../arm-none-eabi/lib/thumb/v7-m\libm.a(lib_a-w_atan2.o) (__ieee754_atan2)
c:/program files (x86)/gnu tools arm embedded/7 2017-q4-major/bin/../lib/gcc/arm-none-eabi/7.2.1/../../../../arm-none-eabi/lib/thumb/v7-m\libm.a(lib_a-e_rem_pio2.o)
                              c:/program files (x86)/gnu tools arm embedded/7 2017-q4-major/bin/../lib/gcc/arm-none-eabi/7.2.1/../../../../arm-none-eabi/lib/thumb/v7-m\libm.a(lib_a-s_cos.o) (__ieee754_rem_pio2)
c:/program files (x86)/gnu tools arm embedded/7 2017-q4-major/bin/../lib/gcc/arm-none-eabi/7.2.1/../../../../arm-none-eabi/lib/thumb/v7-m\libm.a(lib_a-e_sqrt.o)
                              c:/program files (x86)/gnu tools arm embedded/7 2017-q4-major/bin/../lib/gcc/arm-none-eabi/7.2.1/../../../../arm-none-eabi/lib/thumb/v7-m\libm.a(lib_a-w_sqrt.o) (__ieee754_sqrt)
c:/program files (x86)/gnu tools arm embedded/7 2017-q4-major/bin/../lib/gcc/arm-none-eabi/7.2.1/../../../../arm-none-eabi/lib/thumb/v7-m\libm.a(lib_a-ef_sqrt.o)
                              c:/program files (x86)/gnu tools arm embedded/7 2017-q4-major/bin/../lib/gcc/arm-none-eabi/7.2.1/../../../../arm-none-eabi/lib/thumb/v7-m\libm.a(lib_a-wf_sqrt.o) (__ieee754_sqrtf)
c:/program files (x86)/gnu tools arm embedded/7 2017-q4-major/bin/../lib/gcc/arm-none-eabi/7.2.1/../../../../arm-none-eabi/lib/thumb/v7-m\libm.a(lib_a-k_cos.o)
                              c:/program files (x86)/gnu tools arm embedded/7 2017-q4-major/bin/../lib/gcc/arm-none-eabi/7.2.1/../../../../arm-none-eabi/lib/thumb/v7-m\libm.a(lib_a-s_cos.o) (__kernel_cos)
c:/program files (x86)/gnu tools arm embedded/7 2017-q4-major/bin/../lib/gcc/arm-none-eabi/7.2.1/../../../../arm-none-eabi/lib/thumb/v7-m\libm.a(lib_a-k_rem_pio2.o)
                              c:/program files (x86)/gnu tools arm embedded/7 2017-q4-major/bin/../lib/gcc/arm-none-eabi/7.2.1/../../../../arm-none-eabi/lib/thumb/v7-m\libm.a(lib_a-e_rem_pio2.o) (__kernel_rem_pio2)
c:/program files (x86)/gnu tools arm embedded/7 2017-q4-major/bin/../lib/gcc/arm-none-eabi/7.2.1/../../../../arm-none-eabi/lib/thumb/v7-m\libm.a(lib_a-k_sin.o)
                              c:/program files (x86)/gnu tools arm embedded/7 2017-q4-major/bin/../lib/gcc/arm-none-eabi/7.2.1/../../../../arm-none-eabi/lib/thumb/v7-m\libm.a(lib_a-s_cos.o) (__kernel_sin)
[...]
Memory Configuration

Name             Origin             Length             Attributes
rom              0x08000000         0x00020000         xr
ram              0x20000000         0x00005000         xrw
*default*        0x00000000         0xffffffff

Linker script and memory map

                0x20005000                _eram = 0x20005000

.text           0x08000000     0xa888
 *(.isr_vector)
 .isr_vector    0x08000000      0x10c ..\obj\startup_stm32f10x_md.o
                0x08000000                g_pfnVectors
 *(.text*)
 .text.st_wake_up
                0x0800010c       0x94 ..\obj\stepper.o
                0x0800010c                st_wake_up
 .text.st_go_idle
                0x080001a0       0x78 ..\obj\stepper.o
                0x080001a0                st_go_idle
 .text.TIM2_IRQHandler
                0x08000218      0x238 ..\obj\stepper.o
                0x08000218                TIM2_IRQHandler
 .text.TIM3_IRQHandler
                0x08000450       0x54 ..\obj\stepper.o
                0x08000450                TIM3_IRQHandler
 .text.st_generate_step_dir_invert_masks
                0x080004a4       0x70 ..\obj\stepper.o
                0x080004a4                st_generate_step_dir_invert_masks
 .text.st_reset
                0x08000514       0x88 ..\obj\stepper.o
                0x08000514                st_reset
 .text.st_update_plan_block_parameters
                0x0800059c       0x30 ..\obj\stepper.o
                0x0800059c                st_update_plan_block_parameters
 .text.st_prep_buffer
                0x080005cc      0x7d4 ..\obj\stepper.o
                0x080005cc                st_prep_buffer
 .text.st_get_realtime_rate
                0x08000da0       0x1c ..\obj\stepper.o
                0x08000da0                st_get_realtime_rate
 .text.TIM_Configuration
                0x08000dbc       0x90 ..\obj\stepper.o
                0x08000dbc                TIM_Configuration
 .text.stepper_init
                0x08000e4c       0xf8 ..\obj\stepper.o
                0x08000e4c                stepper_init
 .text.NVIC_PriorityGroupConfig
                0x08000f44       0x14 ..\obj\misc.o
                0x08000f44                NVIC_PriorityGroupConfig
 .text.NVIC_Init
                0x08000f58       0x58 ..\obj\misc.o
                0x08000f58                NVIC_Init
 .text.jog_execute
                0x08000fb0       0x5c ..\obj\jog.o
                0x08000fb0                jog_execute
 .text.protocol_auto_cycle_start
                0x0800100c       0x14 ..\obj\protocol.o
                0x0800100c                protocol_auto_cycle_start
 .text.protocol_exec_rt_system
                0x08001020      0x368 ..\obj\protocol.o
                0x08001020                protocol_exec_rt_system
 .text.protocol_execute_realtime
                0x08001388      0x1a8 ..\obj\protocol.o
                0x08001388                protocol_execute_realtime
 .text.protocol_main_loop
                0x08001530      0x12c ..\obj\protocol.o
                0x08001530                protocol_main_loop
 .text.protocol_buffer_synchronize
                0x0800165c       0x24 ..\obj\protocol.o
                0x0800165c                protocol_buffer_synchronize
 .text.USB_SIL_Init
                0x08001680       0x20 ..\obj\usb_sil.o
                0x08001680                USB_SIL_Init
 .text.USB_SIL_Read
                0x080016a0       0x24 ..\obj\usb_sil.o
                0x080016a0                USB_SIL_Read
 .text.read_float
                0x080016c4       0xe0 ..\obj\nuts_bolts.o
                0x080016c4                read_float
 .text.delay_sec
                0x080017a4       0x44 ..\obj\nuts_bolts.o
                0x080017a4                delay_sec
 .text.delay_ms
                0x080017e8       0x1a ..\obj\nuts_bolts.o
                0x080017e8                delay_ms
 .text.hypot_f  0x08001802       0x2a ..\obj\nuts_bolts.o
                0x08001802                hypot_f
 .text.convert_delta_vector_to_unit_vector
                0x0800182c       0x6c ..\obj\nuts_bolts.o
                0x0800182c                convert_delta_vector_to_unit_vector
 .text.limit_value_by_axis_maximum
                0x08001898       0x48 ..\obj\nuts_bolts.o
                0x08001898                limit_value_by_axis_maximum
 .text.Default_Handler
                0x080018e0        0x2 ..\obj\startup_stm32f10x_md.o
                0x080018e0                EXTI2_IRQHandler
                0x080018e0                TIM1_CC_IRQHandler
                0x080018e0                PVD_IRQHandler
                0x080018e0                EXTI3_IRQHandler
                0x080018e0                EXTI0_IRQHandler
                0x080018e0                I2C2_EV_IRQHandler
                0x080018e0                ADC1_2_IRQHandler
                0x080018e0                SPI1_IRQHandler
                0x080018e0                TAMPER_IRQHandler
                0x080018e0                DMA1_Channel4_IRQHandler
                0x080018e0                USART3_IRQHandler
                0x080018e0                RTC_IRQHandler
                0x080018e0                DMA1_Channel7_IRQHandler
                0x080018e0                CAN1_RX1_IRQHandler
                0x080018e0                TIM4_IRQHandler
                0x080018e0                I2C1_EV_IRQHandler
                0x080018e0                DMA1_Channel6_IRQHandler
                0x080018e0                RCC_IRQHandler
                0x080018e0                TIM1_TRG_COM_IRQHandler
                0x080018e0                DMA1_Channel1_IRQHandler
                0x080018e0                SPI2_IRQHandler
                0x080018e0                DMA1_Channel5_IRQHandler
                0x080018e0                EXTI4_IRQHandler
                0x080018e0                USB_HP_CAN1_TX_IRQHandler
                0x080018e0                DMA1_Channel3_IRQHandler
                0x080018e0                TIM1_UP_IRQHandler
                0x080018e0                WWDG_IRQHandler
                0x080018e0                TIM1_BRK_IRQHandler
                0x080018e0                EXTI1_IRQHandler
                0x080018e0                RTCAlarm_IRQHandler
                0x080018e0                USART2_IRQHandler
                0x080018e0                I2C2_ER_IRQHandler
                0x080018e0                DMA1_Channel2_IRQHandler
                0x080018e0                CAN1_SCE_IRQHandler
                0x080018e0                FLASH_IRQHandler
                0x080018e0                I2C1_ER_IRQHandler
                0x080018e0                USBWakeUp_IRQHandler
 *fill*         0x080018e2        0x2 
 .text.Default_Reset_Handler
                0x080018e4       0x48 ..\obj\startup_stm32f10x_md.o
                0x080018e4                Default_Reset_Handler
                0x080018e4                Reset_Handler
 .text.GPIO_Init
                0x0800192c       0xa6 ..\obj\stm32f10x_gpio.o
                0x0800192c                GPIO_Init
 .text.GPIO_StructInit
                0x080019d2       0x10 ..\obj\stm32f10x_gpio.o
                0x080019d2                GPIO_StructInit
 .text.GPIO_ReadInputData
                0x080019e2        0x6 ..\obj\stm32f10x_gpio.o
                0x080019e2                GPIO_ReadInputData
 .text.GPIO_ReadOutputData
                0x080019e8        0x6 ..\obj\stm32f10x_gpio.o
                0x080019e8                GPIO_ReadOutputData
 .text.GPIO_SetBits
                0x080019ee        0x4 ..\obj\stm32f10x_gpio.o
                0x080019ee                GPIO_SetBits
 .text.GPIO_ResetBits
                0x080019f2        0x4 ..\obj\stm32f10x_gpio.o
                0x080019f2                GPIO_ResetBits
 .text.GPIO_WriteBit
                0x080019f6        0xa ..\obj\stm32f10x_gpio.o
                0x080019f6                GPIO_WriteBit
 .text.GPIO_Write
                0x08001a00        0x4 ..\obj\stm32f10x_gpio.o
                0x08001a00                GPIO_Write
 .text.GPIO_PinLockConfig
                0x08001a04       0x10 ..\obj\stm32f10x_gpio.o
                0x08001a04                GPIO_PinLockConfig
 .text.GPIO_EXTILineConfig
                0x08001a14       0x2a ..\obj\stm32f10x_gpio.o
                0x08001a14                GPIO_EXTILineConfig
 *fill*         0x08001a3e        0x2 
 .text.SystemInit
                0x08001a40       0xf0 ..\obj\system_stm32f10x.o
                0x08001a40                SystemInit
 .text.CTR_LP   0x08001b30      0x180 ..\obj\usb_int.o
                0x08001b30                CTR_LP
 .text.USART1_Configuration
                0x08001cb0       0xa0 ..\obj\main.o
                0x08001cb0                USART1_Configuration
 .text._delay_ms
                0x08001d50       0x28 ..\obj\main.o
                0x08001d50                _delay_ms
 .text.LedBlink
                0x08001d78       0x28 ..\obj\main.o
                0x08001d78                LedBlink
 .text.LedBlinkPC14
                0x08001da0       0x28 ..\obj\main.o
                0x08001da0                LedBlinkPC14
 .text.startup.main
                0x08001dc8      0x170 ..\obj\main.o
                0x08001dc8                main
 .text.PowerOn  0x08001f38       0x30 ..\obj\usb_pwr.o
                0x08001f38                PowerOn
 .text.RCC_HCLKConfig
                0x08001f68       0x14 ..\obj\stm32f10x_rcc.o
                0x08001f68                RCC_HCLKConfig
 .text.RCC_PCLK1Config
                0x08001f7c       0x14 ..\obj\stm32f10x_rcc.o
                0x08001f7c                RCC_PCLK1Config
 .text.RCC_PCLK2Config
                0x08001f90       0x14 ..\obj\stm32f10x_rcc.o
                0x08001f90                RCC_PCLK2Config
 .text.RCC_USBCLKConfig
                0x08001fa4        0xc ..\obj\stm32f10x_rcc.o
                0x08001fa4                RCC_USBCLKConfig
 .text.RCC_GetClocksFreq
                0x08001fb0       0x80 ..\obj\stm32f10x_rcc.o
                0x08001fb0                RCC_GetClocksFreq
 .text.RCC_APB2PeriphClockCmd
                0x08002030       0x18 ..\obj\stm32f10x_rcc.o
                0x08002030                RCC_APB2PeriphClockCmd
 .text.RCC_APB1PeriphClockCmd
                0x08002048       0x18 ..\obj\stm32f10x_rcc.o
                0x08002048                RCC_APB1PeriphClockCmd
 .text.gc_init  0x08002060       0x2c ..\obj\gcode.o
                0x08002060                gc_init
 .text.gc_sync_position
                0x0800208c       0x10 ..\obj\gcode.o
                0x0800208c                gc_sync_position
 .text.gc_execute_line
                0x0800209c      0xf04 ..\obj\gcode.o
                0x0800209c                gc_execute_line
 .text.eeprom_flush
                0x08002fa0       0x5c ..\obj\eeprom.o
                0x08002fa0                eeprom_flush
 .text.eeprom_init
                0x08002ffc       0x40 ..\obj\eeprom.o
                0x08002ffc                eeprom_init
 .text.eeprom_get_char
                0x0800303c        0xc ..\obj\eeprom.o
                0x0800303c                eeprom_get_char
 .text.eeprom_put_char
                0x08003048        0xc ..\obj\eeprom.o
                0x08003048                eeprom_put_char
 .text.memcpy_to_eeprom_with_checksum
                0x08003054       0x30 ..\obj\eeprom.o
                0x08003054                memcpy_to_eeprom_with_checksum
 .text.memcpy_from_eeprom_with_checksum
                0x08003084       0x30 ..\obj\eeprom.o
                0x08003084                memcpy_from_eeprom_with_checksum
 .text.Virtual_Com_Port_SetConfiguration
                0x080030b4       0x18 ..\obj\usb_prop.o
                0x080030b4                Virtual_Com_Port_SetConfiguration
 .text.Virtual_Com_Port_SetDeviceAddress
                0x080030cc        0xc ..\obj\usb_prop.o
                0x080030cc                Virtual_Com_Port_SetDeviceAddress
 .text.Virtual_Com_Port_Status_In
                0x080030d8       0x14 ..\obj\usb_prop.o
                0x080030d8                Virtual_Com_Port_Status_In
 .text.Virtual_Com_Port_Status_Out
                0x080030ec        0x2 ..\obj\usb_prop.o
                0x080030ec                Virtual_Com_Port_Status_Out
 *fill*         0x080030ee        0x2 
 .text.Virtual_Com_Port_Data_Setup
                0x080030f0       0x5c ..\obj\usb_prop.o
                0x080030f0                Virtual_Com_Port_Data_Setup
 .text.Virtual_Com_Port_NoData_Setup
                0x0800314c       0x30 ..\obj\usb_prop.o
                0x0800314c                Virtual_Com_Port_NoData_Setup
 .text.Virtual_Com_Port_Get_Interface_Setting
                0x0800317c       0x10 ..\obj\usb_prop.o
                0x0800317c                Virtual_Com_Port_Get_Interface_Setting
 .text.Virtual_Com_Port_GetLineCoding
                0x0800318c       0x18 ..\obj\usb_prop.o
                0x0800318c                Virtual_Com_Port_GetLineCoding
 .text.Virtual_Com_Port_SetLineCoding
                0x080031a4        0x4 ..\obj\usb_prop.o
                0x080031a4                Virtual_Com_Port_SetLineCoding
 .text.Virtual_Com_Port_init
                0x080031a8       0x24 ..\obj\usb_prop.o
                0x080031a8                Virtual_Com_Port_init
 .text.Virtual_Com_Port_Reset
                0x080031cc       0xe0 ..\obj\usb_prop.o
                0x080031cc                Virtual_Com_Port_Reset
 .text.Virtual_Com_Port_GetDeviceDescriptor
                0x080032ac        0xc ..\obj\usb_prop.o
                0x080032ac                Virtual_Com_Port_GetDeviceDescriptor
 .text.Virtual_Com_Port_GetConfigDescriptor
                0x080032b8        0xc ..\obj\usb_prop.o
                0x080032b8                Virtual_Com_Port_GetConfigDescriptor
 .text.Virtual_Com_Port_GetStringDescriptor
                0x080032c4       0x20 ..\obj\usb_prop.o
                0x080032c4                Virtual_Com_Port_GetStringDescriptor
 .text.Virtual_Com_port_IsHostPortOpen
                0x080032e4       0x20 ..\obj\usb_prop.o
                0x080032e4                Virtual_Com_port_IsHostPortOpen
 .text.USB_Istr
                0x08003304       0x70 ..\obj\usb_istr.o
                0x08003304                USB_Istr
 .text.planner_recalculate
                0x08003374      0x188 ..\obj\planner.o
 .text.plan_reset_buffer
                0x080034fc       0x18 ..\obj\planner.o
                0x080034fc                plan_reset_buffer
 .text.plan_reset
                0x08003514       0x18 ..\obj\planner.o
                0x08003514                plan_reset
 .text.plan_discard_current_block
                0x0800352c       0x28 ..\obj\planner.o
                0x0800352c                plan_discard_current_block
 .text.plan_get_system_motion_block
                0x08003554       0x14 ..\obj\planner.o
                0x08003554                plan_get_system_motion_block
 .text.plan_get_current_block
                0x08003568       0x1c ..\obj\planner.o
                0x08003568                plan_get_current_block
 .text.plan_get_exec_block_exit_speed_sqr
                0x08003584       0x28 ..\obj\planner.o
                0x08003584                plan_get_exec_block_exit_speed_sqr
 .text.plan_check_full_buffer
                0x080035ac       0x18 ..\obj\planner.o
                0x080035ac                plan_check_full_buffer
 .text.plan_compute_profile_nominal_speed
                0x080035c4       0x70 ..\obj\planner.o
                0x080035c4                plan_compute_profile_nominal_speed
 .text.plan_update_velocity_profile_parameters
                0x08003634       0x7c ..\obj\planner.o
                0x08003634                plan_update_velocity_profile_parameters
 .text.plan_buffer_line
                0x080036b0      0x2bc ..\obj\planner.o
                0x080036b0                plan_buffer_line
 .text.plan_sync_position
                0x0800396c       0x20 ..\obj\planner.o
                0x0800396c                plan_sync_position
 .text.plan_get_block_buffer_available
                0x0800398c       0x20 ..\obj\planner.o
                0x0800398c                plan_get_block_buffer_available
 .text.plan_cycle_reinitialize
                0x080039ac       0x1c ..\obj\planner.o
                0x080039ac                plan_cycle_reinitialize
 .text.settings_store_startup_line
                0x080039c8       0x20 ..\obj\settings.o
                0x080039c8                settings_store_startup_line
 .text.settings_store_build_info
                0x080039e8        0xc ..\obj\settings.o
                0x080039e8                settings_store_build_info
 .text.settings_write_coord_data
                0x080039f4       0x20 ..\obj\settings.o
                0x080039f4                settings_write_coord_data
 .text.write_global_settings
                0x08003a14       0x1c ..\obj\settings.o
                0x08003a14                write_global_settings
 .text.settings_restore
                0x08003a30      0x120 ..\obj\settings.o
                0x08003a30                settings_restore
 .text.settings_read_startup_line
                0x08003b50       0x2c ..\obj\settings.o
                0x08003b50                settings_read_startup_line
 .text.settings_read_build_info
                0x08003b7c       0x22 ..\obj\settings.o
                0x08003b7c                settings_read_build_info
 .text.settings_read_coord_data
                0x08003b9e       0x32 ..\obj\settings.o
                0x08003b9e                settings_read_coord_data
 .text.read_global_settings
                0x08003bd0       0x28 ..\obj\settings.o
                0x08003bd0                read_global_settings
 .text.settings_store_global_setting
                0x08003bf8      0x2b0 ..\obj\settings.o
                0x08003bf8                settings_store_global_setting
 .text.settings_init
                0x08003ea8       0x1e ..\obj\settings.o
                0x08003ea8                settings_init
 *fill*         0x08003ec6        0x2 
 .text.report_util_line_feed
                0x08003ec8        0xc ..\obj\report.o
 .text.report_util_feedback_line_feed
                0x08003ed4       0x10 ..\obj\report.o
 .text.report_util_setting_string
                0x08003ee4       0xf0 ..\obj\report.o
 .text.report_util_gcode_modes_M
                0x08003fd4        0xc ..\obj\report.o
 .text.report_util_axis_values
                0x08003fe0       0x26 ..\obj\report.o
 .text.report_util_setting_prefix
                0x08004006       0x1a ..\obj\report.o
                0x08004006                report_util_setting_prefix
 .text.report_util_uint8_setting
                0x08004020       0x18 ..\obj\report.o
 .text.report_util_float_setting
                0x08004038       0x1a ..\obj\report.o
 *fill*         0x08004052        0x2 
 .text.report_status_message
                0x08004054       0x2c ..\obj\report.o
                0x08004054                report_status_message
 .text.report_alarm_message
                0x08004080       0x24 ..\obj\report.o
                0x08004080                report_alarm_message
 .text.report_feedback_message
                0x080040a4       0x88 ..\obj\report.o
                0x080040a4                report_feedback_message
 .text.report_init_message
                0x0800412c       0x18 ..\obj\report.o
                0x0800412c                report_init_message
 .text.report_grbl_help
                0x08004144        0xc ..\obj\report.o
                0x08004144                report_grbl_help
 .text.report_grbl_settings
                0x08004150      0x1d0 ..\obj\report.o
                0x08004150                report_grbl_settings
 .text.report_probe_parameters
                0x08004320       0x3c ..\obj\report.o
                0x08004320                report_probe_parameters
 .text.report_ngc_parameters
                0x0800435c       0xb4 ..\obj\report.o
                0x0800435c                report_ngc_parameters
 .text.report_gcode_modes
                0x08004410      0x140 ..\obj\report.o
                0x08004410                report_gcode_modes
 .text.report_startup_line
                0x08004550       0x2c ..\obj\report.o
                0x08004550                report_startup_line
 .text.report_execute_startup_message
                0x0800457c       0x22 ..\obj\report.o
                0x0800457c                report_execute_startup_message
 *fill*         0x0800459e        0x2 
 .text.report_build_info
                0x080045a0       0x84 ..\obj\report.o
                0x080045a0                report_build_info
 .text.report_realtime_status
                0x08004624      0x2e8 ..\obj\report.o
                0x08004624                report_realtime_status
 .text.system_init
                0x0800490c       0x84 ..\obj\system.o
                0x0800490c                system_init
 .text.system_control_get_state
                0x08004990       0x3c ..\obj\system.o
                0x08004990                system_control_get_state
 .text.EXTI9_5_IRQHandler
                0x080049cc       0x68 ..\obj\system.o
                0x080049cc                EXTI9_5_IRQHandler
 .text.system_check_safety_door_ajar
                0x08004a34        0xc ..\obj\system.o
                0x08004a34                system_check_safety_door_ajar
 .text.system_execute_startup
                0x08004a40       0x32 ..\obj\system.o
                0x08004a40                system_execute_startup
 *fill*         0x08004a72        0x2 
 .text.system_flag_wco_change
                0x08004a74       0x14 ..\obj\system.o
                0x08004a74                system_flag_wco_change
 .text.system_convert_axis_steps_to_mpos
                0x08004a88       0x1c ..\obj\system.o
                0x08004a88                system_convert_axis_steps_to_mpos
 .text.system_convert_array_steps_to_mpos
                0x08004aa4       0x1c ..\obj\system.o
                0x08004aa4                system_convert_array_steps_to_mpos
 .text.system_check_travel_limits
                0x08004ac0       0x60 ..\obj\system.o
                0x08004ac0                system_check_travel_limits
 .text.system_set_exec_state_flag
                0x08004b20       0x14 ..\obj\system.o
                0x08004b20                system_set_exec_state_flag
 .text.system_execute_line
                0x08004b34      0x2ec ..\obj\system.o
                0x08004b34                system_execute_line
 .text.system_clear_exec_state_flag
                0x08004e20       0x14 ..\obj\system.o
                0x08004e20                system_clear_exec_state_flag
 .text.system_set_exec_alarm
                0x08004e34       0x14 ..\obj\system.o
                0x08004e34                system_set_exec_alarm
 .text.system_clear_exec_alarm
                0x08004e48       0x10 ..\obj\system.o
                0x08004e48                system_clear_exec_alarm
 .text.system_set_exec_motion_override_flag
                0x08004e58       0x14 ..\obj\system.o
                0x08004e58                system_set_exec_motion_override_flag
 .text.system_set_exec_accessory_override_flag
                0x08004e6c       0x14 ..\obj\system.o
                0x08004e6c                system_set_exec_accessory_override_flag
 .text.system_clear_exec_motion_overrides
                0x08004e80       0x10 ..\obj\system.o
                0x08004e80                system_clear_exec_motion_overrides
 .text.system_clear_exec_accessory_overrides
                0x08004e90       0x10 ..\obj\system.o
                0x08004e90                system_clear_exec_accessory_overrides
 .text.mc_line  0x08004ea0       0x68 ..\obj\motion_control.o
                0x08004ea0                mc_line
 .text.mc_arc   0x08004f08      0x34c ..\obj\motion_control.o
                0x08004f08                mc_arc
 .text.mc_dwell
                0x08005254       0x24 ..\obj\motion_control.o
                0x08005254                mc_dwell
 .text.mc_homing_cycle
                0x08005278       0x3c ..\obj\motion_control.o
                0x08005278                mc_homing_cycle
 .text.mc_probe_cycle
                0x080052b4       0xc4 ..\obj\motion_control.o
                0x080052b4                mc_probe_cycle
 .text.mc_reset
                0x08005378       0x54 ..\obj\motion_control.o
                0x08005378                mc_reset
 .text.IntToUnicode
                0x080053cc       0x2a ..\obj\hw_config.o
 .text.Set_USBClock
                0x080053f6       0x16 ..\obj\hw_config.o
                0x080053f6                Set_USBClock
 .text.USB_Interrupts_Config
                0x0800540c       0x3e ..\obj\hw_config.o
                0x0800540c                USB_Interrupts_Config
 .text.USB_Cable_Config
                0x0800544a        0x2 ..\obj\hw_config.o
                0x0800544a                USB_Cable_Config
 .text.Get_SerialNum
                0x0800544c       0x34 ..\obj\hw_config.o
                0x0800544c                Get_SerialNum
 .text.TIM_TimeBaseInit
                0x08005480       0x94 ..\obj\stm32f10x_tim.o
                0x08005480                TIM_TimeBaseInit
 .text.TIM_OC4Init
                0x08005514       0x68 ..\obj\stm32f10x_tim.o
                0x08005514                TIM_OC4Init
 .text.TIM_Cmd  0x0800557c       0x16 ..\obj\stm32f10x_tim.o
                0x0800557c                TIM_Cmd
 .text.TIM_ITConfig
                0x08005592       0x10 ..\obj\stm32f10x_tim.o
                0x08005592                TIM_ITConfig
 .text.TIM_InternalClockConfig
                0x080055a2        0xe ..\obj\stm32f10x_tim.o
                0x080055a2                TIM_InternalClockConfig
 .text.TIM_ARRPreloadConfig
                0x080055b0       0x16 ..\obj\stm32f10x_tim.o
                0x080055b0                TIM_ARRPreloadConfig
 .text.TIM_OC4PreloadConfig
                0x080055c6       0x14 ..\obj\stm32f10x_tim.o
                0x080055c6                TIM_OC4PreloadConfig
 .text.TIM_UpdateRequestConfig
                0x080055da       0x16 ..\obj\stm32f10x_tim.o
                0x080055da                TIM_UpdateRequestConfig
 .text.TIM_SelectMasterSlaveMode
                0x080055f0       0x14 ..\obj\stm32f10x_tim.o
                0x080055f0                TIM_SelectMasterSlaveMode
 .text.TIM_SetCompare4
                0x08005604        0x6 ..\obj\stm32f10x_tim.o
                0x08005604                TIM_SetCompare4
 .text.TIM_ClearITPendingBit
                0x0800560a        0x8 ..\obj\stm32f10x_tim.o
                0x0800560a                TIM_ClearITPendingBit
 *fill*         0x08005612        0x2 
 .text.coolant_get_state
                0x08005614       0x24 ..\obj\coolant_control.o
                0x08005614                coolant_get_state
 .text.coolant_stop
                0x08005638       0x40 ..\obj\coolant_control.o
                0x08005638                coolant_stop
 .text.coolant_init
                0x08005678       0x90 ..\obj\coolant_control.o
                0x08005678                coolant_init
 .text.coolant_set_state
                0x08005708       0x64 ..\obj\coolant_control.o
                0x08005708                coolant_set_state
 .text.coolant_sync
                0x0800576c       0x20 ..\obj\coolant_control.o
                0x0800576c                coolant_sync
 .text.limits_init
                0x0800578c       0x6c ..\obj\limits.o
                0x0800578c                limits_init
 .text.limits_disable
                0x080057f8       0x10 ..\obj\limits.o
                0x080057f8                limits_disable
 .text.limits_get_state
                0x08005808       0x40 ..\obj\limits.o
                0x08005808                limits_get_state
 .text.EXTI15_10_IRQHandler
                0x08005848       0x6c ..\obj\limits.o
                0x08005848                EXTI15_10_IRQHandler
 .text.limits_go_home
                0x080058b4      0x1f8 ..\obj\limits.o
                0x080058b4                limits_go_home
 .text.limits_soft_check
                0x08005aac       0x40 ..\obj\limits.o
                0x08005aac                limits_soft_check
 .text.serial_get_rx_buffer_available
                0x08005aec       0x20 ..\obj\serial.o
                0x08005aec                serial_get_rx_buffer_available
 .text.serial_init
                0x08005b0c        0x8 ..\obj\serial.o
                0x08005b0c                serial_init
 .text.serial_write
                0x08005b14       0x5c ..\obj\serial.o
                0x08005b14                serial_write
 .text.serial_read
                0x08005b70       0x2c ..\obj\serial.o
                0x08005b70                serial_read
 .text.OnUsbDataRx
                0x08005b9c      0x148 ..\obj\serial.o
                0x08005b9c                OnUsbDataRx
 .text.USART1_IRQHandler
                0x08005ce4      0x104 ..\obj\serial.o
                0x08005ce4                USART1_IRQHandler
 .text.serial_reset_read_buffer
                0x08005de8        0xc ..\obj\serial.o
                0x08005de8                serial_reset_read_buffer
 .text.UserToPMABufferCopy
                0x08005df4       0x1e ..\obj\usb_mem.o
                0x08005df4                UserToPMABufferCopy
 .text.PMAToUserBufferCopy
                0x08005e12       0x24 ..\obj\usb_mem.o
                0x08005e12                PMAToUserBufferCopy
 *fill*         0x08005e36        0x2 
 .text.tool_stop
                0x08005e38       0x24 ..\obj\tool.o
                0x08005e38                tool_stop
 .text.tool_init
                0x08005e5c       0x70 ..\obj\tool.o
                0x08005e5c                tool_init
 .text.tool_stop_tn
                0x08005ecc       0x10 ..\obj\tool.o
                0x08005ecc                tool_stop_tn
 .text.tool_stop_m6
                0x08005edc       0x10 ..\obj\tool.o
                0x08005edc                tool_stop_m6
 .text.tool_set_t_state
                0x08005eec       0x4c ..\obj\tool.o
                0x08005eec                tool_set_t_state
 .text.tool_set_m6_state
                0x08005f38       0x3c ..\obj\tool.o
                0x08005f38                tool_set_m6_state
 .text.tool_m6_sync
                0x08005f74       0x20 ..\obj\tool.o
                0x08005f74                tool_m6_sync
 .text.tool_t_sync
                0x08005f94       0x20 ..\obj\tool.o
                0x08005f94                tool_t_sync
 .text.probe_configure_invert_mask
                0x08005fb4       0x28 ..\obj\probe.o
                0x08005fb4                probe_configure_invert_mask
 .text.probe_init
                0x08005fdc       0x14 ..\obj\probe.o
                0x08005fdc                probe_init
 .text.probe_get_state
                0x08005ff0       0x20 ..\obj\probe.o
                0x08005ff0                probe_get_state
 .text.probe_state_monitor
                0x08006010       0x34 ..\obj\probe.o
                0x08006010                probe_state_monitor
 .text.USART_Init
                0x08006044       0xa0 ..\obj\stm32f10x_usart.o
                0x08006044                USART_Init
 .text.USART_Cmd
                0x080060e4       0x16 ..\obj\stm32f10x_usart.o
                0x080060e4                USART_Cmd
 .text.USART_ITConfig
                0x080060fa       0x30 ..\obj\stm32f10x_usart.o
                0x080060fa                USART_ITConfig
 *fill*         0x0800612a        0x2 
 .text.spindle_get_state
                0x0800612c       0x18 ..\obj\spindle_control.o
                0x0800612c                spindle_get_state
 .text.spindle_stop
                0x08006144       0x30 ..\obj\spindle_control.o
                0x08006144                spindle_stop
 .text.spindle_init
                0x08006174      0x274 ..\obj\spindle_control.o
                0x08006174                spindle_init
 .text.differentiate_spindle_speed
                0x080063e8       0x70 ..\obj\spindle_control.o
                0x080063e8                differentiate_spindle_speed
 .text.spindle_set_speed
                0x08006458       0x40 ..\obj\spindle_control.o
                0x08006458                spindle_set_speed
 .text.spindle_compute_pwm_value
                0x08006498       0x94 ..\obj\spindle_control.o
                0x08006498                spindle_compute_pwm_value
 .text.spindle_set_state
                0x0800652c       0x88 ..\obj\spindle_control.o
                0x0800652c                spindle_set_state
 .text.spindle_sync
                0x080065b4       0x24 ..\obj\spindle_control.o
                0x080065b4                spindle_sync
 .text.EXTI_Init
                0x080065d8       0x68 ..\obj\stm32f10x_exti.o
                0x080065d8                EXTI_Init
 .text.EXTI_GetITStatus
                0x08006640       0x1c ..\obj\stm32f10x_exti.o
                0x08006640                EXTI_GetITStatus
 .text.EXTI_ClearITPendingBit
                0x0800665c        0xc ..\obj\stm32f10x_exti.o
                0x0800665c                EXTI_ClearITPendingBit
 .text.USB_Init
                0x08006668       0x34 ..\obj\usb_init.o
                0x08006668                USB_Init
 .text.Standard_GetConfiguration
                0x0800669c       0x24 ..\obj\usb_core.o
                0x0800669c                Standard_GetConfiguration
 .text.Standard_GetInterface
                0x080066c0       0x24 ..\obj\usb_core.o
                0x080066c0                Standard_GetInterface
 .text.Standard_GetStatus
                0x080066e4       0x88 ..\obj\usb_core.o
                0x080066e4                Standard_GetStatus
 .text.DataStageIn
                0x0800676c       0xac ..\obj\usb_core.o
 .text.Standard_SetConfiguration
                0x08006818       0x38 ..\obj\usb_core.o
                0x08006818                Standard_SetConfiguration
 .text.Standard_SetInterface
                0x08006850       0x4c ..\obj\usb_core.o
                0x08006850                Standard_SetInterface
 .text.Standard_ClearFeature
                0x0800689c       0xcc ..\obj\usb_core.o
                0x0800689c                Standard_ClearFeature
 .text.Standard_SetEndPointFeature
                0x08006968       0x84 ..\obj\usb_core.o
                0x08006968                Standard_SetEndPointFeature
 .text.Standard_SetDeviceFeature
                0x080069ec       0x24 ..\obj\usb_core.o
                0x080069ec                Standard_SetDeviceFeature
 .text.Standard_GetDescriptorData
                0x08006a10       0x1c ..\obj\usb_core.o
                0x08006a10                Standard_GetDescriptorData
 .text.Post0_Process
                0x08006a2c       0x40 ..\obj\usb_core.o
                0x08006a2c                Post0_Process
 .text.Setup0_Process
                0x08006a6c      0x2c4 ..\obj\usb_core.o
                0x08006a6c                Setup0_Process
 .text.Out0_Process
                0x08006d30       0xc8 ..\obj\usb_core.o
                0x08006d30                Out0_Process
 .text.SetDeviceAddress
                0x08006df8       0x40 ..\obj\usb_core.o
                0x08006df8                SetDeviceAddress
 .text.In0_Process
                0x08006e38       0x5c ..\obj\usb_core.o
                0x08006e38                In0_Process
 .text.NOP_Process
                0x08006e94        0x2 ..\obj\usb_core.o
                0x08006e94                NOP_Process
 *fill*         0x08006e96        0x2 
 .text.FLASH_Unlock
                0x08006e98       0x18 ..\obj\stm32f10x_flash.o
                0x08006e98                FLASH_Unlock
 .text.FLASH_GetBank1Status
                0x08006eb0       0x28 ..\obj\stm32f10x_flash.o
                0x08006eb0                FLASH_GetBank1Status
 .text.FLASH_WaitForLastOperation
                0x08006ed8       0x22 ..\obj\stm32f10x_flash.o
                0x08006ed8                FLASH_WaitForLastOperation
 *fill*         0x08006efa        0x2 
 .text.FLASH_ErasePage
                0x08006efc       0x40 ..\obj\stm32f10x_flash.o
                0x08006efc                FLASH_ErasePage
 .text.FLASH_ProgramHalfWord
                0x08006f3c       0x38 ..\obj\stm32f10x_flash.o
                0x08006f3c                FLASH_ProgramHalfWord
 .text.printString
                0x08006f74       0x12 ..\obj\print.o
                0x08006f74                printString
 .text.print_uint8_base10
                0x08006f86       0x50 ..\obj\print.o
                0x08006f86                print_uint8_base10
 *fill*         0x08006fd6        0x2 
 .text.printFloat
                0x08006fd8       0xc8 ..\obj\print.o
                0x08006fd8                printFloat
 .text.printFloat_CoordValue
                0x080070a0       0x28 ..\obj\print.o
                0x080070a0                printFloat_CoordValue
 .text.printFloat_RateValue
                0x080070c8       0x28 ..\obj\print.o
                0x080070c8                printFloat_RateValue
 .text.EP3_OUT_Callback
                0x080070f0       0x24 ..\obj\usb_endp.o
                0x080070f0                EP3_OUT_Callback
 .text.EP1_IN_Callback
                0x08007114       0xa4 ..\obj\usb_endp.o
                0x08007114                EP1_IN_Callback
 .text.SOF_Callback
                0x080071b8       0x14 ..\obj\usb_endp.o
                0x080071b8                SOF_Callback
 .text.RESET_Callback
                0x080071cc        0x2 ..\obj\usb_endp.o
                0x080071cc                RESET_Callback
 *fill*         0x080071ce        0x2 
 .text.SetBTABLE
                0x080071d0       0x10 ..\obj\usb_regs.o
                0x080071d0                SetBTABLE
 .text.SetEPType
                0x080071e0       0x1c ..\obj\usb_regs.o
                0x080071e0                SetEPType
 .text.SetEPTxStatus
                0x080071fc       0x32 ..\obj\usb_regs.o
                0x080071fc                SetEPTxStatus
 .text.SetEPRxStatus
                0x0800722e       0x32 ..\obj\usb_regs.o
                0x0800722e                SetEPRxStatus
 .text.SetEPTxValid
                0x08007260       0x26 ..\obj\usb_regs.o
                0x08007260                SetEPTxValid
 .text.SetEPRxValid
                0x08007286       0x26 ..\obj\usb_regs.o
                0x08007286                SetEPRxValid
 .text.ClearEP_KIND
                0x080072ac       0x20 ..\obj\usb_regs.o
                0x080072ac                ClearEP_KIND
 .text.Clear_Status_Out
                0x080072cc        0x4 ..\obj\usb_regs.o
                0x080072cc                Clear_Status_Out
 .text.ClearDTOG_RX
                0x080072d0       0x26 ..\obj\usb_regs.o
                0x080072d0                ClearDTOG_RX
 .text.ClearDTOG_TX
                0x080072f6       0x26 ..\obj\usb_regs.o
                0x080072f6                ClearDTOG_TX
 .text.SetEPTxAddr
                0x0800731c       0x20 ..\obj\usb_regs.o
                0x0800731c                SetEPTxAddr
 .text.SetEPRxAddr
                0x0800733c       0x20 ..\obj\usb_regs.o
                0x0800733c                SetEPRxAddr
 .text.GetEPTxAddr
                0x0800735c       0x1c ..\obj\usb_regs.o
                0x0800735c                GetEPTxAddr
 .text.GetEPRxAddr
                0x08007378       0x1c ..\obj\usb_regs.o
                0x08007378                GetEPRxAddr
 .text.SetEPTxCount
                0x08007394       0x1c ..\obj\usb_regs.o
                0x08007394                SetEPTxCount
 .text.SetEPRxCount
                0x080073b0       0x40 ..\obj\usb_regs.o
                0x080073b0                SetEPRxCount
 .text.GetEPRxCount
                0x080073f0       0x20 ..\obj\usb_regs.o
                0x080073f0                GetEPRxCount
 .text.ByteSwap
                0x08007410        0xa ..\obj\usb_regs.o
                0x08007410                ByteSwap
 .text.NMI_Handler
                0x0800741a        0x2 ..\obj\stm32f10x_it.o
                0x0800741a                NMI_Handler
 .text.HardFault_Handler
                0x0800741c        0x2 ..\obj\stm32f10x_it.o
                0x0800741c                HardFault_Handler
 .text.MemManage_Handler
                0x0800741e        0x2 ..\obj\stm32f10x_it.o
                0x0800741e                MemManage_Handler
 .text.BusFault_Handler
                0x08007420        0x2 ..\obj\stm32f10x_it.o
                0x08007420                BusFault_Handler
 .text.UsageFault_Handler
                0x08007422        0x2 ..\obj\stm32f10x_it.o
                0x08007422                UsageFault_Handler
 .text.SVC_Handler
                0x08007424        0x2 ..\obj\stm32f10x_it.o
                0x08007424                SVC_Handler
 .text.DebugMon_Handler
                0x08007426        0x2 ..\obj\stm32f10x_it.o
                0x08007426                DebugMon_Handler
 .text.PendSV_Handler
                0x08007428        0x2 ..\obj\stm32f10x_it.o
                0x08007428                PendSV_Handler
 .text.SysTick_Handler
                0x0800742a        0x2 ..\obj\stm32f10x_it.o
                0x0800742a                SysTick_Handler
 .text.USB_LP_CAN1_RX0_IRQHandler
                0x0800742c        0x4 ..\obj\stm32f10x_it.o
                0x0800742c                USB_LP_CAN1_RX0_IRQHandler
 .text.cos      0x08007430       0x90 c:/program files (x86)/gnu tools arm embedded/7 2017-q4-major/bin/../lib/gcc/arm-none-eabi/7.2.1/../../../../arm-none-eabi/lib/thumb/v7-m\libm.a(lib_a-s_cos.o)
                0x08007430                cos
 .text.lround   0x080074c0       0x8c c:/program files (x86)/gnu tools arm embedded/7 2017-q4-major/bin/../lib/gcc/arm-none-eabi/7.2.1/../../../../arm-none-eabi/lib/thumb/v7-m\libm.a(lib_a-s_lround.o)
                0x080074c0                lround
 .text.sin      0x0800754c       0x90 c:/program files (x86)/gnu tools arm embedded/7 2017-q4-major/bin/../lib/gcc/arm-none-eabi/7.2.1/../../../../arm-none-eabi/lib/thumb/v7-m\libm.a(lib_a-s_sin.o)
                0x0800754c                sin
 .text.ceilf    0x080075dc       0x88 c:/program files (x86)/gnu tools arm embedded/7 2017-q4-major/bin/../lib/gcc/arm-none-eabi/7.2.1/../../../../arm-none-eabi/lib/thumb/v7-m\libm.a(lib_a-sf_ceil.o)
                0x080075dc                ceilf
 .text.floorf   0x08007664       0x88 c:/program files (x86)/gnu tools arm embedded/7 2017-q4-major/bin/../lib/gcc/arm-none-eabi/7.2.1/../../../../arm-none-eabi/lib/thumb/v7-m\libm.a(lib_a-sf_floor.o)
                0x08007664                floorf
 .text.lroundf  0x080076ec       0x58 c:/program files (x86)/gnu tools arm embedded/7 2017-q4-major/bin/../lib/gcc/arm-none-eabi/7.2.1/../../../../arm-none-eabi/lib/thumb/v7-m\libm.a(lib_a-sf_lround.o)
                0x080076ec                lroundf
 .text.truncf   0x08007744       0x24 c:/program files (x86)/gnu tools arm embedded/7 2017-q4-major/bin/../lib/gcc/arm-none-eabi/7.2.1/../../../../arm-none-eabi/lib/thumb/v7-m\libm.a(lib_a-sf_trunc.o)
                0x08007744                truncf
 .text.atan2    0x08007768        0x4 c:/program files (x86)/gnu tools arm embedded/7 2017-q4-major/bin/../lib/gcc/arm-none-eabi/7.2.1/../../../../arm-none-eabi/lib/thumb/v7-m\libm.a(lib_a-w_atan2.o)
                0x08007768                atan2
 .text.sqrt     0x0800776c       0xbc c:/program files (x86)/gnu tools arm embedded/7 2017-q4-major/bin/../lib/gcc/arm-none-eabi/7.2.1/../../../../arm-none-eabi/lib/thumb/v7-m\libm.a(lib_a-w_sqrt.o)
                0x0800776c                sqrt
 .text.sqrtf    0x08007828       0xa0 c:/program files (x86)/gnu tools arm embedded/7 2017-q4-major/bin/../lib/gcc/arm-none-eabi/7.2.1/../../../../arm-none-eabi/lib/thumb/v7-m\libm.a(lib_a-wf_sqrt.o)
                0x08007828                sqrtf
 .text.__ieee754_atan2
                0x080078c8      0x1b4 c:/program files (x86)/gnu tools arm embedded/7 2017-q4-major/bin/../lib/gcc/arm-none-eabi/7.2.1/../../../../arm-none-eabi/lib/thumb/v7-m\libm.a(lib_a-e_atan2.o)
                0x080078c8                __ieee754_atan2
 *fill*         0x08007a7c        0x4 
 .text.__ieee754_rem_pio2
                0x08007a80      0x43c c:/program files (x86)/gnu tools arm embedded/7 2017-q4-major/bin/../lib/gcc/arm-none-eabi/7.2.1/../../../../arm-none-eabi/lib/thumb/v7-m\libm.a(lib_a-e_rem_pio2.o)
                0x08007a80                __ieee754_rem_pio2
 .text.__ieee754_sqrt
                0x08007ebc      0x184 c:/program files (x86)/gnu tools arm embedded/7 2017-q4-major/bin/../lib/gcc/arm-none-eabi/7.2.1/../../../../arm-none-eabi/lib/thumb/v7-m\libm.a(lib_a-e_sqrt.o)
                0x08007ebc                __ieee754_sqrt
 .text.__ieee754_sqrtf
                0x08008040       0xa8 c:/program files (x86)/gnu tools arm embedded/7 2017-q4-major/bin/../lib/gcc/arm-none-eabi/7.2.1/../../../../arm-none-eabi/lib/thumb/v7-m\libm.a(lib_a-ef_sqrt.o)
                0x08008040                __ieee754_sqrtf
 .text.__kernel_cos
                0x080080e8      0x248 c:/program files (x86)/gnu tools arm embedded/7 2017-q4-major/bin/../lib/gcc/arm-none-eabi/7.2.1/../../../../arm-none-eabi/lib/thumb/v7-m\libm.a(lib_a-k_cos.o)
                0x080080e8                __kernel_cos
 .text.__kernel_rem_pio2
                0x08008330      0x850 c:/program files (x86)/gnu tools arm embedded/7 2017-q4-major/bin/../lib/gcc/arm-none-eabi/7.2.1/../../../../arm-none-eabi/lib/thumb/v7-m\libm.a(lib_a-k_rem_pio2.o)
                0x08008330                __kernel_rem_pio2
 .text.__kernel_sin
                0x08008b80      0x16c c:/program files (x86)/gnu tools arm embedded/7 2017-q4-major/bin/../lib/gcc/arm-none-eabi/7.2.1/../../../../arm-none-eabi/lib/thumb/v7-m\libm.a(lib_a-k_sin.o)
                0x08008b80                __kernel_sin
 *fill*         0x08008cec        0x4 
 .text.atan     0x08008cf0      0x31c c:/program files (x86)/gnu tools arm embedded/7 2017-q4-major/bin/../lib/gcc/arm-none-eabi/7.2.1/../../../../arm-none-eabi/lib/thumb/v7-m\libm.a(lib_a-s_atan.o)
                0x08008cf0                atan
 .text.fabs     0x0800900c        0x8 c:/program files (x86)/gnu tools arm embedded/7 2017-q4-major/bin/../lib/gcc/arm-none-eabi/7.2.1/../../../../arm-none-eabi/lib/thumb/v7-m\libm.a(lib_a-s_fabs.o)
                0x0800900c                fabs
 *fill*         0x08009014        0x4 
 .text.floor    0x08009018      0x108 c:/program files (x86)/gnu tools arm embedded/7 2017-q4-major/bin/../lib/gcc/arm-none-eabi/7.2.1/../../../../arm-none-eabi/lib/thumb/v7-m\libm.a(lib_a-s_floor.o)
                0x08009018                floor
 .text.matherr  0x08009120        0x4 c:/program files (x86)/gnu tools arm embedded/7 2017-q4-major/bin/../lib/gcc/arm-none-eabi/7.2.1/../../../../arm-none-eabi/lib/thumb/v7-m\libm.a(lib_a-s_matherr.o)
                0x08009120                matherr
 *fill*         0x08009124        0x4 
 .text.scalbn   0x08009128       0xe4 c:/program files (x86)/gnu tools arm embedded/7 2017-q4-major/bin/../lib/gcc/arm-none-eabi/7.2.1/../../../../arm-none-eabi/lib/thumb/v7-m\libm.a(lib_a-s_scalbn.o)
                0x08009128                scalbn
 .text.copysign
                0x0800920c       0x10 c:/program files (x86)/gnu tools arm embedded/7 2017-q4-major/bin/../lib/gcc/arm-none-eabi/7.2.1/../../../../arm-none-eabi/lib/thumb/v7-m\libm.a(lib_a-s_copysign.o)
                0x0800920c                copysign
 .text          0x0800921c      0x378 c:/program files (x86)/gnu tools arm embedded/7 2017-q4-major/bin/../lib/gcc/arm-none-eabi/7.2.1/thumb/v7-m\libgcc.a(_arm_addsubdf3.o)
                0x0800921c                __aeabi_drsub
                0x08009224                __aeabi_dsub
                0x08009224                __subdf3
                0x08009228                __aeabi_dadd
                0x08009228                __adddf3
                0x080094a0                __floatunsidf
                0x080094a0                __aeabi_ui2d
                0x080094c0                __floatsidf
                0x080094c0                __aeabi_i2d
                0x080094e4                __aeabi_f2d
                0x080094e4                __extendsfdf2
                0x08009528                __floatundidf
                0x08009528                __aeabi_ul2d
                0x08009538                __floatdidf
                0x08009538                __aeabi_l2d
 .text          0x08009594      0x424 c:/program files (x86)/gnu tools arm embedded/7 2017-q4-major/bin/../lib/gcc/arm-none-eabi/7.2.1/thumb/v7-m\libgcc.a(_arm_muldivdf3.o)
                0x08009594                __aeabi_dmul
                0x08009594                __muldf3
                0x080097e8                __divdf3
                0x080097e8                __aeabi_ddiv
 .text          0x080099b8      0x110 c:/program files (x86)/gnu tools arm embedded/7 2017-q4-major/bin/../lib/gcc/arm-none-eabi/7.2.1/thumb/v7-m\libgcc.a(_arm_cmpdf2.o)
                0x080099b8                __gtdf2
                0x080099b8                __gedf2
                0x080099c0                __ltdf2
                0x080099c0                __ledf2
                0x080099c8                __nedf2
                0x080099c8                __eqdf2
                0x080099c8                __cmpdf2
                0x08009a44                __aeabi_cdrcmple
                0x08009a54                __aeabi_cdcmpeq
                0x08009a54                __aeabi_cdcmple
                0x08009a64                __aeabi_dcmpeq
                0x08009a78                __aeabi_dcmplt
                0x08009a8c                __aeabi_dcmple
                0x08009aa0                __aeabi_dcmpge
                0x08009ab4                __aeabi_dcmpgt
 .text          0x08009ac8       0x2c c:/program files (x86)/gnu tools arm embedded/7 2017-q4-major/bin/../lib/gcc/arm-none-eabi/7.2.1/thumb/v7-m\libgcc.a(_arm_unorddf2.o)
                0x08009ac8                __unorddf2
                0x08009ac8                __aeabi_dcmpun
 .text          0x08009af4       0x50 c:/program files (x86)/gnu tools arm embedded/7 2017-q4-major/bin/../lib/gcc/arm-none-eabi/7.2.1/thumb/v7-m\libgcc.a(_arm_fixdfsi.o)
                0x08009af4                __aeabi_d2iz
                0x08009af4                __fixdfsi
 .text          0x08009b44       0xa0 c:/program files (x86)/gnu tools arm embedded/7 2017-q4-major/bin/../lib/gcc/arm-none-eabi/7.2.1/thumb/v7-m\libgcc.a(_arm_truncdfsf2.o)
                0x08009b44                __truncdfsf2
                0x08009b44                __aeabi_d2f
 .text          0x08009be4      0x21c c:/program files (x86)/gnu tools arm embedded/7 2017-q4-major/bin/../lib/gcc/arm-none-eabi/7.2.1/thumb/v7-m\libgcc.a(_arm_addsubsf3.o)
                0x08009be4                __aeabi_frsub
                0x08009bec                __subsf3
                0x08009bec                __aeabi_fsub
                0x08009bf0                __aeabi_fadd
                0x08009bf0                __addsf3
                0x08009d50                __aeabi_ui2f
                0x08009d50                __floatunsisf
                0x08009d58                __aeabi_i2f
                0x08009d58                __floatsisf
                0x08009d74                __aeabi_ul2f
                0x08009d74                __floatundisf
                0x08009d84                __aeabi_l2f
                0x08009d84                __floatdisf
 .text          0x08009e00      0x2a0 c:/program files (x86)/gnu tools arm embedded/7 2017-q4-major/bin/../lib/gcc/arm-none-eabi/7.2.1/thumb/v7-m\libgcc.a(_arm_muldivsf3.o)
                0x08009e00                __mulsf3
                0x08009e00                __aeabi_fmul
                0x08009f68                __aeabi_fdiv
                0x08009f68                __divsf3
 .text          0x0800a0a0       0xec c:/program files (x86)/gnu tools arm embedded/7 2017-q4-major/bin/../lib/gcc/arm-none-eabi/7.2.1/thumb/v7-m\libgcc.a(_arm_cmpsf2.o)
                0x0800a0a0                __gesf2
                0x0800a0a0                __gtsf2
                0x0800a0a8                __lesf2
                0x0800a0a8                __ltsf2
                0x0800a0b0                __nesf2
                0x0800a0b0                __eqsf2
                0x0800a0b0                __cmpsf2
                0x0800a110                __aeabi_cfrcmple
                0x0800a118                __aeabi_cfcmpeq
                0x0800a118                __aeabi_cfcmple
                0x0800a128                __aeabi_fcmpeq
                0x0800a13c                __aeabi_fcmplt
                0x0800a150                __aeabi_fcmple
                0x0800a164                __aeabi_fcmpge
                0x0800a178                __aeabi_fcmpgt
 .text          0x0800a18c       0x2c c:/program files (x86)/gnu tools arm embedded/7 2017-q4-major/bin/../lib/gcc/arm-none-eabi/7.2.1/thumb/v7-m\libgcc.a(_arm_unordsf2.o)
                0x0800a18c                __unordsf2
                0x0800a18c                __aeabi_fcmpun
 .text          0x0800a1b8       0x4c c:/program files (x86)/gnu tools arm embedded/7 2017-q4-major/bin/../lib/gcc/arm-none-eabi/7.2.1/thumb/v7-m\libgcc.a(_arm_fixsfsi.o)
                0x0800a1b8                __aeabi_f2iz
                0x0800a1b8                __fixsfsi
 .text          0x0800a204       0x40 c:/program files (x86)/gnu tools arm embedded/7 2017-q4-major/bin/../lib/gcc/arm-none-eabi/7.2.1/thumb/v7-m\libgcc.a(_arm_fixunssfsi.o)
                0x0800a204                __fixunssfsi
                0x0800a204                __aeabi_f2uiz
 .text.__errno  0x0800a244        0xc c:/program files (x86)/gnu tools arm embedded/7 2017-q4-major/bin/../lib/gcc/arm-none-eabi/7.2.1/../../../../arm-none-eabi/lib/thumb/v7-m\libg.a(lib_a-errno.o)
                0x0800a244                __errno
 .text.memcmp   0x0800a250       0x64 c:/program files (x86)/gnu tools arm embedded/7 2017-q4-major/bin/../lib/gcc/arm-none-eabi/7.2.1/../../../../arm-none-eabi/lib/thumb/v7-m\libg.a(lib_a-memcmp.o)
                0x0800a250                memcmp
 .text.memset   0x0800a2b4       0x94 c:/program files (x86)/gnu tools arm embedded/7 2017-q4-major/bin/../lib/gcc/arm-none-eabi/7.2.1/../../../../arm-none-eabi/lib/thumb/v7-m\libg.a(lib_a-memset.o)
                0x0800a2b4                memset
 *(.init)
 *(.fini)
 *crtbegin.o(.ctors)
 *crtbegin?.o(.ctors)
 *(EXCLUDE_FILE(*crtend.o *crtend?.o) .ctors)
 *(SORT_BY_NAME(.ctors.*))
 *(.ctors)
 *crtbegin.o(.dtors)
 *crtbegin?.o(.dtors)
 *(EXCLUDE_FILE(*crtend.o *crtend?.o) .dtors)
 *(SORT_BY_NAME(.dtors.*))
 *(.dtors)
 *(.rodata*)
 .rodata        0x0800a348       0x24 ..\obj\stepper.o
                0x0800a348                step_pin_mask
                0x0800a354                direction_pin_mask
                0x0800a360                limit_pin_mask
 .rodata.str1.1
                0x0800a36c      0x263 ..\obj\report.o
                                0x26d (size before relaxing)
 .rodata        0x0800a5cf       0x8b ..\obj\usb_desc.o
                0x0800a5cf                Virtual_Com_Port_StringProduct
                0x0800a5eb                Virtual_Com_Port_StringVendor
                0x0800a601                Virtual_Com_Port_StringLangID
                0x0800a605                Virtual_Com_Port_ConfigDescriptor
                0x0800a648                Virtual_Com_Port_DeviceDescriptor
 *fill*         0x0800a65a        0x2 
 .rodata.sqrt.str1.4
                0x0800a65c        0x5 c:/program files (x86)/gnu tools arm embedded/7 2017-q4-major/bin/../lib/gcc/arm-none-eabi/7.2.1/../../../../arm-none-eabi/lib/thumb/v7-m\libm.a(lib_a-w_sqrt.o)
 *fill*         0x0800a661        0x3 
 .rodata.sqrtf.str1.4
                0x0800a664        0x8 c:/program files (x86)/gnu tools arm embedded/7 2017-q4-major/bin/../lib/gcc/arm-none-eabi/7.2.1/../../../../arm-none-eabi/lib/thumb/v7-m\libm.a(lib_a-wf_sqrt.o)
                                  0x6 (size before relaxing)
 .rodata.npio2_hw
                0x0800a66c       0x80 c:/program files (x86)/gnu tools arm embedded/7 2017-q4-major/bin/../lib/gcc/arm-none-eabi/7.2.1/../../../../arm-none-eabi/lib/thumb/v7-m\libm.a(lib_a-e_rem_pio2.o)
 .rodata.two_over_pi
                0x0800a6ec      0x108 c:/program files (x86)/gnu tools arm embedded/7 2017-q4-major/bin/../lib/gcc/arm-none-eabi/7.2.1/../../../../arm-none-eabi/lib/thumb/v7-m\libm.a(lib_a-e_rem_pio2.o)
 *fill*         0x0800a7f4        0x4 
 .rodata.PIo2   0x0800a7f8       0x40 c:/program files (x86)/gnu tools arm embedded/7 2017-q4-major/bin/../lib/gcc/arm-none-eabi/7.2.1/../../../../arm-none-eabi/lib/thumb/v7-m\libm.a(lib_a-k_rem_pio2.o)
 .rodata.init_jk
                0x0800a838       0x10 c:/program files (x86)/gnu tools arm embedded/7 2017-q4-major/bin/../lib/gcc/arm-none-eabi/7.2.1/../../../../arm-none-eabi/lib/thumb/v7-m\libm.a(lib_a-k_rem_pio2.o)
 .rodata.atanhi
                0x0800a848       0x20 c:/program files (x86)/gnu tools arm embedded/7 2017-q4-major/bin/../lib/gcc/arm-none-eabi/7.2.1/../../../../arm-none-eabi/lib/thumb/v7-m\libm.a(lib_a-s_atan.o)
 .rodata.atanlo
                0x0800a868       0x20 c:/program files (x86)/gnu tools arm embedded/7 2017-q4-major/bin/../lib/gcc/arm-none-eabi/7.2.1/../../../../arm-none-eabi/lib/thumb/v7-m\libm.a(lib_a-s_atan.o)
 *(.eh_fram e*)

.glue_7         0x0800a888        0x0
 .glue_7        0x0800a888        0x0 linker stubs

.glue_7t        0x0800a888        0x0
 .glue_7t       0x0800a888        0x0 linker stubs

.vfp11_veneer   0x0800a888        0x0
 .vfp11_veneer  0x0800a888        0x0 linker stubs

.v4_bx          0x0800a888        0x0
 .v4_bx         0x0800a888        0x0 linker stubs

.iplt           0x0800a888        0x0
 .iplt          0x0800a888        0x0 ..\obj\stepper.o

.rel.dyn        0x0800a888        0x0
 .rel.iplt      0x0800a888        0x0 ..\obj\stepper.o

.ARM.extab
 *(.ARM.extab* .gnu.linkonce.armextab.*)
                0x0800a888                __exidx_start = .

.ARM.exidx
 *(.ARM.exidx* .gnu.linkonce.armexidx.*)
                0x0800a888                __exidx_end = .
                0x0800a888                __etext = .
                0x0800a888                _sidata = __etext

.data           0x20000000      0x540 load address 0x0800a888
                0x20000000                __data_start__ = .
                0x20000000                _sdata = __data_start__
 *(vtable)
 *(.data*)
 .data          0x20000000       0x14 ..\obj\system_stm32f10x.o
                0x20000000                SystemCoreClock
                0x20000004                AHBPrescTable
 .data          0x20000014        0x2 ..\obj\main.o
 .data          0x20000016       0x14 ..\obj\stm32f10x_rcc.o
 *fill*         0x2000002a        0x2 
 .data          0x2000002c       0x8e ..\obj\usb_prop.o
                0x2000002c                linecoding
                0x20000034                Device_Property
                0x20000064                Device_Descriptor
                0x2000006c                Config_Descriptor
                0x20000074                String_Descriptor
                0x20000094                User_Standard_Requests
                0x200000b8                Device_Table
 *fill*         0x200000ba        0x2 
 .data          0x200000bc       0x38 ..\obj\usb_istr.o
                0x200000bc                pEpInt_OUT
                0x200000d8                pEpInt_IN
 .data          0x200000f4       0x1a ..\obj\usb_desc.o
                0x200000f4                Virtual_Com_Port_StringSerial
 .data.__fdlib_version
                0x2000010e        0x1 c:/program files (x86)/gnu tools arm embedded/7 2017-q4-major/bin/../lib/gcc/arm-none-eabi/7.2.1/../../../../arm-none-eabi/lib/thumb/v7-m\libm.a(lib_a-s_lib_ver.o)
                0x2000010e                __fdlib_version
 *fill*         0x2000010f        0x1 
 .data._impure_ptr
                0x20000110        0x4 c:/program files (x86)/gnu tools arm embedded/7 2017-q4-major/bin/../lib/gcc/arm-none-eabi/7.2.1/../../../../arm-none-eabi/lib/thumb/v7-m\libg.a(lib_a-impure.o)
                0x20000110                _impure_ptr
 *fill*         0x20000114        0x4 
 .data.impure_data
                0x20000118      0x428 c:/program files (x86)/gnu tools arm embedded/7 2017-q4-major/bin/../lib/gcc/arm-none-eabi/7.2.1/../../../../arm-none-eabi/lib/thumb/v7-m\libg.a(lib_a-impure.o)
                0x20000540                . = ALIGN (0x4)
                [!provide]                PROVIDE (__preinit_array_start, .)
 *(.preinit_array)
                [!provide]                PROVIDE (__preinit_array_end, .)
                0x20000540                . = ALIGN (0x4)
                [!provide]                PROVIDE (__init_array_start, .)
 *(SORT_BY_NAME(.init_array.*))
 *(.init_array)
                [!provide]                PROVIDE (__init_array_end, .)
                0x20000540                . = ALIGN (0x4)
                [!provide]                PROVIDE (__fini_array_start, .)
 *(SORT_BY_NAME(.fini_array.*))
 *(.fini_array)
                [!provide]                PROVIDE (__fini_array_end, .)
 *(.jcr*)
                0x20000540                . = ALIGN (0x4)
                0x20000540                __data_end__ = .
                0x20000540                _edata = __data_end__

.igot.plt       0x20000540        0x0 load address 0x0800adc8
 .igot.plt      0x20000540        0x0 ..\obj\stepper.o

.bss            0x20000540      0xe44 load address 0x0800adc8
                0x20000540                . = ALIGN (0x4)
                0x20000540                __bss_start__ = .
                0x20000540                _sbss = __bss_start__
 *(.bss*)
 .bss           0x20000540      0x1f0 ..\obj\stepper.o
 .bss           0x20000730       0x50 ..\obj\protocol.o
 .bss           0x20000780        0x4 ..\obj\usb_pwr.o
                0x20000780                bDeviceState
 .bss           0x20000784        0x8 ..\obj\usb_prop.o
                0x20000784                Request
 .bss           0x2000078c        0x1 ..\obj\usb_istr.o
                0x2000078c                bIntPackSOF
 *fill*         0x2000078d        0x3 
 .bss           0x20000790      0x364 ..\obj\planner.o
 .bss           0x20000af4        0x8 ..\obj\serial.o
                0x20000af4                serial_rx_buffer_tail
                0x20000af6                serial_rx_buffer_head
                0x20000af8                serial_tx_buffer_tail
                0x20000af9                serial_tx_buffer_head
                0x20000afa                line_counter
 .bss           0x20000afc        0x4 ..\obj\usb_core.o
                0x20000afc                Data_Mul_MaxPacketSize
 *(COMMON)
 COMMON         0x20000b00        0x2 ..\obj\stepper.o
                0x20000b00                current_pwm
 COMMON         0x20000b02        0x4 ..\obj\usb_int.o
                0x20000b02                SaveRState
                0x20000b04                SaveTState
 *fill*         0x20000b06        0x2 
 COMMON         0x20000b08       0x3e ..\obj\main.o
                0x20000b08                sys_tool_state
                0x20000b09                sys_rt_exec_motion_override
                0x20000b0c                sys
                0x20000b28                sys_rt_exec_accessory_override
                0x20000b29                sys_rt_exec_state
                0x20000b2a                sys_probe_state
                0x20000b2c                sys_probe_position
                0x20000b38                sys_position
                0x20000b44                sys_rt_exec_alarm
                0x20000b45                sys_m6_state
 *fill*         0x20000b46        0x2 
 COMMON         0x20000b48       0xa4 ..\obj\gcode.o
                0x20000b48                gc_state
                0x20000b90                gc_block
 COMMON         0x20000bec      0x400 ..\obj\eeprom.o
                0x20000bec                EE_Buffer
 COMMON         0x20000fec        0x2 ..\obj\usb_istr.o
                0x20000fec                wIstr
 *fill*         0x20000fee        0x2 
 COMMON         0x20000ff0       0xa0 ..\obj\settings.o
                0x20000ff0                settings
 COMMON         0x20001090      0x274 ..\obj\serial.o
                0x20001090                serial_tx_buffer
                0x20001110                serial_rx_buffer
 COMMON         0x20001304        0x1 ..\obj\probe.o
                0x20001304                probe_invert_mask
 *fill*         0x20001305        0x3 
 COMMON         0x20001308        0x6 ..\obj\spindle_control.o
                0x20001308                pwm_gradient
                0x2000130c                time_base
 *fill*         0x2000130e        0x2 
 COMMON         0x20001310       0x32 ..\obj\usb_init.o
                0x20001310                SaveState
                0x20001314                pProperty
                0x20001318                EPindex
                0x2000131c                Device_Info
                0x20001338                pUser_Standard_Requests
                0x2000133c                pInformation
                0x20001340                wInterrupt_Mask
 COMMON         0x20001342        0x2 ..\obj\usb_core.o
                0x20001342                StatusInfo
 COMMON         0x20001344       0x40 ..\obj\usb_endp.o
                0x20001344                USB_Rx_Buffer
                0x20001384                . = ALIGN (0x4)
                0x20001384                __bss_end__ = .
                0x20001384                _ebss = __bss_end__

.heap           0x20001384        0x0
                0x20001384                __end__ = .
                0x20001384                _end = __end__
                0x20001384                end = __end__
 *(.heap*)
                0x20001384                __HeapLimit = .

.co_stack       0x20001384     0x2004 load address 0x0800bc0c
                0x20001388                . = ALIGN (0x8)
 *fill*         0x20001384        0x4 
 *(.co_stack .co_stack.*)
 .co_stack      0x20001388     0x2000 ..\obj\startup_stm32f10x_md.o
                0x20001388                pulStack
                0x20005000                __StackTop = (ORIGIN (ram) + LENGTH (ram))
                0x20002ffc                __StackLimit = (__StackTop - SIZEOF (.co_stack))
                [!provide]                PROVIDE (__stack, __StackTop)
                0x00000001                ASSERT ((__StackLimit >= __HeapLimit), region ram  overflowed with stack)
LOAD ..\obj\stepper.o
LOAD ..\obj\misc.o
LOAD ..\obj\jog.o
LOAD ..\obj\protocol.o
LOAD ..\obj\usb_sil.o
LOAD ..\obj\nuts_bolts.o
LOAD ..\obj\startup_stm32f10x_md.o
LOAD ..\obj\stm32f10x_gpio.o
LOAD ..\obj\system_stm32f10x.o
LOAD ..\obj\usb_int.o
LOAD ..\obj\stm32f10x_rct.o
LOAD ..\obj\main.o
LOAD ..\obj\usb_pwr.o
LOAD ..\obj\stm32f10x_rcc.o
LOAD ..\obj\gcode.o
LOAD ..\obj\eeprom.o
LOAD ..\obj\usb_prop.o
LOAD ..\obj\usb_istr.o
LOAD ..\obj\planner.o
LOAD ..\obj\PID_C_stm32.o
LOAD ..\obj\settings.o
LOAD ..\obj\report.o
LOAD ..\obj\system.o
LOAD ..\obj\motion_control.o
LOAD ..\obj\usb_desc.o
LOAD ..\obj\hw_config.o
LOAD ..\obj\stm32f10x_tim.o
LOAD ..\obj\stm32f10x_spi.o
LOAD ..\obj\coolant_control.o
LOAD ..\obj\limits.o
LOAD ..\obj\serial.o
LOAD ..\obj\usb_mem.o
LOAD ..\obj\tool.o
LOAD ..\obj\probe.o
LOAD ..\obj\stm32f10x_usart.o
LOAD ..\obj\spindle_control.o
LOAD ..\obj\spi.o
LOAD ..\obj\stm32f10x_exti.o
LOAD ..\obj\usb_init.o
LOAD ..\obj\usb_core.o
LOAD ..\obj\stm32f10x_flash.o
LOAD ..\obj\print.o
LOAD ..\obj\usb_endp.o
LOAD ..\obj\usb_regs.o
LOAD ..\obj\stm32f10x_it.o
LOAD c:/program files (x86)/gnu tools arm embedded/7 2017-q4-major/bin/../lib/gcc/arm-none-eabi/7.2.1/../../../../arm-none-eabi/lib/thumb/v7-m\libm.a
START GROUP
LOAD c:/program files (x86)/gnu tools arm embedded/7 2017-q4-major/bin/../lib/gcc/arm-none-eabi/7.2.1/thumb/v7-m\libgcc.a
LOAD c:/program files (x86)/gnu tools arm embedded/7 2017-q4-major/bin/../lib/gcc/arm-none-eabi/7.2.1/../../../../arm-none-eabi/lib/thumb/v7-m\libg.a
LOAD c:/program files (x86)/gnu tools arm embedded/7 2017-q4-major/bin/../lib/gcc/arm-none-eabi/7.2.1/../../../../arm-none-eabi/lib/thumb/v7-m\libc.a
END GROUP
OUTPUT(stm32grbl.elf elf32-littlearm)

.comment        0x00000000       0x7e
 .comment       0x00000000       0x7e ..\obj\stepper.o
                                 0x7f (size before relaxing)
 .comment       0x0000007e       0x7f ..\obj\misc.o
 .comment       0x0000007e       0x7f ..\obj\jog.o
 .comment       0x0000007e       0x7f ..\obj\protocol.o
 .comment       0x0000007e       0x7f ..\obj\usb_sil.o
 .comment       0x0000007e       0x7f ..\obj\nuts_bolts.o
 .comment       0x0000007e       0x7f ..\obj\startup_stm32f10x_md.o
 .comment       0x0000007e       0x7f ..\obj\stm32f10x_gpio.o
 .comment       0x0000007e       0x7f ..\obj\system_stm32f10x.o
 .comment       0x0000007e       0x7f ..\obj\usb_int.o
 .comment       0x0000007e       0x7f ..\obj\main.o
 .comment       0x0000007e       0x7f ..\obj\usb_pwr.o
 .comment       0x0000007e       0x7f ..\obj\stm32f10x_rcc.o
 .comment       0x0000007e       0x7f ..\obj\gcode.o
 .comment       0x0000007e       0x7f ..\obj\eeprom.o
 .comment       0x0000007e       0x7f ..\obj\usb_prop.o
 .comment       0x0000007e       0x7f ..\obj\usb_istr.o
 .comment       0x0000007e       0x7f ..\obj\planner.o
 .comment       0x0000007e       0x7f ..\obj\settings.o
 .comment       0x0000007e       0x7f ..\obj\report.o
 .comment       0x0000007e       0x7f ..\obj\system.o
 .comment       0x0000007e       0x7f ..\obj\motion_control.o
 .comment       0x0000007e       0x7f ..\obj\usb_desc.o
 .comment       0x0000007e       0x7f ..\obj\hw_config.o
 .comment       0x0000007e       0x7f ..\obj\stm32f10x_tim.o
 .comment       0x0000007e       0x7f ..\obj\coolant_control.o
 .comment       0x0000007e       0x7f ..\obj\limits.o
 .comment       0x0000007e       0x7f ..\obj\serial.o
 .comment       0x0000007e       0x7f ..\obj\usb_mem.o
 .comment       0x0000007e       0x7f ..\obj\tool.o
 .comment       0x0000007e       0x7f ..\obj\probe.o
 .comment       0x0000007e       0x7f ..\obj\stm32f10x_usart.o
 .comment       0x0000007e       0x7f ..\obj\spindle_control.o
 .comment       0x0000007e       0x7f ..\obj\stm32f10x_exti.o
 .comment       0x0000007e       0x7f ..\obj\usb_init.o
 .comment       0x0000007e       0x7f ..\obj\usb_core.o
 .comment       0x0000007e       0x7f ..\obj\stm32f10x_flash.o
 .comment       0x0000007e       0x7f ..\obj\print.o
 .comment       0x0000007e       0x7f ..\obj\usb_endp.o
 .comment       0x0000007e       0x7f ..\obj\usb_regs.o
 .comment       0x0000007e       0x7f ..\obj\stm32f10x_it.o

.ARM.attributes
                0x00000000       0x33
 .ARM.attributes
                0x00000000       0x33 ..\obj\stepper.o
 .ARM.attributes
                0x00000033       0x33 ..\obj\misc.o
 .ARM.attributes
                0x00000066       0x33 ..\obj\jog.o
 .ARM.attributes
                0x00000099       0x33 ..\obj\protocol.o
 .ARM.attributes
                0x000000cc       0x33 ..\obj\usb_sil.o
 .ARM.attributes
                0x000000ff       0x33 ..\obj\nuts_bolts.o
 .ARM.attributes
                0x00000132       0x33 ..\obj\startup_stm32f10x_md.o
 .ARM.attributes
                0x00000165       0x33 ..\obj\stm32f10x_gpio.o
 .ARM.attributes
                0x00000198       0x33 ..\obj\system_stm32f10x.o
 .ARM.attributes
                0x000001cb       0x33 ..\obj\usb_int.o
 .ARM.attributes
                0x000001fe       0x33 ..\obj\main.o
 .ARM.attributes
                0x00000231       0x33 ..\obj\usb_pwr.o
 .ARM.attributes
                0x00000264       0x33 ..\obj\stm32f10x_rcc.o
 .ARM.attributes
                0x00000297       0x33 ..\obj\gcode.o
 .ARM.attributes
                0x000002ca       0x33 ..\obj\eeprom.o
 .ARM.attributes
                0x000002fd       0x33 ..\obj\usb_prop.o
 .ARM.attributes
                0x00000330       0x33 ..\obj\usb_istr.o
 .ARM.attributes
                0x00000363       0x33 ..\obj\planner.o
 .ARM.attributes
                0x00000396       0x33 ..\obj\settings.o
 .ARM.attributes
                0x000003c9       0x33 ..\obj\report.o
 .ARM.attributes
                0x000003fc       0x33 ..\obj\system.o
 .ARM.attributes
                0x0000042f       0x33 ..\obj\motion_control.o
 .ARM.attributes
                0x00000462       0x33 ..\obj\usb_desc.o
 .ARM.attributes
                0x00000495       0x33 ..\obj\hw_config.o
 .ARM.attributes
                0x000004c8       0x33 ..\obj\stm32f10x_tim.o
 .ARM.attributes
                0x000004fb       0x33 ..\obj\coolant_control.o
 .ARM.attributes
                0x0000052e       0x33 ..\obj\limits.o
 .ARM.attributes
                0x00000561       0x33 ..\obj\serial.o
 .ARM.attributes
                0x00000594       0x33 ..\obj\usb_mem.o
 .ARM.attributes
                0x000005c7       0x33 ..\obj\tool.o
 .ARM.attributes
                0x000005fa       0x33 ..\obj\probe.o
 .ARM.attributes
                0x0000062d       0x33 ..\obj\stm32f10x_usart.o
 .ARM.attributes
                0x00000660       0x33 ..\obj\spindle_control.o
 .ARM.attributes
                0x00000693       0x33 ..\obj\stm32f10x_exti.o
 .ARM.attributes
                0x000006c6       0x33 ..\obj\usb_init.o
 .ARM.attributes
                0x000006f9       0x33 ..\obj\usb_core.o
 .ARM.attributes
                0x0000072c       0x33 ..\obj\stm32f10x_flash.o
 .ARM.attributes
                0x0000075f       0x33 ..\obj\print.o
 .ARM.attributes
                0x00000792       0x33 ..\obj\usb_endp.o
 .ARM.attributes
                0x000007c5       0x33 ..\obj\usb_regs.o
 .ARM.attributes
                0x000007f8       0x33 ..\obj\stm32f10x_it.o
 .ARM.attributes
                0x0000082b       0x2d c:/program files (x86)/gnu tools arm embedded/7 2017-q4-major/bin/../lib/gcc/arm-none-eabi/7.2.1/../../../../arm-none-eabi/lib/thumb/v7-m\libm.a(lib_a-s_cos.o)
 .ARM.attributes
                0x00000858       0x2d c:/program files (x86)/gnu tools arm embedded/7 2017-q4-major/bin/../lib/gcc/arm-none-eabi/7.2.1/../../../../arm-none-eabi/lib/thumb/v7-m\libm.a(lib_a-s_lround.o)
 .ARM.attributes
                0x00000885       0x2d c:/program files (x86)/gnu tools arm embedded/7 2017-q4-major/bin/../lib/gcc/arm-none-eabi/7.2.1/../../../../arm-none-eabi/lib/thumb/v7-m\libm.a(lib_a-s_sin.o)
 .ARM.attributes
                0x000008b2       0x2d c:/program files (x86)/gnu tools arm embedded/7 2017-q4-major/bin/../lib/gcc/arm-none-eabi/7.2.1/../../../../arm-none-eabi/lib/thumb/v7-m\libm.a(lib_a-sf_ceil.o)
 .ARM.attributes
                0x000008df       0x2d c:/program files (x86)/gnu tools arm embedded/7 2017-q4-major/bin/../lib/gcc/arm-none-eabi/7.2.1/../../../../arm-none-eabi/lib/thumb/v7-m\libm.a(lib_a-sf_floor.o)
 .ARM.attributes
                0x0000090c       0x2d c:/program files (x86)/gnu tools arm embedded/7 2017-q4-major/bin/../lib/gcc/arm-none-eabi/7.2.1/../../../../arm-none-eabi/lib/thumb/v7-m\libm.a(lib_a-sf_lround.o)
 .ARM.attributes
                0x00000939       0x2d c:/program files (x86)/gnu tools arm embedded/7 2017-q4-major/bin/../lib/gcc/arm-none-eabi/7.2.1/../../../../arm-none-eabi/lib/thumb/v7-m\libm.a(lib_a-sf_trunc.o)
 .ARM.attributes
                0x00000966       0x2d c:/program files (x86)/gnu tools arm embedded/7 2017-q4-major/bin/../lib/gcc/arm-none-eabi/7.2.1/../../../../arm-none-eabi/lib/thumb/v7-m\libm.a(lib_a-w_atan2.o)
 .ARM.attributes
                0x00000993       0x2d c:/program files (x86)/gnu tools arm embedded/7 2017-q4-major/bin/../lib/gcc/arm-none-eabi/7.2.1/../../../../arm-none-eabi/lib/thumb/v7-m\libm.a(lib_a-w_sqrt.o)
 .ARM.attributes
                0x000009c0       0x2d c:/program files (x86)/gnu tools arm embedded/7 2017-q4-major/bin/../lib/gcc/arm-none-eabi/7.2.1/../../../../arm-none-eabi/lib/thumb/v7-m\libm.a(lib_a-wf_sqrt.o)
 .ARM.attributes
                0x000009ed       0x2d c:/program files (x86)/gnu tools arm embedded/7 2017-q4-major/bin/../lib/gcc/arm-none-eabi/7.2.1/../../../../arm-none-eabi/lib/thumb/v7-m\libm.a(lib_a-e_atan2.o)
 .ARM.attributes
                0x00000a1a       0x2d c:/program files (x86)/gnu tools arm embedded/7 2017-q4-major/bin/../lib/gcc/arm-none-eabi/7.2.1/../../../../arm-none-eabi/lib/thumb/v7-m\libm.a(lib_a-e_rem_pio2.o)
 .ARM.attributes
                0x00000a47       0x2d c:/program files (x86)/gnu tools arm embedded/7 2017-q4-major/bin/../lib/gcc/arm-none-eabi/7.2.1/../../../../arm-none-eabi/lib/thumb/v7-m\libm.a(lib_a-e_sqrt.o)
 .ARM.attributes
                0x00000a74       0x2d c:/program files (x86)/gnu tools arm embedded/7 2017-q4-major/bin/../lib/gcc/arm-none-eabi/7.2.1/../../../../arm-none-eabi/lib/thumb/v7-m\libm.a(lib_a-ef_sqrt.o)
 .ARM.attributes
                0x00000aa1       0x2d c:/program files (x86)/gnu tools arm embedded/7 2017-q4-major/bin/../lib/gcc/arm-none-eabi/7.2.1/../../../../arm-none-eabi/lib/thumb/v7-m\libm.a(lib_a-k_cos.o)
 .ARM.attributes
                0x00000ace       0x2d c:/program files (x86)/gnu tools arm embedded/7 2017-q4-major/bin/../lib/gcc/arm-none-eabi/7.2.1/../../../../arm-none-eabi/lib/thumb/v7-m\libm.a(lib_a-k_rem_pio2.o)
 .ARM.attributes
                0x00000afb       0x2d c:/program files (x86)/gnu tools arm embedded/7 2017-q4-major/bin/../lib/gcc/arm-none-eabi/7.2.1/../../../../arm-none-eabi/lib/thumb/v7-m\libm.a(lib_a-k_sin.o)
 .ARM.attributes
                0x00000b28       0x2d c:/program files (x86)/gnu tools arm embedded/7 2017-q4-major/bin/../lib/gcc/arm-none-eabi/7.2.1/../../../../arm-none-eabi/lib/thumb/v7-m\libm.a(lib_a-s_atan.o)
 .ARM.attributes
                0x00000b55       0x2d c:/program files (x86)/gnu tools arm embedded/7 2017-q4-major/bin/../lib/gcc/arm-none-eabi/7.2.1/../../../../arm-none-eabi/lib/thumb/v7-m\libm.a(lib_a-s_fabs.o)
 .ARM.attributes
                0x00000b82       0x2d c:/program files (x86)/gnu tools arm embedded/7 2017-q4-major/bin/../lib/gcc/arm-none-eabi/7.2.1/../../../../arm-none-eabi/lib/thumb/v7-m\libm.a(lib_a-s_floor.o)
 .ARM.attributes
                0x00000baf       0x2d c:/program files (x86)/gnu tools arm embedded/7 2017-q4-major/bin/../lib/gcc/arm-none-eabi/7.2.1/../../../../arm-none-eabi/lib/thumb/v7-m\libm.a(lib_a-s_lib_ver.o)
 .ARM.attributes
                0x00000bdc       0x2d c:/program files (x86)/gnu tools arm embedded/7 2017-q4-major/bin/../lib/gcc/arm-none-eabi/7.2.1/../../../../arm-none-eabi/lib/thumb/v7-m\libm.a(lib_a-s_matherr.o)
 .ARM.attributes
                0x00000c09       0x2d c:/program files (x86)/gnu tools arm embedded/7 2017-q4-major/bin/../lib/gcc/arm-none-eabi/7.2.1/../../../../arm-none-eabi/lib/thumb/v7-m\libm.a(lib_a-s_scalbn.o)
 .ARM.attributes
                0x00000c36       0x2d c:/program files (x86)/gnu tools arm embedded/7 2017-q4-major/bin/../lib/gcc/arm-none-eabi/7.2.1/../../../../arm-none-eabi/lib/thumb/v7-m\libm.a(lib_a-s_copysign.o)
 .ARM.attributes
                0x00000c63       0x1d c:/program files (x86)/gnu tools arm embedded/7 2017-q4-major/bin/../lib/gcc/arm-none-eabi/7.2.1/thumb/v7-m\libgcc.a(_arm_addsubdf3.o)
 .ARM.attributes
                0x00000c80       0x1d c:/program files (x86)/gnu tools arm embedded/7 2017-q4-major/bin/../lib/gcc/arm-none-eabi/7.2.1/thumb/v7-m\libgcc.a(_arm_muldivdf3.o)
 .ARM.attributes
                0x00000c9d       0x1d c:/program files (x86)/gnu tools arm embedded/7 2017-q4-major/bin/../lib/gcc/arm-none-eabi/7.2.1/thumb/v7-m\libgcc.a(_arm_cmpdf2.o)
 .ARM.attributes
                0x00000cba       0x1d c:/program files (x86)/gnu tools arm embedded/7 2017-q4-major/bin/../lib/gcc/arm-none-eabi/7.2.1/thumb/v7-m\libgcc.a(_arm_unorddf2.o)
 .ARM.attributes
                0x00000cd7       0x1d c:/program files (x86)/gnu tools arm embedded/7 2017-q4-major/bin/../lib/gcc/arm-none-eabi/7.2.1/thumb/v7-m\libgcc.a(_arm_fixdfsi.o)
 .ARM.attributes
                0x00000cf4       0x1d c:/program files (x86)/gnu tools arm embedded/7 2017-q4-major/bin/../lib/gcc/arm-none-eabi/7.2.1/thumb/v7-m\libgcc.a(_arm_truncdfsf2.o)
 .ARM.attributes
                0x00000d11       0x1d c:/program files (x86)/gnu tools arm embedded/7 2017-q4-major/bin/../lib/gcc/arm-none-eabi/7.2.1/thumb/v7-m\libgcc.a(_arm_addsubsf3.o)
 .ARM.attributes
                0x00000d2e       0x1d c:/program files (x86)/gnu tools arm embedded/7 2017-q4-major/bin/../lib/gcc/arm-none-eabi/7.2.1/thumb/v7-m\libgcc.a(_arm_muldivsf3.o)
 .ARM.attributes
                0x00000d4b       0x1d c:/program files (x86)/gnu tools arm embedded/7 2017-q4-major/bin/../lib/gcc/arm-none-eabi/7.2.1/thumb/v7-m\libgcc.a(_arm_cmpsf2.o)
 .ARM.attributes
                0x00000d68       0x1d c:/program files (x86)/gnu tools arm embedded/7 2017-q4-major/bin/../lib/gcc/arm-none-eabi/7.2.1/thumb/v7-m\libgcc.a(_arm_unordsf2.o)
 .ARM.attributes
                0x00000d85       0x1d c:/program files (x86)/gnu tools arm embedded/7 2017-q4-major/bin/../lib/gcc/arm-none-eabi/7.2.1/thumb/v7-m\libgcc.a(_arm_fixsfsi.o)
 .ARM.attributes
                0x00000da2       0x1d c:/program files (x86)/gnu tools arm embedded/7 2017-q4-major/bin/../lib/gcc/arm-none-eabi/7.2.1/thumb/v7-m\libgcc.a(_arm_fixunssfsi.o)
 .ARM.attributes
                0x00000dbf       0x2d c:/program files (x86)/gnu tools arm embedded/7 2017-q4-major/bin/../lib/gcc/arm-none-eabi/7.2.1/../../../../arm-none-eabi/lib/thumb/v7-m\libg.a(lib_a-errno.o)
 .ARM.attributes
                0x00000dec       0x2d c:/program files (x86)/gnu tools arm embedded/7 2017-q4-major/bin/../lib/gcc/arm-none-eabi/7.2.1/../../../../arm-none-eabi/lib/thumb/v7-m\libg.a(lib_a-impure.o)
 .ARM.attributes
                0x00000e19       0x2d c:/program files (x86)/gnu tools arm embedded/7 2017-q4-major/bin/../lib/gcc/arm-none-eabi/7.2.1/../../../../arm-none-eabi/lib/thumb/v7-m\libg.a(lib_a-memcmp.o)
 .ARM.attributes
                0x00000e46       0x2d c:/program files (x86)/gnu tools arm embedded/7 2017-q4-major/bin/../lib/gcc/arm-none-eabi/7.2.1/../../../../arm-none-eabi/lib/thumb/v7-m\libg.a(lib_a-memset.o)

.debug_frame    0x00000000      0x92c
 .debug_frame   0x00000000       0x38 c:/program files (x86)/gnu tools arm embedded/7 2017-q4-major/bin/../lib/gcc/arm-none-eabi/7.2.1/../../../../arm-none-eabi/lib/thumb/v7-m\libm.a(lib_a-s_cos.o)
 .debug_frame   0x00000038       0x2c c:/program files (x86)/gnu tools arm embedded/7 2017-q4-major/bin/../lib/gcc/arm-none-eabi/7.2.1/../../../../arm-none-eabi/lib/thumb/v7-m\libm.a(lib_a-s_lround.o)
 .debug_frame   0x00000064       0x38 c:/program files (x86)/gnu tools arm embedded/7 2017-q4-major/bin/../lib/gcc/arm-none-eabi/7.2.1/../../../../arm-none-eabi/lib/thumb/v7-m\libm.a(lib_a-s_sin.o)
 .debug_frame   0x0000009c       0x30 c:/program files (x86)/gnu tools arm embedded/7 2017-q4-major/bin/../lib/gcc/arm-none-eabi/7.2.1/../../../../arm-none-eabi/lib/thumb/v7-m\libm.a(lib_a-sf_ceil.o)
 .debug_frame   0x000000cc       0x30 c:/program files (x86)/gnu tools arm embedded/7 2017-q4-major/bin/../lib/gcc/arm-none-eabi/7.2.1/../../../../arm-none-eabi/lib/thumb/v7-m\libm.a(lib_a-sf_floor.o)
 .debug_frame   0x000000fc       0x28 c:/program files (x86)/gnu tools arm embedded/7 2017-q4-major/bin/../lib/gcc/arm-none-eabi/7.2.1/../../../../arm-none-eabi/lib/thumb/v7-m\libm.a(lib_a-sf_lround.o)
 .debug_frame   0x00000124       0x20 c:/program files (x86)/gnu tools arm embedded/7 2017-q4-major/bin/../lib/gcc/arm-none-eabi/7.2.1/../../../../arm-none-eabi/lib/thumb/v7-m\libm.a(lib_a-sf_trunc.o)
 .debug_frame   0x00000144       0x20 c:/program files (x86)/gnu tools arm embedded/7 2017-q4-major/bin/../lib/gcc/arm-none-eabi/7.2.1/../../../../arm-none-eabi/lib/thumb/v7-m\libm.a(lib_a-w_atan2.o)
 .debug_frame   0x00000164       0x44 c:/program files (x86)/gnu tools arm embedded/7 2017-q4-major/bin/../lib/gcc/arm-none-eabi/7.2.1/../../../../arm-none-eabi/lib/thumb/v7-m\libm.a(lib_a-w_sqrt.o)
 .debug_frame   0x000001a8       0x3c c:/program files (x86)/gnu tools arm embedded/7 2017-q4-major/bin/../lib/gcc/arm-none-eabi/7.2.1/../../../../arm-none-eabi/lib/thumb/v7-m\libm.a(lib_a-wf_sqrt.o)
 .debug_frame   0x000001e4       0x48 c:/program files (x86)/gnu tools arm embedded/7 2017-q4-major/bin/../lib/gcc/arm-none-eabi/7.2.1/../../../../arm-none-eabi/lib/thumb/v7-m\libm.a(lib_a-e_atan2.o)
 .debug_frame   0x0000022c       0x48 c:/program files (x86)/gnu tools arm embedded/7 2017-q4-major/bin/../lib/gcc/arm-none-eabi/7.2.1/../../../../arm-none-eabi/lib/thumb/v7-m\libm.a(lib_a-e_rem_pio2.o)
 .debug_frame   0x00000274       0x30 c:/program files (x86)/gnu tools arm embedded/7 2017-q4-major/bin/../lib/gcc/arm-none-eabi/7.2.1/../../../../arm-none-eabi/lib/thumb/v7-m\libm.a(lib_a-e_sqrt.o)
 .debug_frame   0x000002a4       0x30 c:/program files (x86)/gnu tools arm embedded/7 2017-q4-major/bin/../lib/gcc/arm-none-eabi/7.2.1/../../../../arm-none-eabi/lib/thumb/v7-m\libm.a(lib_a-ef_sqrt.o)
 .debug_frame   0x000002d4       0x4c c:/program files (x86)/gnu tools arm embedded/7 2017-q4-major/bin/../lib/gcc/arm-none-eabi/7.2.1/../../../../arm-none-eabi/lib/thumb/v7-m\libm.a(lib_a-k_cos.o)
 .debug_frame   0x00000320       0x58 c:/program files (x86)/gnu tools arm embedded/7 2017-q4-major/bin/../lib/gcc/arm-none-eabi/7.2.1/../../../../arm-none-eabi/lib/thumb/v7-m\libm.a(lib_a-k_rem_pio2.o)
 .debug_frame   0x00000378       0x48 c:/program files (x86)/gnu tools arm embedded/7 2017-q4-major/bin/../lib/gcc/arm-none-eabi/7.2.1/../../../../arm-none-eabi/lib/thumb/v7-m\libm.a(lib_a-k_sin.o)
 .debug_frame   0x000003c0       0x38 c:/program files (x86)/gnu tools arm embedded/7 2017-q4-major/bin/../lib/gcc/arm-none-eabi/7.2.1/../../../../arm-none-eabi/lib/thumb/v7-m\libm.a(lib_a-s_atan.o)
 .debug_frame   0x000003f8       0x20 c:/program files (x86)/gnu tools arm embedded/7 2017-q4-major/bin/../lib/gcc/arm-none-eabi/7.2.1/../../../../arm-none-eabi/lib/thumb/v7-m\libm.a(lib_a-s_fabs.o)
 .debug_frame   0x00000418       0x34 c:/program files (x86)/gnu tools arm embedded/7 2017-q4-major/bin/../lib/gcc/arm-none-eabi/7.2.1/../../../../arm-none-eabi/lib/thumb/v7-m\libm.a(lib_a-s_floor.o)
 .debug_frame   0x0000044c       0x20 c:/program files (x86)/gnu tools arm embedded/7 2017-q4-major/bin/../lib/gcc/arm-none-eabi/7.2.1/../../../../arm-none-eabi/lib/thumb/v7-m\libm.a(lib_a-s_matherr.o)
 .debug_frame   0x0000046c       0x30 c:/program files (x86)/gnu tools arm embedded/7 2017-q4-major/bin/../lib/gcc/arm-none-eabi/7.2.1/../../../../arm-none-eabi/lib/thumb/v7-m\libm.a(lib_a-s_scalbn.o)
 .debug_frame   0x0000049c       0x20 c:/program files (x86)/gnu tools arm embedded/7 2017-q4-major/bin/../lib/gcc/arm-none-eabi/7.2.1/../../../../arm-none-eabi/lib/thumb/v7-m\libm.a(lib_a-s_copysign.o)
 .debug_frame   0x000004bc       0xac c:/program files (x86)/gnu tools arm embedded/7 2017-q4-major/bin/../lib/gcc/arm-none-eabi/7.2.1/thumb/v7-m\libgcc.a(_arm_addsubdf3.o)
 .debug_frame   0x00000568       0x50 c:/program files (x86)/gnu tools arm embedded/7 2017-q4-major/bin/../lib/gcc/arm-none-eabi/7.2.1/thumb/v7-m\libgcc.a(_arm_muldivdf3.o)
 .debug_frame   0x000005b8       0xc4 c:/program files (x86)/gnu tools arm embedded/7 2017-q4-major/bin/../lib/gcc/arm-none-eabi/7.2.1/thumb/v7-m\libgcc.a(_arm_cmpdf2.o)
 .debug_frame   0x0000067c       0x20 c:/program files (x86)/gnu tools arm embedded/7 2017-q4-major/bin/../lib/gcc/arm-none-eabi/7.2.1/thumb/v7-m\libgcc.a(_arm_unorddf2.o)
 .debug_frame   0x0000069c       0x24 c:/program files (x86)/gnu tools arm embedded/7 2017-q4-major/bin/../lib/gcc/arm-none-eabi/7.2.1/thumb/v7-m\libgcc.a(_arm_fixdfsi.o)
 .debug_frame   0x000006c0       0x24 c:/program files (x86)/gnu tools arm embedded/7 2017-q4-major/bin/../lib/gcc/arm-none-eabi/7.2.1/thumb/v7-m\libgcc.a(_arm_truncdfsf2.o)
 .debug_frame   0x000006e4       0x4c c:/program files (x86)/gnu tools arm embedded/7 2017-q4-major/bin/../lib/gcc/arm-none-eabi/7.2.1/thumb/v7-m\libgcc.a(_arm_addsubsf3.o)
 .debug_frame   0x00000730       0x38 c:/program files (x86)/gnu tools arm embedded/7 2017-q4-major/bin/../lib/gcc/arm-none-eabi/7.2.1/thumb/v7-m\libgcc.a(_arm_muldivsf3.o)
 .debug_frame   0x00000768       0xc8 c:/program files (x86)/gnu tools arm embedded/7 2017-q4-major/bin/../lib/gcc/arm-none-eabi/7.2.1/thumb/v7-m\libgcc.a(_arm_cmpsf2.o)
 .debug_frame   0x00000830       0x24 c:/program files (x86)/gnu tools arm embedded/7 2017-q4-major/bin/../lib/gcc/arm-none-eabi/7.2.1/thumb/v7-m\libgcc.a(_arm_unordsf2.o)
 .debug_frame   0x00000854       0x24 c:/program files (x86)/gnu tools arm embedded/7 2017-q4-major/bin/../lib/gcc/arm-none-eabi/7.2.1/thumb/v7-m\libgcc.a(_arm_fixsfsi.o)
 .debug_frame   0x00000878       0x24 c:/program files (x86)/gnu tools arm embedded/7 2017-q4-major/bin/../lib/gcc/arm-none-eabi/7.2.1/thumb/v7-m\libgcc.a(_arm_fixunssfsi.o)
 .debug_frame   0x0000089c       0x20 c:/program files (x86)/gnu tools arm embedded/7 2017-q4-major/bin/../lib/gcc/arm-none-eabi/7.2.1/../../../../arm-none-eabi/lib/thumb/v7-m\libg.a(lib_a-errno.o)
 .debug_frame   0x000008bc       0x38 c:/program files (x86)/gnu tools arm embedded/7 2017-q4-major/bin/../lib/gcc/arm-none-eabi/7.2.1/../../../../arm-none-eabi/lib/thumb/v7-m\libg.a(lib_a-memcmp.o)
 .debug_frame   0x000008f4       0x38 c:/program files (x86)/gnu tools arm embedded/7 2017-q4-major/bin/../lib/gcc/arm-none-eabi/7.2.1/../../../../arm-none-eabi/lib/thumb/v7-m\libg.a(lib_a-memset.o)
