Archive member included to satisfy reference by file (symbol)

c:/program files (x86)/gnu tools arm embedded/7 2017-q4-major/bin/../lib/gcc/arm-none-eabi/7.2.1/../../../../arm-none-eabi/lib/thumb/v7-m\libm.a(lib_a-s_cos.o)
                              ..\obj\motion_control.o (cos)
c:/program files (x86)/gnu tools arm embedded/7 2017-q4-major/bin/../lib/gcc/arm-none-eabi/7.2.1/../../../../arm-none-eabi/lib/thumb/v7-m\libm.a(lib_a-s_lround.o)
                              ..\obj\planner.o (lround)
c:/program files (x86)/gnu tools arm embedded/7 2017-q4-major/bin/../lib/gcc/arm-none-eabi/7.2.1/../../../../arm-none-eabi/lib/thumb/v7-m\libm.a(lib_a-s_sin.o)
                              ..\obj\motion_control.o (sin)
c:/program files (x86)/gnu tools arm embedded/7 2017-q4-major/bin/../lib/gcc/arm-none-eabi/7.2.1/../../../../arm-none-eabi/lib/thumb/v7-m\libm.a(lib_a-sf_ceil.o)
                              ..\obj\stepper.o (ceilf)
c:/program files (x86)/gnu tools arm embedded/7 2017-q4-major/bin/../lib/gcc/arm-none-eabi/7.2.1/../../../../arm-none-eabi/lib/thumb/v7-m\libm.a(lib_a-sf_floor.o)
                              ..\obj\motion_control.o (floorf)
c:/program files (x86)/gnu tools arm embedded/7 2017-q4-major/bin/../lib/gcc/arm-none-eabi/7.2.1/../../../../arm-none-eabi/lib/thumb/v7-m\libm.a(lib_a-sf_lround.o)
                              ..\obj\gcode.o (lroundf)
c:/program files (x86)/gnu tools arm embedded/7 2017-q4-major/bin/../lib/gcc/arm-none-eabi/7.2.1/../../../../arm-none-eabi/lib/thumb/v7-m\libm.a(lib_a-sf_trunc.o)
                              ..\obj\gcode.o (truncf)
c:/program files (x86)/gnu tools arm embedded/7 2017-q4-major/bin/../lib/gcc/arm-none-eabi/7.2.1/../../../../arm-none-eabi/lib/thumb/v7-m\libm.a(lib_a-w_atan2.o)
                              ..\obj\motion_control.o (atan2)
c:/program files (x86)/gnu tools arm embedded/7 2017-q4-major/bin/../lib/gcc/arm-none-eabi/7.2.1/../../../../arm-none-eabi/lib/thumb/v7-m\libm.a(lib_a-w_sqrt.o)
                              ..\obj\stepper.o (sqrt)
c:/program files (x86)/gnu tools arm embedded/7 2017-q4-major/bin/../lib/gcc/arm-none-eabi/7.2.1/../../../../arm-none-eabi/lib/thumb/v7-m\libm.a(lib_a-wf_sqrt.o)
                              ..\obj\nuts_bolts.o (sqrtf)
c:/program files (x86)/gnu tools arm embedded/7 2017-q4-major/bin/../lib/gcc/arm-none-eabi/7.2.1/../../../../arm-none-eabi/lib/thumb/v7-m\libm.a(lib_a-e_atan2.o)
                              c:/program files (x86)/gnu tools arm embedded/7 2017-q4-major/bin/../lib/gcc/arm-none-eabi/7.2.1/../../../../arm-none-eabi/lib/thumb/v7-m\libm.a(lib_a-w_atan2.o) (__ieee754_atan2)
c:/program files (x86)/gnu tools arm embedded/7 2017-q4-major/bin/../lib/gcc/arm-none-eabi/7.2.1/../../../../arm-none-eabi/lib/thumb/v7-m\libm.a(lib_a-e_rem_pio2.o)
                              c:/program files (x86)/gnu tools arm embedded/7 2017-q4-major/bin/../lib/gcc/arm-none-eabi/7.2.1/../../../../arm-none-eabi/lib/thumb/v7-m\libm.a(lib_a-s_cos.o) (__ieee754_rem_pio2)
c:/program files (x86)/gnu tools arm embedded/7 2017-q4-major/bin/../lib/gcc/arm-none-eabi/7.2.1/../../../../arm-none-eabi/lib/thumb/v7-m\libm.a(lib_a-e_sqrt.o)
                              c:/program files (x86)/gnu tools arm embedded/7 2017-q4-major/bin/../lib/gcc/arm-none-eabi/7.2.1/../../../../arm-none-eabi/lib/thumb/v7-m\libm.a(lib_a-w_sqrt.o) (__ieee754_sqrt)
c:/program files (x86)/gnu tools arm embedded/7 2017-q4-major/bin/../lib/gcc/arm-none-eabi/7.2.1/../../../../arm-none-eabi/lib/thumb/v7-m\libm.a(lib_a-ef_sqrt.o)
                              c:/program files (x86)/gnu tools arm embedded/7 2017-q4-major/bin/../lib/gcc/arm-none-eabi/7.2.1/../../../../arm-none-eabi/lib/thumb/v7-m\libm.a(lib_a-wf_sqrt.o) (__ieee754_sqrtf)
c:/program files (x86)/gnu tools arm embedded/7 2017-q4-major/bin/../lib/gcc/arm-none-eabi/7.2.1/../../../../arm-none-eabi/lib/thumb/v7-m\libm.a(lib_a-k_cos.o)
                              c:/program files (x86)/gnu tools arm embedded/7 2017-q4-major/bin/../lib/gcc/arm-none-eabi/7.2.1/../../../../arm-none-eabi/lib/thumb/v7-m\libm.a(lib_a-s_cos.o) (__kernel_cos)
c:/program files (x86)/gnu tools arm embedded/7 2017-q4-major/bin/../lib/gcc/arm-none-eabi/7.2.1/../../../../arm-none-eabi/lib/thumb/v7-m\libm.a(lib_a-k_rem_pio2.o)
                              c:/program files (x86)/gnu tools arm embedded/7 2017-q4-major/bin/../lib/gcc/arm-none-eabi/7.2.1/../../../../arm-none-eabi/lib/thumb/v7-m\libm.a(lib_a-e_rem_pio2.o) (__kernel_rem_pio2)
c:/program files (x86)/gnu tools arm embedded/7 2017-q4-major/bin/../lib/gcc/arm-none-eabi/7.2.1/../../../../arm-none-eabi/lib/thumb/v7-m\libm.a(lib_a-k_sin.o)
                              c:/program files (x86)/gnu tools arm embedded/7 2017-q4-major/bin/../lib/gcc/arm-none-eabi/7.2.1/../../../../arm-none-eabi/lib/thumb/v7-m\libm.a(lib_a-s_cos.o) (__kernel_sin)
[...]
Memory Configuration

Name             Origin             Length             Attributes
rom              0x08000000         0x00020000         xr
ram              0x20000000         0x00005000         xrw
*default*        0x00000000         0xffffffff

Linker script and memory map

                0x20005000                _eram = 0x20005000

.text           0x08000000     0xa8d8
 *(.isr_vector)
 .isr_vector    0x08000000      0x10c ..\obj\startup_stm32f10x_md.o
                0x08000000                g_pfnVectors
 *(.text*)
 .text.st_wake_up
                0x0800010c       0x94 ..\obj\stepper.o
                0x0800010c                st_wake_up
 .text.st_go_idle
                0x080001a0       0x78 ..\obj\stepper.o
                0x080001a0                st_go_idle
 .text.TIM2_IRQHandler
                0x08000218      0x238 ..\obj\stepper.o
                0x08000218                TIM2_IRQHandler
 .text.TIM3_IRQHandler
                0x08000450       0x54 ..\obj\stepper.o
                0x08000450                TIM3_IRQHandler
 .text.st_generate_step_dir_invert_masks
                0x080004a4       0x70 ..\obj\stepper.o
                0x080004a4                st_generate_step_dir_invert_masks
 .text.st_reset
                0x08000514       0x88 ..\obj\stepper.o
                0x08000514                st_reset
 .text.st_update_plan_block_parameters
                0x0800059c       0x30 ..\obj\stepper.o
                0x0800059c                st_update_plan_block_parameters
 .text.st_prep_buffer
                0x080005cc      0x7d4 ..\obj\stepper.o
                0x080005cc                st_prep_buffer
 .text.st_get_realtime_rate
                0x08000da0       0x1c ..\obj\stepper.o
                0x08000da0                st_get_realtime_rate
 .text.TIM_Configuration
                0x08000dbc       0x90 ..\obj\stepper.o
                0x08000dbc                TIM_Configuration
 .text.stepper_init
                0x08000e4c       0xf8 ..\obj\stepper.o
                0x08000e4c                stepper_init
 .text.NVIC_PriorityGroupConfig
                0x08000f44       0x14 ..\obj\misc.o
                0x08000f44                NVIC_PriorityGroupConfig
 .text.NVIC_Init
                0x08000f58       0x58 ..\obj\misc.o
                0x08000f58                NVIC_Init
 .text.jog_execute
                0x08000fb0       0x5c ..\obj\jog.o
                0x08000fb0                jog_execute
 .text.protocol_auto_cycle_start
                0x0800100c       0x14 ..\obj\protocol.o
                0x0800100c                protocol_auto_cycle_start
 .text.protocol_exec_rt_system
                0x08001020      0x368 ..\obj\protocol.o
                0x08001020                protocol_exec_rt_system
 .text.protocol_execute_realtime
                0x08001388      0x1a8 ..\obj\protocol.o
                0x08001388                protocol_execute_realtime
 .text.protocol_main_loop
                0x08001530      0x12c ..\obj\protocol.o
                0x08001530                protocol_main_loop
 .text.protocol_buffer_synchronize
                0x0800165c       0x24 ..\obj\protocol.o
                0x0800165c                protocol_buffer_synchronize
 .text.USB_SIL_Init
                0x08001680       0x20 ..\obj\usb_sil.o
                0x08001680                USB_SIL_Init
 .text.USB_SIL_Read
                0x080016a0       0x24 ..\obj\usb_sil.o
                0x080016a0                USB_SIL_Read
 .text.read_float
                0x080016c4       0xe0 ..\obj\nuts_bolts.o
                0x080016c4                read_float
 .text.delay_sec
                0x080017a4       0x44 ..\obj\nuts_bolts.o
                0x080017a4                delay_sec
 .text.delay_ms
                0x080017e8       0x1a ..\obj\nuts_bolts.o
                0x080017e8                delay_ms
 .text.hypot_f  0x08001802       0x2a ..\obj\nuts_bolts.o
                0x08001802                hypot_f
 .text.convert_delta_vector_to_unit_vector
                0x0800182c       0x6c ..\obj\nuts_bolts.o
                0x0800182c                convert_delta_vector_to_unit_vector
 .text.limit_value_by_axis_maximum
                0x08001898       0x48 ..\obj\nuts_bolts.o
                0x08001898                limit_value_by_axis_maximum
 .text.Default_Handler
                0x080018e0        0x2 ..\obj\startup_stm32f10x_md.o
                0x080018e0                EXTI2_IRQHandler
                0x080018e0                TIM1_CC_IRQHandler
                0x080018e0                PVD_IRQHandler
                0x080018e0                EXTI3_IRQHandler
                0x080018e0                EXTI0_IRQHandler
                0x080018e0                I2C2_EV_IRQHandler
                0x080018e0                ADC1_2_IRQHandler
                0x080018e0                SPI1_IRQHandler
                0x080018e0                TAMPER_IRQHandler
                0x080018e0                DMA1_Channel4_IRQHandler
                0x080018e0                USART3_IRQHandler
                0x080018e0                RTC_IRQHandler
                0x080018e0                DMA1_Channel7_IRQHandler
                0x080018e0                CAN1_RX1_IRQHandler
                0x080018e0                TIM4_IRQHandler
                0x080018e0                I2C1_EV_IRQHandler
                0x080018e0                DMA1_Channel6_IRQHandler
                0x080018e0                RCC_IRQHandler
                0x080018e0                TIM1_TRG_COM_IRQHandler
                0x080018e0                DMA1_Channel1_IRQHandler
                0x080018e0                SPI2_IRQHandler
                0x080018e0                DMA1_Channel5_IRQHandler
                0x080018e0                EXTI4_IRQHandler
                0x080018e0                USB_HP_CAN1_TX_IRQHandler
                0x080018e0                DMA1_Channel3_IRQHandler
                0x080018e0                TIM1_UP_IRQHandler
                0x080018e0                WWDG_IRQHandler
                0x080018e0                TIM1_BRK_IRQHandler
                0x080018e0                EXTI1_IRQHandler
                0x080018e0                RTCAlarm_IRQHandler
                0x080018e0                USART2_IRQHandler
                0x080018e0                I2C2_ER_IRQHandler
                0x080018e0                DMA1_Channel2_IRQHandler
                0x080018e0                CAN1_SCE_IRQHandler
                0x080018e0                FLASH_IRQHandler
                0x080018e0                I2C1_ER_IRQHandler
                0x080018e0                USBWakeUp_IRQHandler
 *fill*         0x080018e2        0x2 
 .text.Default_Reset_Handler
                0x080018e4       0x48 ..\obj\startup_stm32f10x_md.o
                0x080018e4                Default_Reset_Handler
                0x080018e4                Reset_Handler
 .text.GPIO_Init
                0x0800192c       0xa6 ..\obj\stm32f10x_gpio.o
                0x0800192c                GPIO_Init
 .text.GPIO_StructInit
                0x080019d2       0x10 ..\obj\stm32f10x_gpio.o
                0x080019d2                GPIO_StructInit
 .text.GPIO_ReadInputData
                0x080019e2        0x6 ..\obj\stm32f10x_gpio.o
                0x080019e2                GPIO_ReadInputData
 .text.GPIO_ReadOutputData
                0x080019e8        0x6 ..\obj\stm32f10x_gpio.o
                0x080019e8                GPIO_ReadOutputData
 .text.GPIO_SetBits
                0x080019ee        0x4 ..\obj\stm32f10x_gpio.o
                0x080019ee                GPIO_SetBits
 .text.GPIO_WriteBit
                0x080019f2        0xa ..\obj\stm32f10x_gpio.o
                0x080019f2                GPIO_WriteBit
 .text.GPIO_Write
                0x080019fc        0x4 ..\obj\stm32f10x_gpio.o
                0x080019fc                GPIO_Write
 .text.GPIO_PinLockConfig
                0x08001a00       0x10 ..\obj\stm32f10x_gpio.o
                0x08001a00                GPIO_PinLockConfig
 .text.GPIO_EXTILineConfig
                0x08001a10       0x2a ..\obj\stm32f10x_gpio.o
                0x08001a10                GPIO_EXTILineConfig
 *fill*         0x08001a3a        0x2 
 .text.SystemInit
                0x08001a3c       0xf0 ..\obj\system_stm32f10x.o
                0x08001a3c                SystemInit
 .text.CTR_LP   0x08001b2c      0x180 ..\obj\usb_int.o
                0x08001b2c                CTR_LP
 .text.USART1_Configuration
                0x08001cac       0xa0 ..\obj\main.o
                0x08001cac                USART1_Configuration
 .text._delay_ms
                0x08001d4c       0x28 ..\obj\main.o
                0x08001d4c                _delay_ms
 .text.LedBlink
                0x08001d74       0x28 ..\obj\main.o
                0x08001d74                LedBlink
 .text.LedBlinkPC14
                0x08001d9c       0x28 ..\obj\main.o
                0x08001d9c                LedBlinkPC14
 .text.startup.main
                0x08001dc4      0x170 ..\obj\main.o
                0x08001dc4                main
 .text.PowerOn  0x08001f34       0x30 ..\obj\usb_pwr.o
                0x08001f34                PowerOn
 .text.RCC_HCLKConfig
                0x08001f64       0x14 ..\obj\stm32f10x_rcc.o
                0x08001f64                RCC_HCLKConfig
 .text.RCC_PCLK1Config
                0x08001f78       0x14 ..\obj\stm32f10x_rcc.o
                0x08001f78                RCC_PCLK1Config
 .text.RCC_PCLK2Config
                0x08001f8c       0x14 ..\obj\stm32f10x_rcc.o
                0x08001f8c                RCC_PCLK2Config
 .text.RCC_USBCLKConfig
                0x08001fa0        0xc ..\obj\stm32f10x_rcc.o
                0x08001fa0                RCC_USBCLKConfig
 .text.RCC_GetClocksFreq
                0x08001fac       0x80 ..\obj\stm32f10x_rcc.o
                0x08001fac                RCC_GetClocksFreq
 .text.RCC_APB2PeriphClockCmd
                0x0800202c       0x18 ..\obj\stm32f10x_rcc.o
                0x0800202c                RCC_APB2PeriphClockCmd
 .text.RCC_APB1PeriphClockCmd
                0x08002044       0x18 ..\obj\stm32f10x_rcc.o
                0x08002044                RCC_APB1PeriphClockCmd
 .text.gc_init  0x0800205c       0x2c ..\obj\gcode.o
                0x0800205c                gc_init
 .text.gc_sync_position
                0x08002088       0x10 ..\obj\gcode.o
                0x08002088                gc_sync_position
 .text.gc_execute_line
                0x08002098      0xf04 ..\obj\gcode.o
                0x08002098                gc_execute_line
 .text.eeprom_flush
                0x08002f9c       0x5c ..\obj\eeprom.o
                0x08002f9c                eeprom_flush
 .text.eeprom_init
                0x08002ff8       0x40 ..\obj\eeprom.o
                0x08002ff8                eeprom_init
 .text.eeprom_get_char
                0x08003038        0xc ..\obj\eeprom.o
                0x08003038                eeprom_get_char
 .text.eeprom_put_char
                0x08003044        0xc ..\obj\eeprom.o
                0x08003044                eeprom_put_char
 .text.memcpy_to_eeprom_with_checksum
                0x08003050       0x30 ..\obj\eeprom.o
                0x08003050                memcpy_to_eeprom_with_checksum
 .text.memcpy_from_eeprom_with_checksum
                0x08003080       0x30 ..\obj\eeprom.o
                0x08003080                memcpy_from_eeprom_with_checksum
 .text.Virtual_Com_Port_SetConfiguration
                0x080030b0       0x18 ..\obj\usb_prop.o
                0x080030b0                Virtual_Com_Port_SetConfiguration
 .text.Virtual_Com_Port_SetDeviceAddress
                0x080030c8        0xc ..\obj\usb_prop.o
                0x080030c8                Virtual_Com_Port_SetDeviceAddress
 .text.Virtual_Com_Port_Status_In
                0x080030d4       0x14 ..\obj\usb_prop.o
                0x080030d4                Virtual_Com_Port_Status_In
 .text.Virtual_Com_Port_Status_Out
                0x080030e8        0x2 ..\obj\usb_prop.o
                0x080030e8                Virtual_Com_Port_Status_Out
 *fill*         0x080030ea        0x2 
 .text.Virtual_Com_Port_Data_Setup
                0x080030ec       0x5c ..\obj\usb_prop.o
                0x080030ec                Virtual_Com_Port_Data_Setup
 .text.Virtual_Com_Port_NoData_Setup
                0x08003148       0x30 ..\obj\usb_prop.o
                0x08003148                Virtual_Com_Port_NoData_Setup
 .text.Virtual_Com_Port_Get_Interface_Setting
                0x08003178       0x10 ..\obj\usb_prop.o
                0x08003178                Virtual_Com_Port_Get_Interface_Setting
 .text.Virtual_Com_Port_GetLineCoding
                0x08003188       0x18 ..\obj\usb_prop.o
                0x08003188                Virtual_Com_Port_GetLineCoding
 .text.Virtual_Com_Port_SetLineCoding
                0x080031a0        0x4 ..\obj\usb_prop.o
                0x080031a0                Virtual_Com_Port_SetLineCoding
 .text.Virtual_Com_Port_init
                0x080031a4       0x24 ..\obj\usb_prop.o
                0x080031a4                Virtual_Com_Port_init
 .text.Virtual_Com_Port_Reset
                0x080031c8       0xe0 ..\obj\usb_prop.o
                0x080031c8                Virtual_Com_Port_Reset
 .text.Virtual_Com_Port_GetDeviceDescriptor
                0x080032a8        0xc ..\obj\usb_prop.o
                0x080032a8                Virtual_Com_Port_GetDeviceDescriptor
 .text.Virtual_Com_Port_GetConfigDescriptor
                0x080032b4        0xc ..\obj\usb_prop.o
                0x080032b4                Virtual_Com_Port_GetConfigDescriptor
 .text.Virtual_Com_Port_GetStringDescriptor
                0x080032c0       0x20 ..\obj\usb_prop.o
                0x080032c0                Virtual_Com_Port_GetStringDescriptor
 .text.Virtual_Com_port_IsHostPortOpen
                0x080032e0       0x20 ..\obj\usb_prop.o
                0x080032e0                Virtual_Com_port_IsHostPortOpen
 .text.USB_Istr
                0x08003300       0x70 ..\obj\usb_istr.o
                0x08003300                USB_Istr
 .text.planner_recalculate
                0x08003370      0x188 ..\obj\planner.o
 .text.plan_reset_buffer
                0x080034f8       0x18 ..\obj\planner.o
                0x080034f8                plan_reset_buffer
 .text.plan_reset
                0x08003510       0x18 ..\obj\planner.o
                0x08003510                plan_reset
 .text.plan_discard_current_block
                0x08003528       0x28 ..\obj\planner.o
                0x08003528                plan_discard_current_block
 .text.plan_get_system_motion_block
                0x08003550       0x14 ..\obj\planner.o
                0x08003550                plan_get_system_motion_block
 .text.plan_get_current_block
                0x08003564       0x1c ..\obj\planner.o
                0x08003564                plan_get_current_block
 .text.plan_get_exec_block_exit_speed_sqr
                0x08003580       0x28 ..\obj\planner.o
                0x08003580                plan_get_exec_block_exit_speed_sqr
 .text.plan_check_full_buffer
                0x080035a8       0x18 ..\obj\planner.o
                0x080035a8                plan_check_full_buffer
 .text.plan_compute_profile_nominal_speed
                0x080035c0       0x70 ..\obj\planner.o
                0x080035c0                plan_compute_profile_nominal_speed
 .text.plan_update_velocity_profile_parameters
                0x08003630       0x7c ..\obj\planner.o
                0x08003630                plan_update_velocity_profile_parameters
 .text.plan_buffer_line
                0x080036ac      0x2bc ..\obj\planner.o
                0x080036ac                plan_buffer_line
 .text.plan_sync_position
                0x08003968       0x20 ..\obj\planner.o
                0x08003968                plan_sync_position
 .text.plan_get_block_buffer_available
                0x08003988       0x20 ..\obj\planner.o
                0x08003988                plan_get_block_buffer_available
 .text.plan_cycle_reinitialize
                0x080039a8       0x1c ..\obj\planner.o
                0x080039a8                plan_cycle_reinitialize
 .text.settings_store_startup_line
                0x080039c4       0x20 ..\obj\settings.o
                0x080039c4                settings_store_startup_line
 .text.settings_store_build_info
                0x080039e4        0xc ..\obj\settings.o
                0x080039e4                settings_store_build_info
 .text.settings_write_coord_data
                0x080039f0       0x20 ..\obj\settings.o
                0x080039f0                settings_write_coord_data
 .text.write_global_settings
                0x08003a10       0x1c ..\obj\settings.o
                0x08003a10                write_global_settings
 .text.settings_restore
                0x08003a2c      0x128 ..\obj\settings.o
                0x08003a2c                settings_restore
 .text.settings_read_startup_line
                0x08003b54       0x2c ..\obj\settings.o
                0x08003b54                settings_read_startup_line
 .text.settings_read_build_info
                0x08003b80       0x22 ..\obj\settings.o
                0x08003b80                settings_read_build_info
 .text.settings_read_coord_data
                0x08003ba2       0x32 ..\obj\settings.o
                0x08003ba2                settings_read_coord_data
 .text.read_global_settings
                0x08003bd4       0x28 ..\obj\settings.o
                0x08003bd4                read_global_settings
 .text.settings_store_global_setting
                0x08003bfc      0x2b0 ..\obj\settings.o
                0x08003bfc                settings_store_global_setting
 .text.settings_init
                0x08003eac       0x1e ..\obj\settings.o
                0x08003eac                settings_init
 *fill*         0x08003eca        0x2 
 .text.report_util_line_feed
                0x08003ecc        0xc ..\obj\report.o
 .text.report_util_feedback_line_feed
                0x08003ed8       0x10 ..\obj\report.o
 .text.report_util_setting_string
                0x08003ee8       0xf0 ..\obj\report.o
 .text.report_util_gcode_modes_M
                0x08003fd8        0xc ..\obj\report.o
 .text.report_util_axis_values
                0x08003fe4       0x26 ..\obj\report.o
 .text.report_util_setting_prefix
                0x0800400a       0x1a ..\obj\report.o
                0x0800400a                report_util_setting_prefix
 .text.report_util_uint8_setting
                0x08004024       0x18 ..\obj\report.o
 .text.report_util_float_setting
                0x0800403c       0x1a ..\obj\report.o
 *fill*         0x08004056        0x2 
 .text.report_status_message
                0x08004058       0x2c ..\obj\report.o
                0x08004058                report_status_message
 .text.report_alarm_message
                0x08004084       0x24 ..\obj\report.o
                0x08004084                report_alarm_message
 .text.report_feedback_message
                0x080040a8       0x88 ..\obj\report.o
                0x080040a8                report_feedback_message
 .text.report_init_message
                0x08004130       0x18 ..\obj\report.o
                0x08004130                report_init_message
 .text.report_grbl_help
                0x08004148        0xc ..\obj\report.o
                0x08004148                report_grbl_help
 .text.report_grbl_settings
                0x08004154      0x1e4 ..\obj\report.o
                0x08004154                report_grbl_settings
 .text.report_probe_parameters
                0x08004338       0x3c ..\obj\report.o
                0x08004338                report_probe_parameters
 .text.report_ngc_parameters
                0x08004374       0xb4 ..\obj\report.o
                0x08004374                report_ngc_parameters
 .text.report_gcode_modes
                0x08004428      0x140 ..\obj\report.o
                0x08004428                report_gcode_modes
 .text.report_startup_line
                0x08004568       0x2c ..\obj\report.o
                0x08004568                report_startup_line
 .text.report_execute_startup_message
                0x08004594       0x22 ..\obj\report.o
                0x08004594                report_execute_startup_message
 *fill*         0x080045b6        0x2 
 .text.report_build_info
                0x080045b8       0x84 ..\obj\report.o
                0x080045b8                report_build_info
 .text.report_realtime_status
                0x0800463c      0x2dc ..\obj\report.o
                0x0800463c                report_realtime_status
 .text.system_init
                0x08004918       0x8c ..\obj\system.o
                0x08004918                system_init
 .text.system_control_get_state
                0x080049a4       0x2c ..\obj\system.o
                0x080049a4                system_control_get_state
 .text.EXTI9_5_IRQHandler
                0x080049d0       0x4c ..\obj\system.o
                0x080049d0                EXTI9_5_IRQHandler
 .text.system_check_safety_door_ajar
                0x08004a1c        0x4 ..\obj\system.o
                0x08004a1c                system_check_safety_door_ajar
 .text.system_execute_startup
                0x08004a20       0x32 ..\obj\system.o
                0x08004a20                system_execute_startup
 *fill*         0x08004a52        0x2 
 .text.system_flag_wco_change
                0x08004a54       0x14 ..\obj\system.o
                0x08004a54                system_flag_wco_change
 .text.system_convert_axis_steps_to_mpos
                0x08004a68       0x1c ..\obj\system.o
                0x08004a68                system_convert_axis_steps_to_mpos
 .text.system_convert_array_steps_to_mpos
                0x08004a84       0x1c ..\obj\system.o
                0x08004a84                system_convert_array_steps_to_mpos
 .text.system_check_travel_limits
                0x08004aa0       0x60 ..\obj\system.o
                0x08004aa0                system_check_travel_limits
 .text.system_set_exec_state_flag
                0x08004b00       0x14 ..\obj\system.o
                0x08004b00                system_set_exec_state_flag
 .text.system_execute_line
                0x08004b14      0x2d4 ..\obj\system.o
                0x08004b14                system_execute_line
 .text.system_clear_exec_state_flag
                0x08004de8       0x14 ..\obj\system.o
                0x08004de8                system_clear_exec_state_flag
 .text.system_set_exec_alarm
                0x08004dfc       0x14 ..\obj\system.o
                0x08004dfc                system_set_exec_alarm
 .text.system_clear_exec_alarm
                0x08004e10       0x10 ..\obj\system.o
                0x08004e10                system_clear_exec_alarm
 .text.system_set_exec_motion_override_flag
                0x08004e20       0x14 ..\obj\system.o
                0x08004e20                system_set_exec_motion_override_flag
 .text.system_set_exec_accessory_override_flag
                0x08004e34       0x14 ..\obj\system.o
                0x08004e34                system_set_exec_accessory_override_flag
 .text.system_clear_exec_motion_overrides
                0x08004e48       0x10 ..\obj\system.o
                0x08004e48                system_clear_exec_motion_overrides
 .text.system_clear_exec_accessory_overrides
                0x08004e58       0x10 ..\obj\system.o
                0x08004e58                system_clear_exec_accessory_overrides
 .text.mc_line  0x08004e68       0x68 ..\obj\motion_control.o
                0x08004e68                mc_line
 .text.mc_arc   0x08004ed0      0x34c ..\obj\motion_control.o
                0x08004ed0                mc_arc
 .text.mc_dwell
                0x0800521c       0x24 ..\obj\motion_control.o
                0x0800521c                mc_dwell
 .text.mc_homing_cycle
                0x08005240       0x3c ..\obj\motion_control.o
                0x08005240                mc_homing_cycle
 .text.mc_probe_cycle
                0x0800527c       0xc4 ..\obj\motion_control.o
                0x0800527c                mc_probe_cycle
 .text.mc_reset
                0x08005340       0x54 ..\obj\motion_control.o
                0x08005340                mc_reset
 .text.IntToUnicode
                0x08005394       0x2a ..\obj\hw_config.o
 .text.Set_USBClock
                0x080053be       0x16 ..\obj\hw_config.o
                0x080053be                Set_USBClock
 .text.USB_Interrupts_Config
                0x080053d4       0x3e ..\obj\hw_config.o
                0x080053d4                USB_Interrupts_Config
 .text.USB_Cable_Config
                0x08005412        0x2 ..\obj\hw_config.o
                0x08005412                USB_Cable_Config
 .text.Get_SerialNum
                0x08005414       0x34 ..\obj\hw_config.o
                0x08005414                Get_SerialNum
 .text.TIM_TimeBaseInit
                0x08005448       0x94 ..\obj\stm32f10x_tim.o
                0x08005448                TIM_TimeBaseInit
 .text.TIM_OC4Init
                0x080054dc       0x68 ..\obj\stm32f10x_tim.o
                0x080054dc                TIM_OC4Init
 .text.TIM_Cmd  0x08005544       0x16 ..\obj\stm32f10x_tim.o
                0x08005544                TIM_Cmd
 .text.TIM_ITConfig
                0x0800555a       0x10 ..\obj\stm32f10x_tim.o
                0x0800555a                TIM_ITConfig
 .text.TIM_InternalClockConfig
                0x0800556a        0xe ..\obj\stm32f10x_tim.o
                0x0800556a                TIM_InternalClockConfig
 .text.TIM_ARRPreloadConfig
                0x08005578       0x16 ..\obj\stm32f10x_tim.o
                0x08005578                TIM_ARRPreloadConfig
 .text.TIM_OC4PreloadConfig
                0x0800558e       0x14 ..\obj\stm32f10x_tim.o
                0x0800558e                TIM_OC4PreloadConfig
 .text.TIM_UpdateRequestConfig
                0x080055a2       0x16 ..\obj\stm32f10x_tim.o
                0x080055a2                TIM_UpdateRequestConfig
 .text.TIM_SelectMasterSlaveMode
                0x080055b8       0x14 ..\obj\stm32f10x_tim.o
                0x080055b8                TIM_SelectMasterSlaveMode
 .text.TIM_SetCompare4
                0x080055cc        0x6 ..\obj\stm32f10x_tim.o
                0x080055cc                TIM_SetCompare4
 .text.TIM_ClearITPendingBit
                0x080055d2        0x8 ..\obj\stm32f10x_tim.o
                0x080055d2                TIM_ClearITPendingBit
 *fill*         0x080055da        0x2 
 .text.coolant_get_state
                0x080055dc       0x24 ..\obj\coolant_control.o
                0x080055dc                coolant_get_state
 .text.coolant_stop
                0x08005600       0x40 ..\obj\coolant_control.o
                0x08005600                coolant_stop
 .text.coolant_init
                0x08005640       0x90 ..\obj\coolant_control.o
                0x08005640                coolant_init
 .text.coolant_set_state
                0x080056d0       0x64 ..\obj\coolant_control.o
                0x080056d0                coolant_set_state
 .text.coolant_sync
                0x08005734       0x20 ..\obj\coolant_control.o
                0x08005734                coolant_sync
 .text.limits_init
                0x08005754       0x6c ..\obj\limits.o
                0x08005754                limits_init
 .text.limits_disable
                0x080057c0       0x10 ..\obj\limits.o
                0x080057c0                limits_disable
 .text.limits_get_state
                0x080057d0       0x40 ..\obj\limits.o
                0x080057d0                limits_get_state
 .text.EXTI15_10_IRQHandler
                0x08005810       0x6c ..\obj\limits.o
                0x08005810                EXTI15_10_IRQHandler
 .text.limits_go_home
                0x0800587c      0x1f8 ..\obj\limits.o
                0x0800587c                limits_go_home
 .text.limits_soft_check
                0x08005a74       0x40 ..\obj\limits.o
                0x08005a74                limits_soft_check
 .text.serial_get_rx_buffer_available
                0x08005ab4       0x20 ..\obj\serial.o
                0x08005ab4                serial_get_rx_buffer_available
 .text.serial_init
                0x08005ad4        0x8 ..\obj\serial.o
                0x08005ad4                serial_init
 .text.serial_write
                0x08005adc       0x5c ..\obj\serial.o
                0x08005adc                serial_write
 .text.serial_read
                0x08005b38       0x2c ..\obj\serial.o
                0x08005b38                serial_read
 .text.OnUsbDataRx
                0x08005b64      0x148 ..\obj\serial.o
                0x08005b64                OnUsbDataRx
 .text.USART1_IRQHandler
                0x08005cac      0x104 ..\obj\serial.o
                0x08005cac                USART1_IRQHandler
 .text.serial_reset_read_buffer
                0x08005db0        0xc ..\obj\serial.o
                0x08005db0                serial_reset_read_buffer
 .text.UserToPMABufferCopy
                0x08005dbc       0x1e ..\obj\usb_mem.o
                0x08005dbc                UserToPMABufferCopy
 .text.PMAToUserBufferCopy
                0x08005dda       0x24 ..\obj\usb_mem.o
                0x08005dda                PMAToUserBufferCopy
 *fill*         0x08005dfe        0x2 
 .text.tool_stop
                0x08005e00       0x24 ..\obj\tool.o
                0x08005e00                tool_stop
 .text.tool_init
                0x08005e24       0x70 ..\obj\tool.o
                0x08005e24                tool_init
 .text.tool_stop_tn
                0x08005e94       0x10 ..\obj\tool.o
                0x08005e94                tool_stop_tn
 .text.tool_stop_m6
                0x08005ea4       0x10 ..\obj\tool.o
                0x08005ea4                tool_stop_m6
 .text.tool_set_t_state
                0x08005eb4       0x4c ..\obj\tool.o
                0x08005eb4                tool_set_t_state
 .text.tool_set_m6_state
                0x08005f00       0x3c ..\obj\tool.o
                0x08005f00                tool_set_m6_state
 .text.tool_m6_sync
                0x08005f3c       0x20 ..\obj\tool.o
                0x08005f3c                tool_m6_sync
 .text.tool_t_sync
                0x08005f5c       0x20 ..\obj\tool.o
                0x08005f5c                tool_t_sync
 .text.probe_configure_invert_mask
                0x08005f7c       0x28 ..\obj\probe.o
                0x08005f7c                probe_configure_invert_mask
 .text.probe_init
                0x08005fa4       0x14 ..\obj\probe.o
                0x08005fa4                probe_init
 .text.probe_get_state
                0x08005fb8       0x20 ..\obj\probe.o
                0x08005fb8                probe_get_state
 .text.probe_state_monitor
                0x08005fd8       0x34 ..\obj\probe.o
                0x08005fd8                probe_state_monitor
 .text.USART_Init
                0x0800600c       0xa0 ..\obj\stm32f10x_usart.o
                0x0800600c                USART_Init
 .text.USART_Cmd
                0x080060ac       0x16 ..\obj\stm32f10x_usart.o
                0x080060ac                USART_Cmd
 .text.USART_ITConfig
                0x080060c2       0x30 ..\obj\stm32f10x_usart.o
                0x080060c2                USART_ITConfig
 *fill*         0x080060f2        0x2 
 .text.spindle_get_state
                0x080060f4       0x18 ..\obj\spindle_control.o
                0x080060f4                spindle_get_state
 .text.spindle_stop
                0x0800610c       0x78 ..\obj\spindle_control.o
                0x0800610c                spindle_stop
 .text.spindle_init
                0x08006184      0x274 ..\obj\spindle_control.o
                0x08006184                spindle_init
 .text.differentiate_spindle_speed
                0x080063f8       0xb8 ..\obj\spindle_control.o
                0x080063f8                differentiate_spindle_speed
 .text.spindle_set_speed
                0x080064b0       0x30 ..\obj\spindle_control.o
                0x080064b0                spindle_set_speed
 .text.spindle_compute_pwm_value
                0x080064e0       0x94 ..\obj\spindle_control.o
                0x080064e0                spindle_compute_pwm_value
 .text.spindle_set_state
                0x08006574       0x8c ..\obj\spindle_control.o
                0x08006574                spindle_set_state
 .text.spindle_sync
                0x08006600       0x24 ..\obj\spindle_control.o
                0x08006600                spindle_sync
 .text.EXTI_Init
                0x08006624       0x68 ..\obj\stm32f10x_exti.o
                0x08006624                EXTI_Init
 .text.EXTI_GetITStatus
                0x0800668c       0x1c ..\obj\stm32f10x_exti.o
                0x0800668c                EXTI_GetITStatus
 .text.EXTI_ClearITPendingBit
                0x080066a8        0xc ..\obj\stm32f10x_exti.o
                0x080066a8                EXTI_ClearITPendingBit
 .text.USB_Init
                0x080066b4       0x34 ..\obj\usb_init.o
                0x080066b4                USB_Init
 .text.Standard_GetConfiguration
                0x080066e8       0x24 ..\obj\usb_core.o
                0x080066e8                Standard_GetConfiguration
 .text.Standard_GetInterface
                0x0800670c       0x24 ..\obj\usb_core.o
                0x0800670c                Standard_GetInterface
 .text.Standard_GetStatus
                0x08006730       0x88 ..\obj\usb_core.o
                0x08006730                Standard_GetStatus
 .text.DataStageIn
                0x080067b8       0xac ..\obj\usb_core.o
 .text.Standard_SetConfiguration
                0x08006864       0x38 ..\obj\usb_core.o
                0x08006864                Standard_SetConfiguration
 .text.Standard_SetInterface
                0x0800689c       0x4c ..\obj\usb_core.o
                0x0800689c                Standard_SetInterface
 .text.Standard_ClearFeature
                0x080068e8       0xcc ..\obj\usb_core.o
                0x080068e8                Standard_ClearFeature
 .text.Standard_SetEndPointFeature
                0x080069b4       0x84 ..\obj\usb_core.o
                0x080069b4                Standard_SetEndPointFeature
 .text.Standard_SetDeviceFeature
                0x08006a38       0x24 ..\obj\usb_core.o
                0x08006a38                Standard_SetDeviceFeature
 .text.Standard_GetDescriptorData
                0x08006a5c       0x1c ..\obj\usb_core.o
                0x08006a5c                Standard_GetDescriptorData
 .text.Post0_Process
                0x08006a78       0x40 ..\obj\usb_core.o
                0x08006a78                Post0_Process
 .text.Setup0_Process
                0x08006ab8      0x2c4 ..\obj\usb_core.o
                0x08006ab8                Setup0_Process
 .text.Out0_Process
                0x08006d7c       0xc8 ..\obj\usb_core.o
                0x08006d7c                Out0_Process
 .text.SetDeviceAddress
                0x08006e44       0x40 ..\obj\usb_core.o
                0x08006e44                SetDeviceAddress
 .text.In0_Process
                0x08006e84       0x5c ..\obj\usb_core.o
                0x08006e84                In0_Process
 .text.NOP_Process
                0x08006ee0        0x2 ..\obj\usb_core.o
                0x08006ee0                NOP_Process
 *fill*         0x08006ee2        0x2 
 .text.FLASH_Unlock
                0x08006ee4       0x18 ..\obj\stm32f10x_flash.o
                0x08006ee4                FLASH_Unlock
 .text.FLASH_GetBank1Status
                0x08006efc       0x28 ..\obj\stm32f10x_flash.o
                0x08006efc                FLASH_GetBank1Status
 .text.FLASH_WaitForLastOperation
                0x08006f24       0x22 ..\obj\stm32f10x_flash.o
                0x08006f24                FLASH_WaitForLastOperation
 *fill*         0x08006f46        0x2 
 .text.FLASH_ErasePage
                0x08006f48       0x40 ..\obj\stm32f10x_flash.o
                0x08006f48                FLASH_ErasePage
 .text.FLASH_ProgramHalfWord
                0x08006f88       0x38 ..\obj\stm32f10x_flash.o
                0x08006f88                FLASH_ProgramHalfWord
 .text.printString
                0x08006fc0       0x12 ..\obj\print.o
                0x08006fc0                printString
 .text.print_uint8_base10
                0x08006fd2       0x50 ..\obj\print.o
                0x08006fd2                print_uint8_base10
 *fill*         0x08007022        0x2 
 .text.printFloat
                0x08007024       0xc8 ..\obj\print.o
                0x08007024                printFloat
 .text.printFloat_CoordValue
                0x080070ec       0x28 ..\obj\print.o
                0x080070ec                printFloat_CoordValue
 .text.printFloat_RateValue
                0x08007114       0x28 ..\obj\print.o
                0x08007114                printFloat_RateValue
 .text.EP3_OUT_Callback
                0x0800713c       0x24 ..\obj\usb_endp.o
                0x0800713c                EP3_OUT_Callback
 .text.EP1_IN_Callback
                0x08007160       0xa4 ..\obj\usb_endp.o
                0x08007160                EP1_IN_Callback
 .text.SOF_Callback
                0x08007204       0x14 ..\obj\usb_endp.o
                0x08007204                SOF_Callback
 .text.RESET_Callback
                0x08007218        0x2 ..\obj\usb_endp.o
                0x08007218                RESET_Callback
 *fill*         0x0800721a        0x2 
 .text.SetBTABLE
                0x0800721c       0x10 ..\obj\usb_regs.o
                0x0800721c                SetBTABLE
 .text.SetEPType
                0x0800722c       0x1c ..\obj\usb_regs.o
                0x0800722c                SetEPType
 .text.SetEPTxStatus
                0x08007248       0x32 ..\obj\usb_regs.o
                0x08007248                SetEPTxStatus
 .text.SetEPRxStatus
                0x0800727a       0x32 ..\obj\usb_regs.o
                0x0800727a                SetEPRxStatus
 .text.SetEPTxValid
                0x080072ac       0x26 ..\obj\usb_regs.o
                0x080072ac                SetEPTxValid
 .text.SetEPRxValid
                0x080072d2       0x26 ..\obj\usb_regs.o
                0x080072d2                SetEPRxValid
 .text.ClearEP_KIND
                0x080072f8       0x20 ..\obj\usb_regs.o
                0x080072f8                ClearEP_KIND
 .text.Clear_Status_Out
                0x08007318        0x4 ..\obj\usb_regs.o
                0x08007318                Clear_Status_Out
 .text.ClearDTOG_RX
                0x0800731c       0x26 ..\obj\usb_regs.o
                0x0800731c                ClearDTOG_RX
 .text.ClearDTOG_TX
                0x08007342       0x26 ..\obj\usb_regs.o
                0x08007342                ClearDTOG_TX
 .text.SetEPTxAddr
                0x08007368       0x20 ..\obj\usb_regs.o
                0x08007368                SetEPTxAddr
 .text.SetEPRxAddr
                0x08007388       0x20 ..\obj\usb_regs.o
                0x08007388                SetEPRxAddr
 .text.GetEPTxAddr
                0x080073a8       0x1c ..\obj\usb_regs.o
                0x080073a8                GetEPTxAddr
 .text.GetEPRxAddr
                0x080073c4       0x1c ..\obj\usb_regs.o
                0x080073c4                GetEPRxAddr
 .text.SetEPTxCount
                0x080073e0       0x1c ..\obj\usb_regs.o
                0x080073e0                SetEPTxCount
 .text.SetEPRxCount
                0x080073fc       0x40 ..\obj\usb_regs.o
                0x080073fc                SetEPRxCount
 .text.GetEPRxCount
                0x0800743c       0x20 ..\obj\usb_regs.o
                0x0800743c                GetEPRxCount
 .text.ByteSwap
                0x0800745c        0xa ..\obj\usb_regs.o
                0x0800745c                ByteSwap
 .text.NMI_Handler
                0x08007466        0x2 ..\obj\stm32f10x_it.o
                0x08007466                NMI_Handler
 .text.HardFault_Handler
                0x08007468        0x2 ..\obj\stm32f10x_it.o
                0x08007468                HardFault_Handler
 .text.MemManage_Handler
                0x0800746a        0x2 ..\obj\stm32f10x_it.o
                0x0800746a                MemManage_Handler
 .text.BusFault_Handler
                0x0800746c        0x2 ..\obj\stm32f10x_it.o
                0x0800746c                BusFault_Handler
 .text.UsageFault_Handler
                0x0800746e        0x2 ..\obj\stm32f10x_it.o
                0x0800746e                UsageFault_Handler
 .text.SVC_Handler
                0x08007470        0x2 ..\obj\stm32f10x_it.o
                0x08007470                SVC_Handler
 .text.DebugMon_Handler
                0x08007472        0x2 ..\obj\stm32f10x_it.o
                0x08007472                DebugMon_Handler
 .text.PendSV_Handler
                0x08007474        0x2 ..\obj\stm32f10x_it.o
                0x08007474                PendSV_Handler
 .text.SysTick_Handler
                0x08007476        0x2 ..\obj\stm32f10x_it.o
                0x08007476                SysTick_Handler
 .text.USB_LP_CAN1_RX0_IRQHandler
                0x08007478        0x4 ..\obj\stm32f10x_it.o
                0x08007478                USB_LP_CAN1_RX0_IRQHandler
 .text.cos      0x0800747c       0x90 c:/program files (x86)/gnu tools arm embedded/7 2017-q4-major/bin/../lib/gcc/arm-none-eabi/7.2.1/../../../../arm-none-eabi/lib/thumb/v7-m\libm.a(lib_a-s_cos.o)
                0x0800747c                cos
 .text.lround   0x0800750c       0x8c c:/program files (x86)/gnu tools arm embedded/7 2017-q4-major/bin/../lib/gcc/arm-none-eabi/7.2.1/../../../../arm-none-eabi/lib/thumb/v7-m\libm.a(lib_a-s_lround.o)
                0x0800750c                lround
 .text.sin      0x08007598       0x90 c:/program files (x86)/gnu tools arm embedded/7 2017-q4-major/bin/../lib/gcc/arm-none-eabi/7.2.1/../../../../arm-none-eabi/lib/thumb/v7-m\libm.a(lib_a-s_sin.o)
                0x08007598                sin
 .text.ceilf    0x08007628       0x88 c:/program files (x86)/gnu tools arm embedded/7 2017-q4-major/bin/../lib/gcc/arm-none-eabi/7.2.1/../../../../arm-none-eabi/lib/thumb/v7-m\libm.a(lib_a-sf_ceil.o)
                0x08007628                ceilf
 .text.floorf   0x080076b0       0x88 c:/program files (x86)/gnu tools arm embedded/7 2017-q4-major/bin/../lib/gcc/arm-none-eabi/7.2.1/../../../../arm-none-eabi/lib/thumb/v7-m\libm.a(lib_a-sf_floor.o)
                0x080076b0                floorf
 .text.lroundf  0x08007738       0x58 c:/program files (x86)/gnu tools arm embedded/7 2017-q4-major/bin/../lib/gcc/arm-none-eabi/7.2.1/../../../../arm-none-eabi/lib/thumb/v7-m\libm.a(lib_a-sf_lround.o)
                0x08007738                lroundf
 .text.truncf   0x08007790       0x24 c:/program files (x86)/gnu tools arm embedded/7 2017-q4-major/bin/../lib/gcc/arm-none-eabi/7.2.1/../../../../arm-none-eabi/lib/thumb/v7-m\libm.a(lib_a-sf_trunc.o)
                0x08007790                truncf
 .text.atan2    0x080077b4        0x4 c:/program files (x86)/gnu tools arm embedded/7 2017-q4-major/bin/../lib/gcc/arm-none-eabi/7.2.1/../../../../arm-none-eabi/lib/thumb/v7-m\libm.a(lib_a-w_atan2.o)
                0x080077b4                atan2
 .text.sqrt     0x080077b8       0xbc c:/program files (x86)/gnu tools arm embedded/7 2017-q4-major/bin/../lib/gcc/arm-none-eabi/7.2.1/../../../../arm-none-eabi/lib/thumb/v7-m\libm.a(lib_a-w_sqrt.o)
                0x080077b8                sqrt
 .text.sqrtf    0x08007874       0xa0 c:/program files (x86)/gnu tools arm embedded/7 2017-q4-major/bin/../lib/gcc/arm-none-eabi/7.2.1/../../../../arm-none-eabi/lib/thumb/v7-m\libm.a(lib_a-wf_sqrt.o)
                0x08007874                sqrtf
 *fill*         0x08007914        0x4 
 .text.__ieee754_atan2
                0x08007918      0x1b4 c:/program files (x86)/gnu tools arm embedded/7 2017-q4-major/bin/../lib/gcc/arm-none-eabi/7.2.1/../../../../arm-none-eabi/lib/thumb/v7-m\libm.a(lib_a-e_atan2.o)
                0x08007918                __ieee754_atan2
 *fill*         0x08007acc        0x4 
 .text.__ieee754_rem_pio2
                0x08007ad0      0x43c c:/program files (x86)/gnu tools arm embedded/7 2017-q4-major/bin/../lib/gcc/arm-none-eabi/7.2.1/../../../../arm-none-eabi/lib/thumb/v7-m\libm.a(lib_a-e_rem_pio2.o)
                0x08007ad0                __ieee754_rem_pio2
 .text.__ieee754_sqrt
                0x08007f0c      0x184 c:/program files (x86)/gnu tools arm embedded/7 2017-q4-major/bin/../lib/gcc/arm-none-eabi/7.2.1/../../../../arm-none-eabi/lib/thumb/v7-m\libm.a(lib_a-e_sqrt.o)
                0x08007f0c                __ieee754_sqrt
 .text.__ieee754_sqrtf
                0x08008090       0xa8 c:/program files (x86)/gnu tools arm embedded/7 2017-q4-major/bin/../lib/gcc/arm-none-eabi/7.2.1/../../../../arm-none-eabi/lib/thumb/v7-m\libm.a(lib_a-ef_sqrt.o)
                0x08008090                __ieee754_sqrtf
 .text.__kernel_cos
                0x08008138      0x248 c:/program files (x86)/gnu tools arm embedded/7 2017-q4-major/bin/../lib/gcc/arm-none-eabi/7.2.1/../../../../arm-none-eabi/lib/thumb/v7-m\libm.a(lib_a-k_cos.o)
                0x08008138                __kernel_cos
 .text.__kernel_rem_pio2
                0x08008380      0x850 c:/program files (x86)/gnu tools arm embedded/7 2017-q4-major/bin/../lib/gcc/arm-none-eabi/7.2.1/../../../../arm-none-eabi/lib/thumb/v7-m\libm.a(lib_a-k_rem_pio2.o)
                0x08008380                __kernel_rem_pio2
 .text.__kernel_sin
                0x08008bd0      0x16c c:/program files (x86)/gnu tools arm embedded/7 2017-q4-major/bin/../lib/gcc/arm-none-eabi/7.2.1/../../../../arm-none-eabi/lib/thumb/v7-m\libm.a(lib_a-k_sin.o)
                0x08008bd0                __kernel_sin
 *fill*         0x08008d3c        0x4 
 .text.atan     0x08008d40      0x31c c:/program files (x86)/gnu tools arm embedded/7 2017-q4-major/bin/../lib/gcc/arm-none-eabi/7.2.1/../../../../arm-none-eabi/lib/thumb/v7-m\libm.a(lib_a-s_atan.o)
                0x08008d40                atan
 .text.fabs     0x0800905c        0x8 c:/program files (x86)/gnu tools arm embedded/7 2017-q4-major/bin/../lib/gcc/arm-none-eabi/7.2.1/../../../../arm-none-eabi/lib/thumb/v7-m\libm.a(lib_a-s_fabs.o)
                0x0800905c                fabs
 *fill*         0x08009064        0x4 
 .text.floor    0x08009068      0x108 c:/program files (x86)/gnu tools arm embedded/7 2017-q4-major/bin/../lib/gcc/arm-none-eabi/7.2.1/../../../../arm-none-eabi/lib/thumb/v7-m\libm.a(lib_a-s_floor.o)
                0x08009068                floor
 .text.matherr  0x08009170        0x4 c:/program files (x86)/gnu tools arm embedded/7 2017-q4-major/bin/../lib/gcc/arm-none-eabi/7.2.1/../../../../arm-none-eabi/lib/thumb/v7-m\libm.a(lib_a-s_matherr.o)
                0x08009170                matherr
 *fill*         0x08009174        0x4 
 .text.scalbn   0x08009178       0xe4 c:/program files (x86)/gnu tools arm embedded/7 2017-q4-major/bin/../lib/gcc/arm-none-eabi/7.2.1/../../../../arm-none-eabi/lib/thumb/v7-m\libm.a(lib_a-s_scalbn.o)
                0x08009178                scalbn
 .text.copysign
                0x0800925c       0x10 c:/program files (x86)/gnu tools arm embedded/7 2017-q4-major/bin/../lib/gcc/arm-none-eabi/7.2.1/../../../../arm-none-eabi/lib/thumb/v7-m\libm.a(lib_a-s_copysign.o)
                0x0800925c                copysign
 .text          0x0800926c      0x378 c:/program files (x86)/gnu tools arm embedded/7 2017-q4-major/bin/../lib/gcc/arm-none-eabi/7.2.1/thumb/v7-m\libgcc.a(_arm_addsubdf3.o)
                0x0800926c                __aeabi_drsub
                0x08009274                __aeabi_dsub
                0x08009274                __subdf3
                0x08009278                __aeabi_dadd
                0x08009278                __adddf3
                0x080094f0                __floatunsidf
                0x080094f0                __aeabi_ui2d
                0x08009510                __floatsidf
                0x08009510                __aeabi_i2d
                0x08009534                __aeabi_f2d
                0x08009534                __extendsfdf2
                0x08009578                __floatundidf
                0x08009578                __aeabi_ul2d
                0x08009588                __floatdidf
                0x08009588                __aeabi_l2d
 .text          0x080095e4      0x424 c:/program files (x86)/gnu tools arm embedded/7 2017-q4-major/bin/../lib/gcc/arm-none-eabi/7.2.1/thumb/v7-m\libgcc.a(_arm_muldivdf3.o)
                0x080095e4                __aeabi_dmul
                0x080095e4                __muldf3
                0x08009838                __divdf3
                0x08009838                __aeabi_ddiv
 .text          0x08009a08      0x110 c:/program files (x86)/gnu tools arm embedded/7 2017-q4-major/bin/../lib/gcc/arm-none-eabi/7.2.1/thumb/v7-m\libgcc.a(_arm_cmpdf2.o)
                0x08009a08                __gtdf2
                0x08009a08                __gedf2
                0x08009a10                __ltdf2
                0x08009a10                __ledf2
                0x08009a18                __nedf2
                0x08009a18                __eqdf2
                0x08009a18                __cmpdf2
                0x08009a94                __aeabi_cdrcmple
                0x08009aa4                __aeabi_cdcmpeq
                0x08009aa4                __aeabi_cdcmple
                0x08009ab4                __aeabi_dcmpeq
                0x08009ac8                __aeabi_dcmplt
                0x08009adc                __aeabi_dcmple
                0x08009af0                __aeabi_dcmpge
                0x08009b04                __aeabi_dcmpgt
 .text          0x08009b18       0x2c c:/program files (x86)/gnu tools arm embedded/7 2017-q4-major/bin/../lib/gcc/arm-none-eabi/7.2.1/thumb/v7-m\libgcc.a(_arm_unorddf2.o)
                0x08009b18                __unorddf2
                0x08009b18                __aeabi_dcmpun
 .text          0x08009b44       0x50 c:/program files (x86)/gnu tools arm embedded/7 2017-q4-major/bin/../lib/gcc/arm-none-eabi/7.2.1/thumb/v7-m\libgcc.a(_arm_fixdfsi.o)
                0x08009b44                __aeabi_d2iz
                0x08009b44                __fixdfsi
 .text          0x08009b94       0xa0 c:/program files (x86)/gnu tools arm embedded/7 2017-q4-major/bin/../lib/gcc/arm-none-eabi/7.2.1/thumb/v7-m\libgcc.a(_arm_truncdfsf2.o)
                0x08009b94                __truncdfsf2
                0x08009b94                __aeabi_d2f
 .text          0x08009c34      0x21c c:/program files (x86)/gnu tools arm embedded/7 2017-q4-major/bin/../lib/gcc/arm-none-eabi/7.2.1/thumb/v7-m\libgcc.a(_arm_addsubsf3.o)
                0x08009c34                __aeabi_frsub
                0x08009c3c                __subsf3
                0x08009c3c                __aeabi_fsub
                0x08009c40                __aeabi_fadd
                0x08009c40                __addsf3
                0x08009da0                __aeabi_ui2f
                0x08009da0                __floatunsisf
                0x08009da8                __aeabi_i2f
                0x08009da8                __floatsisf
                0x08009dc4                __aeabi_ul2f
                0x08009dc4                __floatundisf
                0x08009dd4                __aeabi_l2f
                0x08009dd4                __floatdisf
 .text          0x08009e50      0x2a0 c:/program files (x86)/gnu tools arm embedded/7 2017-q4-major/bin/../lib/gcc/arm-none-eabi/7.2.1/thumb/v7-m\libgcc.a(_arm_muldivsf3.o)
                0x08009e50                __mulsf3
                0x08009e50                __aeabi_fmul
                0x08009fb8                __aeabi_fdiv
                0x08009fb8                __divsf3
 .text          0x0800a0f0       0xec c:/program files (x86)/gnu tools arm embedded/7 2017-q4-major/bin/../lib/gcc/arm-none-eabi/7.2.1/thumb/v7-m\libgcc.a(_arm_cmpsf2.o)
                0x0800a0f0                __gesf2
                0x0800a0f0                __gtsf2
                0x0800a0f8                __lesf2
                0x0800a0f8                __ltsf2
                0x0800a100                __nesf2
                0x0800a100                __eqsf2
                0x0800a100                __cmpsf2
                0x0800a160                __aeabi_cfrcmple
                0x0800a168                __aeabi_cfcmpeq
                0x0800a168                __aeabi_cfcmple
                0x0800a178                __aeabi_fcmpeq
                0x0800a18c                __aeabi_fcmplt
                0x0800a1a0                __aeabi_fcmple
                0x0800a1b4                __aeabi_fcmpge
                0x0800a1c8                __aeabi_fcmpgt
 .text          0x0800a1dc       0x2c c:/program files (x86)/gnu tools arm embedded/7 2017-q4-major/bin/../lib/gcc/arm-none-eabi/7.2.1/thumb/v7-m\libgcc.a(_arm_unordsf2.o)
                0x0800a1dc                __unordsf2
                0x0800a1dc                __aeabi_fcmpun
 .text          0x0800a208       0x4c c:/program files (x86)/gnu tools arm embedded/7 2017-q4-major/bin/../lib/gcc/arm-none-eabi/7.2.1/thumb/v7-m\libgcc.a(_arm_fixsfsi.o)
                0x0800a208                __aeabi_f2iz
                0x0800a208                __fixsfsi
 .text          0x0800a254       0x40 c:/program files (x86)/gnu tools arm embedded/7 2017-q4-major/bin/../lib/gcc/arm-none-eabi/7.2.1/thumb/v7-m\libgcc.a(_arm_fixunssfsi.o)
                0x0800a254                __fixunssfsi
                0x0800a254                __aeabi_f2uiz
 .text.__errno  0x0800a294        0xc c:/program files (x86)/gnu tools arm embedded/7 2017-q4-major/bin/../lib/gcc/arm-none-eabi/7.2.1/../../../../arm-none-eabi/lib/thumb/v7-m\libg.a(lib_a-errno.o)
                0x0800a294                __errno
 .text.memcmp   0x0800a2a0       0x64 c:/program files (x86)/gnu tools arm embedded/7 2017-q4-major/bin/../lib/gcc/arm-none-eabi/7.2.1/../../../../arm-none-eabi/lib/thumb/v7-m\libg.a(lib_a-memcmp.o)
                0x0800a2a0                memcmp
 .text.memset   0x0800a304       0x94 c:/program files (x86)/gnu tools arm embedded/7 2017-q4-major/bin/../lib/gcc/arm-none-eabi/7.2.1/../../../../arm-none-eabi/lib/thumb/v7-m\libg.a(lib_a-memset.o)
                0x0800a304                memset
 *(.init)
 *(.fini)
 *crtbegin.o(.ctors)
 *crtbegin?.o(.ctors)
 *(EXCLUDE_FILE(*crtend.o *crtend?.o) .ctors)
 *(SORT_BY_NAME(.ctors.*))
 *(.ctors)
 *crtbegin.o(.dtors)
 *crtbegin?.o(.dtors)
 *(EXCLUDE_FILE(*crtend.o *crtend?.o) .dtors)
 *(SORT_BY_NAME(.dtors.*))
 *(.dtors)
 *(.rodata*)
 .rodata        0x0800a398       0x24 ..\obj\stepper.o
                0x0800a398                step_pin_mask
                0x0800a3a4                direction_pin_mask
                0x0800a3b0                limit_pin_mask
 .rodata.str1.1
                0x0800a3bc      0x263 ..\obj\report.o
                                0x26d (size before relaxing)
 .rodata        0x0800a61f       0x8b ..\obj\usb_desc.o
                0x0800a61f                Virtual_Com_Port_StringProduct
                0x0800a63b                Virtual_Com_Port_StringVendor
                0x0800a651                Virtual_Com_Port_StringLangID
                0x0800a655                Virtual_Com_Port_ConfigDescriptor
                0x0800a698                Virtual_Com_Port_DeviceDescriptor
 *fill*         0x0800a6aa        0x2 
 .rodata.sqrt.str1.4
                0x0800a6ac        0x5 c:/program files (x86)/gnu tools arm embedded/7 2017-q4-major/bin/../lib/gcc/arm-none-eabi/7.2.1/../../../../arm-none-eabi/lib/thumb/v7-m\libm.a(lib_a-w_sqrt.o)
 *fill*         0x0800a6b1        0x3 
 .rodata.sqrtf.str1.4
                0x0800a6b4        0x8 c:/program files (x86)/gnu tools arm embedded/7 2017-q4-major/bin/../lib/gcc/arm-none-eabi/7.2.1/../../../../arm-none-eabi/lib/thumb/v7-m\libm.a(lib_a-wf_sqrt.o)
                                  0x6 (size before relaxing)
 .rodata.npio2_hw
                0x0800a6bc       0x80 c:/program files (x86)/gnu tools arm embedded/7 2017-q4-major/bin/../lib/gcc/arm-none-eabi/7.2.1/../../../../arm-none-eabi/lib/thumb/v7-m\libm.a(lib_a-e_rem_pio2.o)
 .rodata.two_over_pi
                0x0800a73c      0x108 c:/program files (x86)/gnu tools arm embedded/7 2017-q4-major/bin/../lib/gcc/arm-none-eabi/7.2.1/../../../../arm-none-eabi/lib/thumb/v7-m\libm.a(lib_a-e_rem_pio2.o)
 *fill*         0x0800a844        0x4 
 .rodata.PIo2   0x0800a848       0x40 c:/program files (x86)/gnu tools arm embedded/7 2017-q4-major/bin/../lib/gcc/arm-none-eabi/7.2.1/../../../../arm-none-eabi/lib/thumb/v7-m\libm.a(lib_a-k_rem_pio2.o)
 .rodata.init_jk
                0x0800a888       0x10 c:/program files (x86)/gnu tools arm embedded/7 2017-q4-major/bin/../lib/gcc/arm-none-eabi/7.2.1/../../../../arm-none-eabi/lib/thumb/v7-m\libm.a(lib_a-k_rem_pio2.o)
 .rodata.atanhi
                0x0800a898       0x20 c:/program files (x86)/gnu tools arm embedded/7 2017-q4-major/bin/../lib/gcc/arm-none-eabi/7.2.1/../../../../arm-none-eabi/lib/thumb/v7-m\libm.a(lib_a-s_atan.o)
 .rodata.atanlo
                0x0800a8b8       0x20 c:/program files (x86)/gnu tools arm embedded/7 2017-q4-major/bin/../lib/gcc/arm-none-eabi/7.2.1/../../../../arm-none-eabi/lib/thumb/v7-m\libm.a(lib_a-s_atan.o)
 *(.eh_fram e*)

.glue_7         0x0800a8d8        0x0
 .glue_7        0x0800a8d8        0x0 linker stubs

.glue_7t        0x0800a8d8        0x0
 .glue_7t       0x0800a8d8        0x0 linker stubs

.vfp11_veneer   0x0800a8d8        0x0
 .vfp11_veneer  0x0800a8d8        0x0 linker stubs

.v4_bx          0x0800a8d8        0x0
 .v4_bx         0x0800a8d8        0x0 linker stubs

.iplt           0x0800a8d8        0x0
 .iplt          0x0800a8d8        0x0 ..\obj\stepper.o

.rel.dyn        0x0800a8d8        0x0
 .rel.iplt      0x0800a8d8        0x0 ..\obj\stepper.o

.ARM.extab
 *(.ARM.extab* .gnu.linkonce.armextab.*)
                0x0800a8d8                __exidx_start = .

.ARM.exidx
 *(.ARM.exidx* .gnu.linkonce.armexidx.*)
                0x0800a8d8                __exidx_end = .
                0x0800a8d8                __etext = .
                0x0800a8d8                _sidata = __etext

.data           0x20000000      0x540 load address 0x0800a8d8
                0x20000000                __data_start__ = .
                0x20000000                _sdata = __data_start__
 *(vtable)
 *(.data*)
 .data          0x20000000       0x14 ..\obj\system_stm32f10x.o
                0x20000000                SystemCoreClock
                0x20000004                AHBPrescTable
 .data          0x20000014        0x2 ..\obj\main.o
 .data          0x20000016       0x14 ..\obj\stm32f10x_rcc.o
 *fill*         0x2000002a        0x2 
 .data          0x2000002c       0x8e ..\obj\usb_prop.o
                0x2000002c                linecoding
                0x20000034                Device_Property
                0x20000064                Device_Descriptor
                0x2000006c                Config_Descriptor
                0x20000074                String_Descriptor
                0x20000094                User_Standard_Requests
                0x200000b8                Device_Table
 *fill*         0x200000ba        0x2 
 .data          0x200000bc       0x38 ..\obj\usb_istr.o
                0x200000bc                pEpInt_OUT
                0x200000d8                pEpInt_IN
 .data          0x200000f4       0x1a ..\obj\usb_desc.o
                0x200000f4                Virtual_Com_Port_StringSerial
 .data.__fdlib_version
                0x2000010e        0x1 c:/program files (x86)/gnu tools arm embedded/7 2017-q4-major/bin/../lib/gcc/arm-none-eabi/7.2.1/../../../../arm-none-eabi/lib/thumb/v7-m\libm.a(lib_a-s_lib_ver.o)
                0x2000010e                __fdlib_version
 *fill*         0x2000010f        0x1 
 .data._impure_ptr
                0x20000110        0x4 c:/program files (x86)/gnu tools arm embedded/7 2017-q4-major/bin/../lib/gcc/arm-none-eabi/7.2.1/../../../../arm-none-eabi/lib/thumb/v7-m\libg.a(lib_a-impure.o)
                0x20000110                _impure_ptr
 *fill*         0x20000114        0x4 
 .data.impure_data
                0x20000118      0x428 c:/program files (x86)/gnu tools arm embedded/7 2017-q4-major/bin/../lib/gcc/arm-none-eabi/7.2.1/../../../../arm-none-eabi/lib/thumb/v7-m\libg.a(lib_a-impure.o)
                0x20000540                . = ALIGN (0x4)
                [!provide]                PROVIDE (__preinit_array_start, .)
 *(.preinit_array)
                [!provide]                PROVIDE (__preinit_array_end, .)
                0x20000540                . = ALIGN (0x4)
                [!provide]                PROVIDE (__init_array_start, .)
 *(SORT_BY_NAME(.init_array.*))
 *(.init_array)
                [!provide]                PROVIDE (__init_array_end, .)
                0x20000540                . = ALIGN (0x4)
                [!provide]                PROVIDE (__fini_array_start, .)
 *(SORT_BY_NAME(.fini_array.*))
 *(.fini_array)
                [!provide]                PROVIDE (__fini_array_end, .)
 *(.jcr*)
                0x20000540                . = ALIGN (0x4)
                0x20000540                __data_end__ = .
                0x20000540                _edata = __data_end__

.igot.plt       0x20000540        0x0 load address 0x0800ae18
 .igot.plt      0x20000540        0x0 ..\obj\stepper.o

.bss            0x20000540      0xe44 load address 0x0800ae18
                0x20000540                . = ALIGN (0x4)
                0x20000540                __bss_start__ = .
                0x20000540                _sbss = __bss_start__
 *(.bss*)
 .bss           0x20000540      0x1f0 ..\obj\stepper.o
 .bss           0x20000730       0x50 ..\obj\protocol.o
 .bss           0x20000780        0x4 ..\obj\usb_pwr.o
                0x20000780                bDeviceState
 .bss           0x20000784        0x8 ..\obj\usb_prop.o
                0x20000784                Request
 .bss           0x2000078c        0x1 ..\obj\usb_istr.o
                0x2000078c                bIntPackSOF
 *fill*         0x2000078d        0x3 
 .bss           0x20000790      0x364 ..\obj\planner.o
 .bss           0x20000af4        0x8 ..\obj\serial.o
                0x20000af4                serial_rx_buffer_tail
                0x20000af6                serial_rx_buffer_head
                0x20000af8                serial_tx_buffer_tail
                0x20000af9                serial_tx_buffer_head
                0x20000afa                line_counter
 .bss           0x20000afc        0x4 ..\obj\usb_core.o
                0x20000afc                Data_Mul_MaxPacketSize
 *(COMMON)
 COMMON         0x20000b00        0x2 ..\obj\stepper.o
                0x20000b00                current_pwm
 COMMON         0x20000b02        0x4 ..\obj\usb_int.o
                0x20000b02                SaveRState
                0x20000b04                SaveTState
 *fill*         0x20000b06        0x2 
 COMMON         0x20000b08       0x3e ..\obj\main.o
                0x20000b08                sys_tool_state
                0x20000b09                sys_rt_exec_motion_override
                0x20000b0c                sys
                0x20000b28                sys_rt_exec_accessory_override
                0x20000b29                sys_rt_exec_state
                0x20000b2a                sys_probe_state
                0x20000b2c                sys_probe_position
                0x20000b38                sys_position
                0x20000b44                sys_rt_exec_alarm
                0x20000b45                sys_m6_state
 *fill*         0x20000b46        0x2 
 COMMON         0x20000b48       0xa4 ..\obj\gcode.o
                0x20000b48                gc_state
                0x20000b90                gc_block
 COMMON         0x20000bec      0x400 ..\obj\eeprom.o
                0x20000bec                EE_Buffer
 COMMON         0x20000fec        0x2 ..\obj\usb_istr.o
                0x20000fec                wIstr
 *fill*         0x20000fee        0x2 
 COMMON         0x20000ff0       0xa0 ..\obj\settings.o
                0x20000ff0                settings
 COMMON         0x20001090      0x274 ..\obj\serial.o
                0x20001090                serial_tx_buffer
                0x20001110                serial_rx_buffer
 COMMON         0x20001304        0x1 ..\obj\probe.o
                0x20001304                probe_invert_mask
 *fill*         0x20001305        0x3 
 COMMON         0x20001308        0x6 ..\obj\spindle_control.o
                0x20001308                pwm_gradient
                0x2000130c                time_base
 *fill*         0x2000130e        0x2 
 COMMON         0x20001310       0x32 ..\obj\usb_init.o
                0x20001310                SaveState
                0x20001314                pProperty
                0x20001318                EPindex
                0x2000131c                Device_Info
                0x20001338                pUser_Standard_Requests
                0x2000133c                pInformation
                0x20001340                wInterrupt_Mask
 COMMON         0x20001342        0x2 ..\obj\usb_core.o
                0x20001342                StatusInfo
 COMMON         0x20001344       0x40 ..\obj\usb_endp.o
                0x20001344                USB_Rx_Buffer
                0x20001384                . = ALIGN (0x4)
                0x20001384                __bss_end__ = .
                0x20001384                _ebss = __bss_end__

.heap           0x20001384        0x0
                0x20001384                __end__ = .
                0x20001384                _end = __end__
                0x20001384                end = __end__
 *(.heap*)
                0x20001384                __HeapLimit = .

.co_stack       0x20001384     0x1804 load address 0x0800bc5c
                0x20001388                . = ALIGN (0x8)
 *fill*         0x20001384        0x4 
 *(.co_stack .co_stack.*)
 .co_stack      0x20001388     0x1800 ..\obj\startup_stm32f10x_md.o
                0x20001388                pulStack
                0x20005000                __StackTop = (ORIGIN (ram) + LENGTH (ram))
                0x200037fc                __StackLimit = (__StackTop - SIZEOF (.co_stack))
                [!provide]                PROVIDE (__stack, __StackTop)
                0x00000001                ASSERT ((__StackLimit >= __HeapLimit), region ram  overflowed with stack)
LOAD ..\obj\stepper.o
LOAD ..\obj\misc.o
LOAD ..\obj\jog.o
LOAD ..\obj\protocol.o
LOAD ..\obj\usb_sil.o
LOAD ..\obj\nuts_bolts.o
LOAD ..\obj\startup_stm32f10x_md.o
LOAD ..\obj\stm32f10x_gpio.o
LOAD ..\obj\system_stm32f10x.o
LOAD ..\obj\usb_int.o
LOAD ..\obj\stm32f10x_rct.o
LOAD ..\obj\main.o
LOAD ..\obj\usb_pwr.o
LOAD ..\obj\stm32f10x_rcc.o
LOAD ..\obj\gcode.o
LOAD ..\obj\eeprom.o
LOAD ..\obj\usb_prop.o
LOAD ..\obj\usb_istr.o
LOAD ..\obj\planner.o
LOAD ..\obj\PID_C_stm32.o
LOAD ..\obj\settings.o
LOAD ..\obj\report.o
LOAD ..\obj\system.o
LOAD ..\obj\motion_control.o
LOAD ..\obj\usb_desc.o
LOAD ..\obj\hw_config.o
LOAD ..\obj\stm32f10x_tim.o
LOAD ..\obj\stm32f10x_spi.o
LOAD ..\obj\coolant_control.o
LOAD ..\obj\limits.o
LOAD ..\obj\serial.o
LOAD ..\obj\usb_mem.o
LOAD ..\obj\tool.o
LOAD ..\obj\probe.o
LOAD ..\obj\stm32f10x_usart.o
LOAD ..\obj\spindle_control.o
LOAD ..\obj\spi.o
LOAD ..\obj\stm32f10x_exti.o
LOAD ..\obj\usb_init.o
LOAD ..\obj\usb_core.o
LOAD ..\obj\stm32f10x_flash.o
LOAD ..\obj\print.o
LOAD ..\obj\usb_endp.o
LOAD ..\obj\usb_regs.o
LOAD ..\obj\stm32f10x_it.o
LOAD c:/program files (x86)/gnu tools arm embedded/7 2017-q4-major/bin/../lib/gcc/arm-none-eabi/7.2.1/../../../../arm-none-eabi/lib/thumb/v7-m\libm.a
START GROUP
LOAD c:/program files (x86)/gnu tools arm embedded/7 2017-q4-major/bin/../lib/gcc/arm-none-eabi/7.2.1/thumb/v7-m\libgcc.a
LOAD c:/program files (x86)/gnu tools arm embedded/7 2017-q4-major/bin/../lib/gcc/arm-none-eabi/7.2.1/../../../../arm-none-eabi/lib/thumb/v7-m\libg.a
LOAD c:/program files (x86)/gnu tools arm embedded/7 2017-q4-major/bin/../lib/gcc/arm-none-eabi/7.2.1/../../../../arm-none-eabi/lib/thumb/v7-m\libc.a
END GROUP
OUTPUT(stm32grbl.elf elf32-littlearm)

.comment        0x00000000       0x7e
 .comment       0x00000000       0x7e ..\obj\stepper.o
                                 0x7f (size before relaxing)
 .comment       0x0000007e       0x7f ..\obj\misc.o
 .comment       0x0000007e       0x7f ..\obj\jog.o
 .comment       0x0000007e       0x7f ..\obj\protocol.o
 .comment       0x0000007e       0x7f ..\obj\usb_sil.o
 .comment       0x0000007e       0x7f ..\obj\nuts_bolts.o
 .comment       0x0000007e       0x7f ..\obj\startup_stm32f10x_md.o
 .comment       0x0000007e       0x7f ..\obj\stm32f10x_gpio.o
 .comment       0x0000007e       0x7f ..\obj\system_stm32f10x.o
 .comment       0x0000007e       0x7f ..\obj\usb_int.o
 .comment       0x0000007e       0x7f ..\obj\main.o
 .comment       0x0000007e       0x7f ..\obj\usb_pwr.o
 .comment       0x0000007e       0x7f ..\obj\stm32f10x_rcc.o
 .comment       0x0000007e       0x7f ..\obj\gcode.o
 .comment       0x0000007e       0x7f ..\obj\eeprom.o
 .comment       0x0000007e       0x7f ..\obj\usb_prop.o
 .comment       0x0000007e       0x7f ..\obj\usb_istr.o
 .comment       0x0000007e       0x7f ..\obj\planner.o
 .comment       0x0000007e       0x7f ..\obj\settings.o
 .comment       0x0000007e       0x7f ..\obj\report.o
 .comment       0x0000007e       0x7f ..\obj\system.o
 .comment       0x0000007e       0x7f ..\obj\motion_control.o
 .comment       0x0000007e       0x7f ..\obj\usb_desc.o
 .comment       0x0000007e       0x7f ..\obj\hw_config.o
 .comment       0x0000007e       0x7f ..\obj\stm32f10x_tim.o
 .comment       0x0000007e       0x7f ..\obj\coolant_control.o
 .comment       0x0000007e       0x7f ..\obj\limits.o
 .comment       0x0000007e       0x7f ..\obj\serial.o
 .comment       0x0000007e       0x7f ..\obj\usb_mem.o
 .comment       0x0000007e       0x7f ..\obj\tool.o
 .comment       0x0000007e       0x7f ..\obj\probe.o
 .comment       0x0000007e       0x7f ..\obj\stm32f10x_usart.o
 .comment       0x0000007e       0x7f ..\obj\spindle_control.o
 .comment       0x0000007e       0x7f ..\obj\stm32f10x_exti.o
 .comment       0x0000007e       0x7f ..\obj\usb_init.o
 .comment       0x0000007e       0x7f ..\obj\usb_core.o
 .comment       0x0000007e       0x7f ..\obj\stm32f10x_flash.o
 .comment       0x0000007e       0x7f ..\obj\print.o
 .comment       0x0000007e       0x7f ..\obj\usb_endp.o
 .comment       0x0000007e       0x7f ..\obj\usb_regs.o
 .comment       0x0000007e       0x7f ..\obj\stm32f10x_it.o

.ARM.attributes
                0x00000000       0x33
 .ARM.attributes
                0x00000000       0x33 ..\obj\stepper.o
 .ARM.attributes
                0x00000033       0x33 ..\obj\misc.o
 .ARM.attributes
                0x00000066       0x33 ..\obj\jog.o
 .ARM.attributes
                0x00000099       0x33 ..\obj\protocol.o
 .ARM.attributes
                0x000000cc       0x33 ..\obj\usb_sil.o
 .ARM.attributes
                0x000000ff       0x33 ..\obj\nuts_bolts.o
 .ARM.attributes
                0x00000132       0x33 ..\obj\startup_stm32f10x_md.o
 .ARM.attributes
                0x00000165       0x33 ..\obj\stm32f10x_gpio.o
 .ARM.attributes
                0x00000198       0x33 ..\obj\system_stm32f10x.o
 .ARM.attributes
                0x000001cb       0x33 ..\obj\usb_int.o
 .ARM.attributes
                0x000001fe       0x33 ..\obj\main.o
 .ARM.attributes
                0x00000231       0x33 ..\obj\usb_pwr.o
 .ARM.attributes
                0x00000264       0x33 ..\obj\stm32f10x_rcc.o
 .ARM.attributes
                0x00000297       0x33 ..\obj\gcode.o
 .ARM.attributes
                0x000002ca       0x33 ..\obj\eeprom.o
 .ARM.attributes
                0x000002fd       0x33 ..\obj\usb_prop.o
 .ARM.attributes
                0x00000330       0x33 ..\obj\usb_istr.o
 .ARM.attributes
                0x00000363       0x33 ..\obj\planner.o
 .ARM.attributes
                0x00000396       0x33 ..\obj\settings.o
 .ARM.attributes
                0x000003c9       0x33 ..\obj\report.o
 .ARM.attributes
                0x000003fc       0x33 ..\obj\system.o
 .ARM.attributes
                0x0000042f       0x33 ..\obj\motion_control.o
 .ARM.attributes
                0x00000462       0x33 ..\obj\usb_desc.o
 .ARM.attributes
                0x00000495       0x33 ..\obj\hw_config.o
 .ARM.attributes
                0x000004c8       0x33 ..\obj\stm32f10x_tim.o
 .ARM.attributes
                0x000004fb       0x33 ..\obj\coolant_control.o
 .ARM.attributes
                0x0000052e       0x33 ..\obj\limits.o
 .ARM.attributes
                0x00000561       0x33 ..\obj\serial.o
 .ARM.attributes
                0x00000594       0x33 ..\obj\usb_mem.o
 .ARM.attributes
                0x000005c7       0x33 ..\obj\tool.o
 .ARM.attributes
                0x000005fa       0x33 ..\obj\probe.o
 .ARM.attributes
                0x0000062d       0x33 ..\obj\stm32f10x_usart.o
 .ARM.attributes
                0x00000660       0x33 ..\obj\spindle_control.o
 .ARM.attributes
                0x00000693       0x33 ..\obj\stm32f10x_exti.o
 .ARM.attributes
                0x000006c6       0x33 ..\obj\usb_init.o
 .ARM.attributes
                0x000006f9       0x33 ..\obj\usb_core.o
 .ARM.attributes
                0x0000072c       0x33 ..\obj\stm32f10x_flash.o
 .ARM.attributes
                0x0000075f       0x33 ..\obj\print.o
 .ARM.attributes
                0x00000792       0x33 ..\obj\usb_endp.o
 .ARM.attributes
                0x000007c5       0x33 ..\obj\usb_regs.o
 .ARM.attributes
                0x000007f8       0x33 ..\obj\stm32f10x_it.o
 .ARM.attributes
                0x0000082b       0x2d c:/program files (x86)/gnu tools arm embedded/7 2017-q4-major/bin/../lib/gcc/arm-none-eabi/7.2.1/../../../../arm-none-eabi/lib/thumb/v7-m\libm.a(lib_a-s_cos.o)
 .ARM.attributes
                0x00000858       0x2d c:/program files (x86)/gnu tools arm embedded/7 2017-q4-major/bin/../lib/gcc/arm-none-eabi/7.2.1/../../../../arm-none-eabi/lib/thumb/v7-m\libm.a(lib_a-s_lround.o)
 .ARM.attributes
                0x00000885       0x2d c:/program files (x86)/gnu tools arm embedded/7 2017-q4-major/bin/../lib/gcc/arm-none-eabi/7.2.1/../../../../arm-none-eabi/lib/thumb/v7-m\libm.a(lib_a-s_sin.o)
 .ARM.attributes
                0x000008b2       0x2d c:/program files (x86)/gnu tools arm embedded/7 2017-q4-major/bin/../lib/gcc/arm-none-eabi/7.2.1/../../../../arm-none-eabi/lib/thumb/v7-m\libm.a(lib_a-sf_ceil.o)
 .ARM.attributes
                0x000008df       0x2d c:/program files (x86)/gnu tools arm embedded/7 2017-q4-major/bin/../lib/gcc/arm-none-eabi/7.2.1/../../../../arm-none-eabi/lib/thumb/v7-m\libm.a(lib_a-sf_floor.o)
 .ARM.attributes
                0x0000090c       0x2d c:/program files (x86)/gnu tools arm embedded/7 2017-q4-major/bin/../lib/gcc/arm-none-eabi/7.2.1/../../../../arm-none-eabi/lib/thumb/v7-m\libm.a(lib_a-sf_lround.o)
 .ARM.attributes
                0x00000939       0x2d c:/program files (x86)/gnu tools arm embedded/7 2017-q4-major/bin/../lib/gcc/arm-none-eabi/7.2.1/../../../../arm-none-eabi/lib/thumb/v7-m\libm.a(lib_a-sf_trunc.o)
 .ARM.attributes
                0x00000966       0x2d c:/program files (x86)/gnu tools arm embedded/7 2017-q4-major/bin/../lib/gcc/arm-none-eabi/7.2.1/../../../../arm-none-eabi/lib/thumb/v7-m\libm.a(lib_a-w_atan2.o)
 .ARM.attributes
                0x00000993       0x2d c:/program files (x86)/gnu tools arm embedded/7 2017-q4-major/bin/../lib/gcc/arm-none-eabi/7.2.1/../../../../arm-none-eabi/lib/thumb/v7-m\libm.a(lib_a-w_sqrt.o)
 .ARM.attributes
                0x000009c0       0x2d c:/program files (x86)/gnu tools arm embedded/7 2017-q4-major/bin/../lib/gcc/arm-none-eabi/7.2.1/../../../../arm-none-eabi/lib/thumb/v7-m\libm.a(lib_a-wf_sqrt.o)
 .ARM.attributes
                0x000009ed       0x2d c:/program files (x86)/gnu tools arm embedded/7 2017-q4-major/bin/../lib/gcc/arm-none-eabi/7.2.1/../../../../arm-none-eabi/lib/thumb/v7-m\libm.a(lib_a-e_atan2.o)
 .ARM.attributes
                0x00000a1a       0x2d c:/program files (x86)/gnu tools arm embedded/7 2017-q4-major/bin/../lib/gcc/arm-none-eabi/7.2.1/../../../../arm-none-eabi/lib/thumb/v7-m\libm.a(lib_a-e_rem_pio2.o)
 .ARM.attributes
                0x00000a47       0x2d c:/program files (x86)/gnu tools arm embedded/7 2017-q4-major/bin/../lib/gcc/arm-none-eabi/7.2.1/../../../../arm-none-eabi/lib/thumb/v7-m\libm.a(lib_a-e_sqrt.o)
 .ARM.attributes
                0x00000a74       0x2d c:/program files (x86)/gnu tools arm embedded/7 2017-q4-major/bin/../lib/gcc/arm-none-eabi/7.2.1/../../../../arm-none-eabi/lib/thumb/v7-m\libm.a(lib_a-ef_sqrt.o)
 .ARM.attributes
                0x00000aa1       0x2d c:/program files (x86)/gnu tools arm embedded/7 2017-q4-major/bin/../lib/gcc/arm-none-eabi/7.2.1/../../../../arm-none-eabi/lib/thumb/v7-m\libm.a(lib_a-k_cos.o)
 .ARM.attributes
                0x00000ace       0x2d c:/program files (x86)/gnu tools arm embedded/7 2017-q4-major/bin/../lib/gcc/arm-none-eabi/7.2.1/../../../../arm-none-eabi/lib/thumb/v7-m\libm.a(lib_a-k_rem_pio2.o)
 .ARM.attributes
                0x00000afb       0x2d c:/program files (x86)/gnu tools arm embedded/7 2017-q4-major/bin/../lib/gcc/arm-none-eabi/7.2.1/../../../../arm-none-eabi/lib/thumb/v7-m\libm.a(lib_a-k_sin.o)
 .ARM.attributes
                0x00000b28       0x2d c:/program files (x86)/gnu tools arm embedded/7 2017-q4-major/bin/../lib/gcc/arm-none-eabi/7.2.1/../../../../arm-none-eabi/lib/thumb/v7-m\libm.a(lib_a-s_atan.o)
 .ARM.attributes
                0x00000b55       0x2d c:/program files (x86)/gnu tools arm embedded/7 2017-q4-major/bin/../lib/gcc/arm-none-eabi/7.2.1/../../../../arm-none-eabi/lib/thumb/v7-m\libm.a(lib_a-s_fabs.o)
 .ARM.attributes
                0x00000b82       0x2d c:/program files (x86)/gnu tools arm embedded/7 2017-q4-major/bin/../lib/gcc/arm-none-eabi/7.2.1/../../../../arm-none-eabi/lib/thumb/v7-m\libm.a(lib_a-s_floor.o)
 .ARM.attributes
                0x00000baf       0x2d c:/program files (x86)/gnu tools arm embedded/7 2017-q4-major/bin/../lib/gcc/arm-none-eabi/7.2.1/../../../../arm-none-eabi/lib/thumb/v7-m\libm.a(lib_a-s_lib_ver.o)
 .ARM.attributes
                0x00000bdc       0x2d c:/program files (x86)/gnu tools arm embedded/7 2017-q4-major/bin/../lib/gcc/arm-none-eabi/7.2.1/../../../../arm-none-eabi/lib/thumb/v7-m\libm.a(lib_a-s_matherr.o)
 .ARM.attributes
                0x00000c09       0x2d c:/program files (x86)/gnu tools arm embedded/7 2017-q4-major/bin/../lib/gcc/arm-none-eabi/7.2.1/../../../../arm-none-eabi/lib/thumb/v7-m\libm.a(lib_a-s_scalbn.o)
 .ARM.attributes
                0x00000c36       0x2d c:/program files (x86)/gnu tools arm embedded/7 2017-q4-major/bin/../lib/gcc/arm-none-eabi/7.2.1/../../../../arm-none-eabi/lib/thumb/v7-m\libm.a(lib_a-s_copysign.o)
 .ARM.attributes
                0x00000c63       0x1d c:/program files (x86)/gnu tools arm embedded/7 2017-q4-major/bin/../lib/gcc/arm-none-eabi/7.2.1/thumb/v7-m\libgcc.a(_arm_addsubdf3.o)
 .ARM.attributes
                0x00000c80       0x1d c:/program files (x86)/gnu tools arm embedded/7 2017-q4-major/bin/../lib/gcc/arm-none-eabi/7.2.1/thumb/v7-m\libgcc.a(_arm_muldivdf3.o)
 .ARM.attributes
                0x00000c9d       0x1d c:/program files (x86)/gnu tools arm embedded/7 2017-q4-major/bin/../lib/gcc/arm-none-eabi/7.2.1/thumb/v7-m\libgcc.a(_arm_cmpdf2.o)
 .ARM.attributes
                0x00000cba       0x1d c:/program files (x86)/gnu tools arm embedded/7 2017-q4-major/bin/../lib/gcc/arm-none-eabi/7.2.1/thumb/v7-m\libgcc.a(_arm_unorddf2.o)
 .ARM.attributes
                0x00000cd7       0x1d c:/program files (x86)/gnu tools arm embedded/7 2017-q4-major/bin/../lib/gcc/arm-none-eabi/7.2.1/thumb/v7-m\libgcc.a(_arm_fixdfsi.o)
 .ARM.attributes
                0x00000cf4       0x1d c:/program files (x86)/gnu tools arm embedded/7 2017-q4-major/bin/../lib/gcc/arm-none-eabi/7.2.1/thumb/v7-m\libgcc.a(_arm_truncdfsf2.o)
 .ARM.attributes
                0x00000d11       0x1d c:/program files (x86)/gnu tools arm embedded/7 2017-q4-major/bin/../lib/gcc/arm-none-eabi/7.2.1/thumb/v7-m\libgcc.a(_arm_addsubsf3.o)
 .ARM.attributes
                0x00000d2e       0x1d c:/program files (x86)/gnu tools arm embedded/7 2017-q4-major/bin/../lib/gcc/arm-none-eabi/7.2.1/thumb/v7-m\libgcc.a(_arm_muldivsf3.o)
 .ARM.attributes
                0x00000d4b       0x1d c:/program files (x86)/gnu tools arm embedded/7 2017-q4-major/bin/../lib/gcc/arm-none-eabi/7.2.1/thumb/v7-m\libgcc.a(_arm_cmpsf2.o)
 .ARM.attributes
                0x00000d68       0x1d c:/program files (x86)/gnu tools arm embedded/7 2017-q4-major/bin/../lib/gcc/arm-none-eabi/7.2.1/thumb/v7-m\libgcc.a(_arm_unordsf2.o)
 .ARM.attributes
                0x00000d85       0x1d c:/program files (x86)/gnu tools arm embedded/7 2017-q4-major/bin/../lib/gcc/arm-none-eabi/7.2.1/thumb/v7-m\libgcc.a(_arm_fixsfsi.o)
 .ARM.attributes
                0x00000da2       0x1d c:/program files (x86)/gnu tools arm embedded/7 2017-q4-major/bin/../lib/gcc/arm-none-eabi/7.2.1/thumb/v7-m\libgcc.a(_arm_fixunssfsi.o)
 .ARM.attributes
                0x00000dbf       0x2d c:/program files (x86)/gnu tools arm embedded/7 2017-q4-major/bin/../lib/gcc/arm-none-eabi/7.2.1/../../../../arm-none-eabi/lib/thumb/v7-m\libg.a(lib_a-errno.o)
 .ARM.attributes
                0x00000dec       0x2d c:/program files (x86)/gnu tools arm embedded/7 2017-q4-major/bin/../lib/gcc/arm-none-eabi/7.2.1/../../../../arm-none-eabi/lib/thumb/v7-m\libg.a(lib_a-impure.o)
 .ARM.attributes
                0x00000e19       0x2d c:/program files (x86)/gnu tools arm embedded/7 2017-q4-major/bin/../lib/gcc/arm-none-eabi/7.2.1/../../../../arm-none-eabi/lib/thumb/v7-m\libg.a(lib_a-memcmp.o)
 .ARM.attributes
                0x00000e46       0x2d c:/program files (x86)/gnu tools arm embedded/7 2017-q4-major/bin/../lib/gcc/arm-none-eabi/7.2.1/../../../../arm-none-eabi/lib/thumb/v7-m\libg.a(lib_a-memset.o)

.debug_frame    0x00000000      0x92c
 .debug_frame   0x00000000       0x38 c:/program files (x86)/gnu tools arm embedded/7 2017-q4-major/bin/../lib/gcc/arm-none-eabi/7.2.1/../../../../arm-none-eabi/lib/thumb/v7-m\libm.a(lib_a-s_cos.o)
 .debug_frame   0x00000038       0x2c c:/program files (x86)/gnu tools arm embedded/7 2017-q4-major/bin/../lib/gcc/arm-none-eabi/7.2.1/../../../../arm-none-eabi/lib/thumb/v7-m\libm.a(lib_a-s_lround.o)
 .debug_frame   0x00000064       0x38 c:/program files (x86)/gnu tools arm embedded/7 2017-q4-major/bin/../lib/gcc/arm-none-eabi/7.2.1/../../../../arm-none-eabi/lib/thumb/v7-m\libm.a(lib_a-s_sin.o)
 .debug_frame   0x0000009c       0x30 c:/program files (x86)/gnu tools arm embedded/7 2017-q4-major/bin/../lib/gcc/arm-none-eabi/7.2.1/../../../../arm-none-eabi/lib/thumb/v7-m\libm.a(lib_a-sf_ceil.o)
 .debug_frame   0x000000cc       0x30 c:/program files (x86)/gnu tools arm embedded/7 2017-q4-major/bin/../lib/gcc/arm-none-eabi/7.2.1/../../../../arm-none-eabi/lib/thumb/v7-m\libm.a(lib_a-sf_floor.o)
 .debug_frame   0x000000fc       0x28 c:/program files (x86)/gnu tools arm embedded/7 2017-q4-major/bin/../lib/gcc/arm-none-eabi/7.2.1/../../../../arm-none-eabi/lib/thumb/v7-m\libm.a(lib_a-sf_lround.o)
 .debug_frame   0x00000124       0x20 c:/program files (x86)/gnu tools arm embedded/7 2017-q4-major/bin/../lib/gcc/arm-none-eabi/7.2.1/../../../../arm-none-eabi/lib/thumb/v7-m\libm.a(lib_a-sf_trunc.o)
 .debug_frame   0x00000144       0x20 c:/program files (x86)/gnu tools arm embedded/7 2017-q4-major/bin/../lib/gcc/arm-none-eabi/7.2.1/../../../../arm-none-eabi/lib/thumb/v7-m\libm.a(lib_a-w_atan2.o)
 .debug_frame   0x00000164       0x44 c:/program files (x86)/gnu tools arm embedded/7 2017-q4-major/bin/../lib/gcc/arm-none-eabi/7.2.1/../../../../arm-none-eabi/lib/thumb/v7-m\libm.a(lib_a-w_sqrt.o)
 .debug_frame   0x000001a8       0x3c c:/program files (x86)/gnu tools arm embedded/7 2017-q4-major/bin/../lib/gcc/arm-none-eabi/7.2.1/../../../../arm-none-eabi/lib/thumb/v7-m\libm.a(lib_a-wf_sqrt.o)
 .debug_frame   0x000001e4       0x48 c:/program files (x86)/gnu tools arm embedded/7 2017-q4-major/bin/../lib/gcc/arm-none-eabi/7.2.1/../../../../arm-none-eabi/lib/thumb/v7-m\libm.a(lib_a-e_atan2.o)
 .debug_frame   0x0000022c       0x48 c:/program files (x86)/gnu tools arm embedded/7 2017-q4-major/bin/../lib/gcc/arm-none-eabi/7.2.1/../../../../arm-none-eabi/lib/thumb/v7-m\libm.a(lib_a-e_rem_pio2.o)
 .debug_frame   0x00000274       0x30 c:/program files (x86)/gnu tools arm embedded/7 2017-q4-major/bin/../lib/gcc/arm-none-eabi/7.2.1/../../../../arm-none-eabi/lib/thumb/v7-m\libm.a(lib_a-e_sqrt.o)
 .debug_frame   0x000002a4       0x30 c:/program files (x86)/gnu tools arm embedded/7 2017-q4-major/bin/../lib/gcc/arm-none-eabi/7.2.1/../../../../arm-none-eabi/lib/thumb/v7-m\libm.a(lib_a-ef_sqrt.o)
 .debug_frame   0x000002d4       0x4c c:/program files (x86)/gnu tools arm embedded/7 2017-q4-major/bin/../lib/gcc/arm-none-eabi/7.2.1/../../../../arm-none-eabi/lib/thumb/v7-m\libm.a(lib_a-k_cos.o)
 .debug_frame   0x00000320       0x58 c:/program files (x86)/gnu tools arm embedded/7 2017-q4-major/bin/../lib/gcc/arm-none-eabi/7.2.1/../../../../arm-none-eabi/lib/thumb/v7-m\libm.a(lib_a-k_rem_pio2.o)
 .debug_frame   0x00000378       0x48 c:/program files (x86)/gnu tools arm embedded/7 2017-q4-major/bin/../lib/gcc/arm-none-eabi/7.2.1/../../../../arm-none-eabi/lib/thumb/v7-m\libm.a(lib_a-k_sin.o)
 .debug_frame   0x000003c0       0x38 c:/program files (x86)/gnu tools arm embedded/7 2017-q4-major/bin/../lib/gcc/arm-none-eabi/7.2.1/../../../../arm-none-eabi/lib/thumb/v7-m\libm.a(lib_a-s_atan.o)
 .debug_frame   0x000003f8       0x20 c:/program files (x86)/gnu tools arm embedded/7 2017-q4-major/bin/../lib/gcc/arm-none-eabi/7.2.1/../../../../arm-none-eabi/lib/thumb/v7-m\libm.a(lib_a-s_fabs.o)
 .debug_frame   0x00000418       0x34 c:/program files (x86)/gnu tools arm embedded/7 2017-q4-major/bin/../lib/gcc/arm-none-eabi/7.2.1/../../../../arm-none-eabi/lib/thumb/v7-m\libm.a(lib_a-s_floor.o)
 .debug_frame   0x0000044c       0x20 c:/program files (x86)/gnu tools arm embedded/7 2017-q4-major/bin/../lib/gcc/arm-none-eabi/7.2.1/../../../../arm-none-eabi/lib/thumb/v7-m\libm.a(lib_a-s_matherr.o)
 .debug_frame   0x0000046c       0x30 c:/program files (x86)/gnu tools arm embedded/7 2017-q4-major/bin/../lib/gcc/arm-none-eabi/7.2.1/../../../../arm-none-eabi/lib/thumb/v7-m\libm.a(lib_a-s_scalbn.o)
 .debug_frame   0x0000049c       0x20 c:/program files (x86)/gnu tools arm embedded/7 2017-q4-major/bin/../lib/gcc/arm-none-eabi/7.2.1/../../../../arm-none-eabi/lib/thumb/v7-m\libm.a(lib_a-s_copysign.o)
 .debug_frame   0x000004bc       0xac c:/program files (x86)/gnu tools arm embedded/7 2017-q4-major/bin/../lib/gcc/arm-none-eabi/7.2.1/thumb/v7-m\libgcc.a(_arm_addsubdf3.o)
 .debug_frame   0x00000568       0x50 c:/program files (x86)/gnu tools arm embedded/7 2017-q4-major/bin/../lib/gcc/arm-none-eabi/7.2.1/thumb/v7-m\libgcc.a(_arm_muldivdf3.o)
 .debug_frame   0x000005b8       0xc4 c:/program files (x86)/gnu tools arm embedded/7 2017-q4-major/bin/../lib/gcc/arm-none-eabi/7.2.1/thumb/v7-m\libgcc.a(_arm_cmpdf2.o)
 .debug_frame   0x0000067c       0x20 c:/program files (x86)/gnu tools arm embedded/7 2017-q4-major/bin/../lib/gcc/arm-none-eabi/7.2.1/thumb/v7-m\libgcc.a(_arm_unorddf2.o)
 .debug_frame   0x0000069c       0x24 c:/program files (x86)/gnu tools arm embedded/7 2017-q4-major/bin/../lib/gcc/arm-none-eabi/7.2.1/thumb/v7-m\libgcc.a(_arm_fixdfsi.o)
 .debug_frame   0x000006c0       0x24 c:/program files (x86)/gnu tools arm embedded/7 2017-q4-major/bin/../lib/gcc/arm-none-eabi/7.2.1/thumb/v7-m\libgcc.a(_arm_truncdfsf2.o)
 .debug_frame   0x000006e4       0x4c c:/program files (x86)/gnu tools arm embedded/7 2017-q4-major/bin/../lib/gcc/arm-none-eabi/7.2.1/thumb/v7-m\libgcc.a(_arm_addsubsf3.o)
 .debug_frame   0x00000730       0x38 c:/program files (x86)/gnu tools arm embedded/7 2017-q4-major/bin/../lib/gcc/arm-none-eabi/7.2.1/thumb/v7-m\libgcc.a(_arm_muldivsf3.o)
 .debug_frame   0x00000768       0xc8 c:/program files (x86)/gnu tools arm embedded/7 2017-q4-major/bin/../lib/gcc/arm-none-eabi/7.2.1/thumb/v7-m\libgcc.a(_arm_cmpsf2.o)
 .debug_frame   0x00000830       0x24 c:/program files (x86)/gnu tools arm embedded/7 2017-q4-major/bin/../lib/gcc/arm-none-eabi/7.2.1/thumb/v7-m\libgcc.a(_arm_unordsf2.o)
 .debug_frame   0x00000854       0x24 c:/program files (x86)/gnu tools arm embedded/7 2017-q4-major/bin/../lib/gcc/arm-none-eabi/7.2.1/thumb/v7-m\libgcc.a(_arm_fixsfsi.o)
 .debug_frame   0x00000878       0x24 c:/program files (x86)/gnu tools arm embedded/7 2017-q4-major/bin/../lib/gcc/arm-none-eabi/7.2.1/thumb/v7-m\libgcc.a(_arm_fixunssfsi.o)
 .debug_frame   0x0000089c       0x20 c:/program files (x86)/gnu tools arm embedded/7 2017-q4-major/bin/../lib/gcc/arm-none-eabi/7.2.1/../../../../arm-none-eabi/lib/thumb/v7-m\libg.a(lib_a-errno.o)
 .debug_frame   0x000008bc       0x38 c:/program files (x86)/gnu tools arm embedded/7 2017-q4-major/bin/../lib/gcc/arm-none-eabi/7.2.1/../../../../arm-none-eabi/lib/thumb/v7-m\libg.a(lib_a-memcmp.o)
 .debug_frame   0x000008f4       0x38 c:/program files (x86)/gnu tools arm embedded/7 2017-q4-major/bin/../lib/gcc/arm-none-eabi/7.2.1/../../../../arm-none-eabi/lib/thumb/v7-m\libg.a(lib_a-memset.o)
